[2025-02-27T17:50:08.513+0000] {processor.py:157} INFO - Started process (PID=13697) to work on /home/vscode/.local/lib/python3.10/site-packages/airflow/example_dags/example_branch_operator_decorator.py
[2025-02-27T17:50:08.513+0000] {processor.py:826} INFO - Processing file /home/vscode/.local/lib/python3.10/site-packages/airflow/example_dags/example_branch_operator_decorator.py for tasks to queue
[2025-02-27T17:50:08.514+0000] {logging_mixin.py:150} INFO - [2025-02-27T17:50:08.514+0000] {dagbag.py:541} INFO - Filling up the DagBag from /home/vscode/.local/lib/python3.10/site-packages/airflow/example_dags/example_branch_operator_decorator.py
[2025-02-27T17:50:08.521+0000] {processor.py:836} INFO - DAG(s) dict_keys(['example_branch_python_operator_decorator']) retrieved from /home/vscode/.local/lib/python3.10/site-packages/airflow/example_dags/example_branch_operator_decorator.py
[2025-02-27T17:50:08.597+0000] {logging_mixin.py:150} INFO - [2025-02-27T17:50:08.597+0000] {manager.py:504} INFO - Created Permission View: can delete on DAG:example_branch_python_operator_decorator
[2025-02-27T17:50:08.606+0000] {logging_mixin.py:150} INFO - [2025-02-27T17:50:08.605+0000] {manager.py:504} INFO - Created Permission View: can read on DAG:example_branch_python_operator_decorator
[2025-02-27T17:50:08.612+0000] {logging_mixin.py:150} INFO - [2025-02-27T17:50:08.611+0000] {manager.py:504} INFO - Created Permission View: can edit on DAG:example_branch_python_operator_decorator
[2025-02-27T17:50:08.620+0000] {logging_mixin.py:150} INFO - [2025-02-27T17:50:08.620+0000] {dag.py:2742} INFO - Sync 1 DAGs
[2025-02-27T17:50:08.631+0000] {logging_mixin.py:150} INFO - [2025-02-27T17:50:08.630+0000] {dag.py:2763} INFO - Creating ORM DAG for example_branch_python_operator_decorator
[2025-02-27T17:50:08.641+0000] {logging_mixin.py:150} INFO - [2025-02-27T17:50:08.641+0000] {dag.py:3504} INFO - Setting next_dagrun for example_branch_python_operator_decorator to 2025-02-26T00:00:00+00:00, run_after=2025-02-27T00:00:00+00:00
[2025-02-27T17:50:08.669+0000] {processor.py:179} INFO - Processing /home/vscode/.local/lib/python3.10/site-packages/airflow/example_dags/example_branch_operator_decorator.py took 0.158 seconds
[2025-02-27T17:50:59.365+0000] {processor.py:157} INFO - Started process (PID=14087) to work on /home/vscode/.local/lib/python3.10/site-packages/airflow/example_dags/example_branch_operator_decorator.py
[2025-02-27T17:50:59.365+0000] {processor.py:826} INFO - Processing file /home/vscode/.local/lib/python3.10/site-packages/airflow/example_dags/example_branch_operator_decorator.py for tasks to queue
[2025-02-27T17:50:59.366+0000] {logging_mixin.py:150} INFO - [2025-02-27T17:50:59.366+0000] {dagbag.py:541} INFO - Filling up the DagBag from /home/vscode/.local/lib/python3.10/site-packages/airflow/example_dags/example_branch_operator_decorator.py
[2025-02-27T17:50:59.373+0000] {processor.py:836} INFO - DAG(s) dict_keys(['example_branch_python_operator_decorator']) retrieved from /home/vscode/.local/lib/python3.10/site-packages/airflow/example_dags/example_branch_operator_decorator.py
[2025-02-27T17:50:59.387+0000] {logging_mixin.py:150} INFO - [2025-02-27T17:50:59.387+0000] {dag.py:2742} INFO - Sync 1 DAGs
[2025-02-27T17:50:59.402+0000] {logging_mixin.py:150} INFO - [2025-02-27T17:50:59.402+0000] {dag.py:3504} INFO - Setting next_dagrun for example_branch_python_operator_decorator to 2025-02-26T00:00:00+00:00, run_after=2025-02-27T00:00:00+00:00
[2025-02-27T17:50:59.417+0000] {processor.py:179} INFO - Processing /home/vscode/.local/lib/python3.10/site-packages/airflow/example_dags/example_branch_operator_decorator.py took 0.054 seconds
[2025-02-27T17:53:29.747+0000] {processor.py:157} INFO - Started process (PID=15394) to work on /home/vscode/.local/lib/python3.10/site-packages/airflow/example_dags/example_branch_operator_decorator.py
[2025-02-27T17:53:29.747+0000] {processor.py:826} INFO - Processing file /home/vscode/.local/lib/python3.10/site-packages/airflow/example_dags/example_branch_operator_decorator.py for tasks to queue
[2025-02-27T17:53:29.748+0000] {logging_mixin.py:150} INFO - [2025-02-27T17:53:29.748+0000] {dagbag.py:541} INFO - Filling up the DagBag from /home/vscode/.local/lib/python3.10/site-packages/airflow/example_dags/example_branch_operator_decorator.py
[2025-02-27T17:53:29.755+0000] {processor.py:836} INFO - DAG(s) dict_keys(['example_branch_python_operator_decorator']) retrieved from /home/vscode/.local/lib/python3.10/site-packages/airflow/example_dags/example_branch_operator_decorator.py
[2025-02-27T17:53:29.768+0000] {logging_mixin.py:150} INFO - [2025-02-27T17:53:29.768+0000] {dag.py:2742} INFO - Sync 1 DAGs
[2025-02-27T17:53:29.783+0000] {logging_mixin.py:150} INFO - [2025-02-27T17:53:29.783+0000] {dag.py:3504} INFO - Setting next_dagrun for example_branch_python_operator_decorator to 2025-02-26T00:00:00+00:00, run_after=2025-02-27T00:00:00+00:00
[2025-02-27T17:53:29.797+0000] {processor.py:179} INFO - Processing /home/vscode/.local/lib/python3.10/site-packages/airflow/example_dags/example_branch_operator_decorator.py took 0.052 seconds
[2025-02-27T17:58:12.407+0000] {processor.py:157} INFO - Started process (PID=18818) to work on /home/vscode/.local/lib/python3.10/site-packages/airflow/example_dags/example_branch_operator_decorator.py
[2025-02-27T17:58:12.407+0000] {processor.py:826} INFO - Processing file /home/vscode/.local/lib/python3.10/site-packages/airflow/example_dags/example_branch_operator_decorator.py for tasks to queue
[2025-02-27T17:58:12.408+0000] {logging_mixin.py:150} INFO - [2025-02-27T17:58:12.408+0000] {dagbag.py:541} INFO - Filling up the DagBag from /home/vscode/.local/lib/python3.10/site-packages/airflow/example_dags/example_branch_operator_decorator.py
[2025-02-27T17:58:12.415+0000] {processor.py:836} INFO - DAG(s) dict_keys(['example_branch_python_operator_decorator']) retrieved from /home/vscode/.local/lib/python3.10/site-packages/airflow/example_dags/example_branch_operator_decorator.py
[2025-02-27T17:58:12.428+0000] {logging_mixin.py:150} INFO - [2025-02-27T17:58:12.428+0000] {dag.py:2742} INFO - Sync 1 DAGs
[2025-02-27T17:58:12.457+0000] {logging_mixin.py:150} INFO - [2025-02-27T17:58:12.457+0000] {dag.py:3504} INFO - Setting next_dagrun for example_branch_python_operator_decorator to 2025-02-26T00:00:00+00:00, run_after=2025-02-27T00:00:00+00:00
[2025-02-27T17:58:12.477+0000] {processor.py:179} INFO - Processing /home/vscode/.local/lib/python3.10/site-packages/airflow/example_dags/example_branch_operator_decorator.py took 0.072 seconds
[2025-02-27T17:58:57.601+0000] {processor.py:157} INFO - Started process (PID=19218) to work on /home/vscode/.local/lib/python3.10/site-packages/airflow/example_dags/example_branch_operator_decorator.py
[2025-02-27T17:58:57.607+0000] {processor.py:826} INFO - Processing file /home/vscode/.local/lib/python3.10/site-packages/airflow/example_dags/example_branch_operator_decorator.py for tasks to queue
[2025-02-27T17:58:57.608+0000] {logging_mixin.py:150} INFO - [2025-02-27T17:58:57.608+0000] {dagbag.py:541} INFO - Filling up the DagBag from /home/vscode/.local/lib/python3.10/site-packages/airflow/example_dags/example_branch_operator_decorator.py
[2025-02-27T17:58:57.625+0000] {processor.py:836} INFO - DAG(s) dict_keys(['example_branch_python_operator_decorator']) retrieved from /home/vscode/.local/lib/python3.10/site-packages/airflow/example_dags/example_branch_operator_decorator.py
[2025-02-27T17:58:57.668+0000] {logging_mixin.py:150} INFO - [2025-02-27T17:58:57.668+0000] {dag.py:2742} INFO - Sync 1 DAGs
[2025-02-27T17:58:57.704+0000] {logging_mixin.py:150} INFO - [2025-02-27T17:58:57.704+0000] {dag.py:3504} INFO - Setting next_dagrun for example_branch_python_operator_decorator to 2025-02-26T00:00:00+00:00, run_after=2025-02-27T00:00:00+00:00
[2025-02-27T17:58:57.727+0000] {processor.py:179} INFO - Processing /home/vscode/.local/lib/python3.10/site-packages/airflow/example_dags/example_branch_operator_decorator.py took 0.131 seconds
[2025-02-27T17:59:41.212+0000] {processor.py:157} INFO - Started process (PID=19695) to work on /home/vscode/.local/lib/python3.10/site-packages/airflow/example_dags/example_branch_operator_decorator.py
[2025-02-27T17:59:41.212+0000] {processor.py:826} INFO - Processing file /home/vscode/.local/lib/python3.10/site-packages/airflow/example_dags/example_branch_operator_decorator.py for tasks to queue
[2025-02-27T17:59:41.213+0000] {logging_mixin.py:150} INFO - [2025-02-27T17:59:41.213+0000] {dagbag.py:541} INFO - Filling up the DagBag from /home/vscode/.local/lib/python3.10/site-packages/airflow/example_dags/example_branch_operator_decorator.py
[2025-02-27T17:59:41.220+0000] {processor.py:836} INFO - DAG(s) dict_keys(['example_branch_python_operator_decorator']) retrieved from /home/vscode/.local/lib/python3.10/site-packages/airflow/example_dags/example_branch_operator_decorator.py
[2025-02-27T17:59:41.234+0000] {logging_mixin.py:150} INFO - [2025-02-27T17:59:41.234+0000] {dag.py:2742} INFO - Sync 1 DAGs
[2025-02-27T17:59:41.251+0000] {logging_mixin.py:150} INFO - [2025-02-27T17:59:41.250+0000] {dag.py:3504} INFO - Setting next_dagrun for example_branch_python_operator_decorator to 2025-02-26T00:00:00+00:00, run_after=2025-02-27T00:00:00+00:00
[2025-02-27T17:59:41.267+0000] {processor.py:179} INFO - Processing /home/vscode/.local/lib/python3.10/site-packages/airflow/example_dags/example_branch_operator_decorator.py took 0.058 seconds
[2025-02-27T18:00:25.904+0000] {processor.py:157} INFO - Started process (PID=20188) to work on /home/vscode/.local/lib/python3.10/site-packages/airflow/example_dags/example_branch_operator_decorator.py
[2025-02-27T18:00:25.905+0000] {processor.py:826} INFO - Processing file /home/vscode/.local/lib/python3.10/site-packages/airflow/example_dags/example_branch_operator_decorator.py for tasks to queue
[2025-02-27T18:00:25.905+0000] {logging_mixin.py:150} INFO - [2025-02-27T18:00:25.905+0000] {dagbag.py:541} INFO - Filling up the DagBag from /home/vscode/.local/lib/python3.10/site-packages/airflow/example_dags/example_branch_operator_decorator.py
[2025-02-27T18:00:25.912+0000] {processor.py:836} INFO - DAG(s) dict_keys(['example_branch_python_operator_decorator']) retrieved from /home/vscode/.local/lib/python3.10/site-packages/airflow/example_dags/example_branch_operator_decorator.py
[2025-02-27T18:00:25.925+0000] {logging_mixin.py:150} INFO - [2025-02-27T18:00:25.925+0000] {dag.py:2742} INFO - Sync 1 DAGs
[2025-02-27T18:00:25.940+0000] {logging_mixin.py:150} INFO - [2025-02-27T18:00:25.940+0000] {dag.py:3504} INFO - Setting next_dagrun for example_branch_python_operator_decorator to 2025-02-26T00:00:00+00:00, run_after=2025-02-27T00:00:00+00:00
[2025-02-27T18:00:25.955+0000] {processor.py:179} INFO - Processing /home/vscode/.local/lib/python3.10/site-packages/airflow/example_dags/example_branch_operator_decorator.py took 0.053 seconds
