[2025-02-27T17:50:07.377+0000] {processor.py:157} INFO - Started process (PID=13695) to work on /home/vscode/.local/lib/python3.10/site-packages/airflow/example_dags/example_kubernetes_executor.py
[2025-02-27T17:50:07.378+0000] {processor.py:826} INFO - Processing file /home/vscode/.local/lib/python3.10/site-packages/airflow/example_dags/example_kubernetes_executor.py for tasks to queue
[2025-02-27T17:50:07.379+0000] {logging_mixin.py:150} INFO - [2025-02-27T17:50:07.378+0000] {dagbag.py:541} INFO - Filling up the DagBag from /home/vscode/.local/lib/python3.10/site-packages/airflow/example_dags/example_kubernetes_executor.py
[2025-02-27T17:50:07.381+0000] {logging_mixin.py:150} INFO - [2025-02-27T17:50:07.381+0000] {example_kubernetes_executor.py:41} WARNING - The example_kubernetes_executor example DAG requires the kubernetes provider. Please install it with: pip install apache-airflow[cncf.kubernetes]
[2025-02-27T17:50:07.381+0000] {processor.py:838} WARNING - No viable dags retrieved from /home/vscode/.local/lib/python3.10/site-packages/airflow/example_dags/example_kubernetes_executor.py
[2025-02-27T17:50:07.391+0000] {processor.py:179} INFO - Processing /home/vscode/.local/lib/python3.10/site-packages/airflow/example_dags/example_kubernetes_executor.py took 0.016 seconds
[2025-02-27T17:50:58.236+0000] {processor.py:157} INFO - Started process (PID=14078) to work on /home/vscode/.local/lib/python3.10/site-packages/airflow/example_dags/example_kubernetes_executor.py
[2025-02-27T17:50:58.237+0000] {processor.py:826} INFO - Processing file /home/vscode/.local/lib/python3.10/site-packages/airflow/example_dags/example_kubernetes_executor.py for tasks to queue
[2025-02-27T17:50:58.238+0000] {logging_mixin.py:150} INFO - [2025-02-27T17:50:58.238+0000] {dagbag.py:541} INFO - Filling up the DagBag from /home/vscode/.local/lib/python3.10/site-packages/airflow/example_dags/example_kubernetes_executor.py
[2025-02-27T17:50:58.240+0000] {logging_mixin.py:150} INFO - [2025-02-27T17:50:58.240+0000] {example_kubernetes_executor.py:41} WARNING - The example_kubernetes_executor example DAG requires the kubernetes provider. Please install it with: pip install apache-airflow[cncf.kubernetes]
[2025-02-27T17:50:58.240+0000] {processor.py:838} WARNING - No viable dags retrieved from /home/vscode/.local/lib/python3.10/site-packages/airflow/example_dags/example_kubernetes_executor.py
[2025-02-27T17:50:58.248+0000] {processor.py:179} INFO - Processing /home/vscode/.local/lib/python3.10/site-packages/airflow/example_dags/example_kubernetes_executor.py took 0.014 seconds
[2025-02-27T17:53:29.569+0000] {processor.py:157} INFO - Started process (PID=15392) to work on /home/vscode/.local/lib/python3.10/site-packages/airflow/example_dags/example_kubernetes_executor.py
[2025-02-27T17:53:29.569+0000] {processor.py:826} INFO - Processing file /home/vscode/.local/lib/python3.10/site-packages/airflow/example_dags/example_kubernetes_executor.py for tasks to queue
[2025-02-27T17:53:29.570+0000] {logging_mixin.py:150} INFO - [2025-02-27T17:53:29.570+0000] {dagbag.py:541} INFO - Filling up the DagBag from /home/vscode/.local/lib/python3.10/site-packages/airflow/example_dags/example_kubernetes_executor.py
[2025-02-27T17:53:29.572+0000] {logging_mixin.py:150} INFO - [2025-02-27T17:53:29.572+0000] {example_kubernetes_executor.py:41} WARNING - The example_kubernetes_executor example DAG requires the kubernetes provider. Please install it with: pip install apache-airflow[cncf.kubernetes]
[2025-02-27T17:53:29.572+0000] {processor.py:838} WARNING - No viable dags retrieved from /home/vscode/.local/lib/python3.10/site-packages/airflow/example_dags/example_kubernetes_executor.py
[2025-02-27T17:53:29.579+0000] {processor.py:179} INFO - Processing /home/vscode/.local/lib/python3.10/site-packages/airflow/example_dags/example_kubernetes_executor.py took 0.012 seconds
[2025-02-27T17:58:11.269+0000] {processor.py:157} INFO - Started process (PID=18810) to work on /home/vscode/.local/lib/python3.10/site-packages/airflow/example_dags/example_kubernetes_executor.py
[2025-02-27T17:58:11.270+0000] {processor.py:826} INFO - Processing file /home/vscode/.local/lib/python3.10/site-packages/airflow/example_dags/example_kubernetes_executor.py for tasks to queue
[2025-02-27T17:58:11.271+0000] {logging_mixin.py:150} INFO - [2025-02-27T17:58:11.271+0000] {dagbag.py:541} INFO - Filling up the DagBag from /home/vscode/.local/lib/python3.10/site-packages/airflow/example_dags/example_kubernetes_executor.py
[2025-02-27T17:58:11.274+0000] {logging_mixin.py:150} INFO - [2025-02-27T17:58:11.273+0000] {example_kubernetes_executor.py:41} WARNING - The example_kubernetes_executor example DAG requires the kubernetes provider. Please install it with: pip install apache-airflow[cncf.kubernetes]
[2025-02-27T17:58:11.274+0000] {processor.py:838} WARNING - No viable dags retrieved from /home/vscode/.local/lib/python3.10/site-packages/airflow/example_dags/example_kubernetes_executor.py
[2025-02-27T17:58:11.281+0000] {processor.py:179} INFO - Processing /home/vscode/.local/lib/python3.10/site-packages/airflow/example_dags/example_kubernetes_executor.py took 0.013 seconds
[2025-02-27T17:58:56.437+0000] {processor.py:157} INFO - Started process (PID=19203) to work on /home/vscode/.local/lib/python3.10/site-packages/airflow/example_dags/example_kubernetes_executor.py
[2025-02-27T17:58:56.438+0000] {processor.py:826} INFO - Processing file /home/vscode/.local/lib/python3.10/site-packages/airflow/example_dags/example_kubernetes_executor.py for tasks to queue
[2025-02-27T17:58:56.439+0000] {logging_mixin.py:150} INFO - [2025-02-27T17:58:56.438+0000] {dagbag.py:541} INFO - Filling up the DagBag from /home/vscode/.local/lib/python3.10/site-packages/airflow/example_dags/example_kubernetes_executor.py
[2025-02-27T17:58:56.442+0000] {logging_mixin.py:150} INFO - [2025-02-27T17:58:56.442+0000] {example_kubernetes_executor.py:41} WARNING - The example_kubernetes_executor example DAG requires the kubernetes provider. Please install it with: pip install apache-airflow[cncf.kubernetes]
[2025-02-27T17:58:56.442+0000] {processor.py:838} WARNING - No viable dags retrieved from /home/vscode/.local/lib/python3.10/site-packages/airflow/example_dags/example_kubernetes_executor.py
[2025-02-27T17:58:56.450+0000] {processor.py:179} INFO - Processing /home/vscode/.local/lib/python3.10/site-packages/airflow/example_dags/example_kubernetes_executor.py took 0.015 seconds
[2025-02-27T17:59:40.077+0000] {processor.py:157} INFO - Started process (PID=19687) to work on /home/vscode/.local/lib/python3.10/site-packages/airflow/example_dags/example_kubernetes_executor.py
[2025-02-27T17:59:40.077+0000] {processor.py:826} INFO - Processing file /home/vscode/.local/lib/python3.10/site-packages/airflow/example_dags/example_kubernetes_executor.py for tasks to queue
[2025-02-27T17:59:40.078+0000] {logging_mixin.py:150} INFO - [2025-02-27T17:59:40.078+0000] {dagbag.py:541} INFO - Filling up the DagBag from /home/vscode/.local/lib/python3.10/site-packages/airflow/example_dags/example_kubernetes_executor.py
[2025-02-27T17:59:40.080+0000] {logging_mixin.py:150} INFO - [2025-02-27T17:59:40.080+0000] {example_kubernetes_executor.py:41} WARNING - The example_kubernetes_executor example DAG requires the kubernetes provider. Please install it with: pip install apache-airflow[cncf.kubernetes]
[2025-02-27T17:59:40.081+0000] {processor.py:838} WARNING - No viable dags retrieved from /home/vscode/.local/lib/python3.10/site-packages/airflow/example_dags/example_kubernetes_executor.py
[2025-02-27T17:59:40.088+0000] {processor.py:179} INFO - Processing /home/vscode/.local/lib/python3.10/site-packages/airflow/example_dags/example_kubernetes_executor.py took 0.013 seconds
[2025-02-27T18:00:24.771+0000] {processor.py:157} INFO - Started process (PID=20176) to work on /home/vscode/.local/lib/python3.10/site-packages/airflow/example_dags/example_kubernetes_executor.py
[2025-02-27T18:00:24.772+0000] {processor.py:826} INFO - Processing file /home/vscode/.local/lib/python3.10/site-packages/airflow/example_dags/example_kubernetes_executor.py for tasks to queue
[2025-02-27T18:00:24.773+0000] {logging_mixin.py:150} INFO - [2025-02-27T18:00:24.773+0000] {dagbag.py:541} INFO - Filling up the DagBag from /home/vscode/.local/lib/python3.10/site-packages/airflow/example_dags/example_kubernetes_executor.py
[2025-02-27T18:00:24.775+0000] {logging_mixin.py:150} INFO - [2025-02-27T18:00:24.775+0000] {example_kubernetes_executor.py:41} WARNING - The example_kubernetes_executor example DAG requires the kubernetes provider. Please install it with: pip install apache-airflow[cncf.kubernetes]
[2025-02-27T18:00:24.776+0000] {processor.py:838} WARNING - No viable dags retrieved from /home/vscode/.local/lib/python3.10/site-packages/airflow/example_dags/example_kubernetes_executor.py
[2025-02-27T18:00:24.784+0000] {processor.py:179} INFO - Processing /home/vscode/.local/lib/python3.10/site-packages/airflow/example_dags/example_kubernetes_executor.py took 0.015 seconds
