[2025-02-27T17:49:41.662+0000] {processor.py:157} INFO - Started process (PID=13520) to work on /home/vscode/.local/lib/python3.10/site-packages/airflow/example_dags/example_short_circuit_operator.py
[2025-02-27T17:49:41.663+0000] {processor.py:826} INFO - Processing file /home/vscode/.local/lib/python3.10/site-packages/airflow/example_dags/example_short_circuit_operator.py for tasks to queue
[2025-02-27T17:49:41.663+0000] {logging_mixin.py:150} INFO - [2025-02-27T17:49:41.663+0000] {dagbag.py:541} INFO - Filling up the DagBag from /home/vscode/.local/lib/python3.10/site-packages/airflow/example_dags/example_short_circuit_operator.py
[2025-02-27T17:49:41.669+0000] {processor.py:836} INFO - DAG(s) dict_keys(['example_short_circuit_operator']) retrieved from /home/vscode/.local/lib/python3.10/site-packages/airflow/example_dags/example_short_circuit_operator.py
[2025-02-27T17:49:41.850+0000] {logging_mixin.py:150} INFO - [2025-02-27T17:49:41.850+0000] {manager.py:504} INFO - Created Permission View: can delete on DAG:example_short_circuit_operator
[2025-02-27T17:49:41.859+0000] {logging_mixin.py:150} INFO - [2025-02-27T17:49:41.858+0000] {manager.py:504} INFO - Created Permission View: can read on DAG:example_short_circuit_operator
[2025-02-27T17:49:41.865+0000] {logging_mixin.py:150} INFO - [2025-02-27T17:49:41.865+0000] {manager.py:504} INFO - Created Permission View: can edit on DAG:example_short_circuit_operator
[2025-02-27T17:49:41.873+0000] {logging_mixin.py:150} INFO - [2025-02-27T17:49:41.873+0000] {dag.py:2742} INFO - Sync 1 DAGs
[2025-02-27T17:49:41.881+0000] {logging_mixin.py:150} INFO - [2025-02-27T17:49:41.881+0000] {dag.py:2763} INFO - Creating ORM DAG for example_short_circuit_operator
[2025-02-27T17:49:41.887+0000] {logging_mixin.py:150} INFO - [2025-02-27T17:49:41.887+0000] {dag.py:3504} INFO - Setting next_dagrun for example_short_circuit_operator to 2025-02-26T17:49:41.887261+00:00, run_after=2025-02-27T17:49:41.887261+00:00
[2025-02-27T17:49:41.904+0000] {processor.py:179} INFO - Processing /home/vscode/.local/lib/python3.10/site-packages/airflow/example_dags/example_short_circuit_operator.py took 0.243 seconds
[2025-02-27T17:50:32.303+0000] {processor.py:157} INFO - Started process (PID=13896) to work on /home/vscode/.local/lib/python3.10/site-packages/airflow/example_dags/example_short_circuit_operator.py
[2025-02-27T17:50:32.304+0000] {processor.py:826} INFO - Processing file /home/vscode/.local/lib/python3.10/site-packages/airflow/example_dags/example_short_circuit_operator.py for tasks to queue
[2025-02-27T17:50:32.305+0000] {logging_mixin.py:150} INFO - [2025-02-27T17:50:32.304+0000] {dagbag.py:541} INFO - Filling up the DagBag from /home/vscode/.local/lib/python3.10/site-packages/airflow/example_dags/example_short_circuit_operator.py
[2025-02-27T17:50:32.311+0000] {processor.py:836} INFO - DAG(s) dict_keys(['example_short_circuit_operator']) retrieved from /home/vscode/.local/lib/python3.10/site-packages/airflow/example_dags/example_short_circuit_operator.py
[2025-02-27T17:50:32.324+0000] {logging_mixin.py:150} INFO - [2025-02-27T17:50:32.324+0000] {dag.py:2742} INFO - Sync 1 DAGs
[2025-02-27T17:50:32.339+0000] {logging_mixin.py:150} INFO - [2025-02-27T17:50:32.339+0000] {dag.py:3504} INFO - Setting next_dagrun for example_short_circuit_operator to 2025-02-26T17:50:32.339415+00:00, run_after=2025-02-27T17:50:32.339415+00:00
[2025-02-27T17:50:32.396+0000] {processor.py:179} INFO - Processing /home/vscode/.local/lib/python3.10/site-packages/airflow/example_dags/example_short_circuit_operator.py took 0.095 seconds
[2025-02-27T17:53:06.010+0000] {processor.py:157} INFO - Started process (PID=15218) to work on /home/vscode/.local/lib/python3.10/site-packages/airflow/example_dags/example_short_circuit_operator.py
[2025-02-27T17:53:06.010+0000] {processor.py:826} INFO - Processing file /home/vscode/.local/lib/python3.10/site-packages/airflow/example_dags/example_short_circuit_operator.py for tasks to queue
[2025-02-27T17:53:06.011+0000] {logging_mixin.py:150} INFO - [2025-02-27T17:53:06.011+0000] {dagbag.py:541} INFO - Filling up the DagBag from /home/vscode/.local/lib/python3.10/site-packages/airflow/example_dags/example_short_circuit_operator.py
[2025-02-27T17:53:06.018+0000] {processor.py:836} INFO - DAG(s) dict_keys(['example_short_circuit_operator']) retrieved from /home/vscode/.local/lib/python3.10/site-packages/airflow/example_dags/example_short_circuit_operator.py
[2025-02-27T17:53:06.033+0000] {logging_mixin.py:150} INFO - [2025-02-27T17:53:06.032+0000] {dag.py:2742} INFO - Sync 1 DAGs
[2025-02-27T17:53:06.141+0000] {logging_mixin.py:150} INFO - [2025-02-27T17:53:06.141+0000] {dag.py:3504} INFO - Setting next_dagrun for example_short_circuit_operator to 2025-02-26T17:53:06.141508+00:00, run_after=2025-02-27T17:53:06.141508+00:00
[2025-02-27T17:53:06.162+0000] {processor.py:179} INFO - Processing /home/vscode/.local/lib/python3.10/site-packages/airflow/example_dags/example_short_circuit_operator.py took 0.155 seconds
[2025-02-27T17:57:47.729+0000] {processor.py:157} INFO - Started process (PID=18649) to work on /home/vscode/.local/lib/python3.10/site-packages/airflow/example_dags/example_short_circuit_operator.py
[2025-02-27T17:57:47.730+0000] {processor.py:826} INFO - Processing file /home/vscode/.local/lib/python3.10/site-packages/airflow/example_dags/example_short_circuit_operator.py for tasks to queue
[2025-02-27T17:57:47.731+0000] {logging_mixin.py:150} INFO - [2025-02-27T17:57:47.731+0000] {dagbag.py:541} INFO - Filling up the DagBag from /home/vscode/.local/lib/python3.10/site-packages/airflow/example_dags/example_short_circuit_operator.py
[2025-02-27T17:57:47.737+0000] {processor.py:836} INFO - DAG(s) dict_keys(['example_short_circuit_operator']) retrieved from /home/vscode/.local/lib/python3.10/site-packages/airflow/example_dags/example_short_circuit_operator.py
[2025-02-27T17:57:47.753+0000] {logging_mixin.py:150} INFO - [2025-02-27T17:57:47.752+0000] {dag.py:2742} INFO - Sync 1 DAGs
[2025-02-27T17:57:47.872+0000] {logging_mixin.py:150} INFO - [2025-02-27T17:57:47.872+0000] {dag.py:3504} INFO - Setting next_dagrun for example_short_circuit_operator to 2025-02-26T17:57:47.872423+00:00, run_after=2025-02-27T17:57:47.872423+00:00
[2025-02-27T17:57:47.889+0000] {processor.py:179} INFO - Processing /home/vscode/.local/lib/python3.10/site-packages/airflow/example_dags/example_short_circuit_operator.py took 0.162 seconds
[2025-02-27T17:58:32.889+0000] {processor.py:157} INFO - Started process (PID=18999) to work on /home/vscode/.local/lib/python3.10/site-packages/airflow/example_dags/example_short_circuit_operator.py
[2025-02-27T17:58:32.890+0000] {processor.py:826} INFO - Processing file /home/vscode/.local/lib/python3.10/site-packages/airflow/example_dags/example_short_circuit_operator.py for tasks to queue
[2025-02-27T17:58:32.891+0000] {logging_mixin.py:150} INFO - [2025-02-27T17:58:32.890+0000] {dagbag.py:541} INFO - Filling up the DagBag from /home/vscode/.local/lib/python3.10/site-packages/airflow/example_dags/example_short_circuit_operator.py
[2025-02-27T17:58:32.897+0000] {processor.py:836} INFO - DAG(s) dict_keys(['example_short_circuit_operator']) retrieved from /home/vscode/.local/lib/python3.10/site-packages/airflow/example_dags/example_short_circuit_operator.py
[2025-02-27T17:58:32.910+0000] {logging_mixin.py:150} INFO - [2025-02-27T17:58:32.909+0000] {dag.py:2742} INFO - Sync 1 DAGs
[2025-02-27T17:58:32.924+0000] {logging_mixin.py:150} INFO - [2025-02-27T17:58:32.924+0000] {dag.py:3504} INFO - Setting next_dagrun for example_short_circuit_operator to 2025-02-26T17:58:32.923859+00:00, run_after=2025-02-27T17:58:32.923859+00:00
[2025-02-27T17:58:32.940+0000] {processor.py:179} INFO - Processing /home/vscode/.local/lib/python3.10/site-packages/airflow/example_dags/example_short_circuit_operator.py took 0.053 seconds
[2025-02-27T17:59:18.139+0000] {processor.py:157} INFO - Started process (PID=19453) to work on /home/vscode/.local/lib/python3.10/site-packages/airflow/example_dags/example_short_circuit_operator.py
[2025-02-27T17:59:18.140+0000] {processor.py:826} INFO - Processing file /home/vscode/.local/lib/python3.10/site-packages/airflow/example_dags/example_short_circuit_operator.py for tasks to queue
[2025-02-27T17:59:18.140+0000] {logging_mixin.py:150} INFO - [2025-02-27T17:59:18.140+0000] {dagbag.py:541} INFO - Filling up the DagBag from /home/vscode/.local/lib/python3.10/site-packages/airflow/example_dags/example_short_circuit_operator.py
[2025-02-27T17:59:18.147+0000] {processor.py:836} INFO - DAG(s) dict_keys(['example_short_circuit_operator']) retrieved from /home/vscode/.local/lib/python3.10/site-packages/airflow/example_dags/example_short_circuit_operator.py
[2025-02-27T17:59:18.160+0000] {logging_mixin.py:150} INFO - [2025-02-27T17:59:18.160+0000] {dag.py:2742} INFO - Sync 1 DAGs
[2025-02-27T17:59:18.174+0000] {logging_mixin.py:150} INFO - [2025-02-27T17:59:18.174+0000] {dag.py:3504} INFO - Setting next_dagrun for example_short_circuit_operator to 2025-02-26T17:59:18.174529+00:00, run_after=2025-02-27T17:59:18.174529+00:00
[2025-02-27T17:59:18.190+0000] {processor.py:179} INFO - Processing /home/vscode/.local/lib/python3.10/site-packages/airflow/example_dags/example_short_circuit_operator.py took 0.053 seconds
[2025-02-27T18:00:01.480+0000] {processor.py:157} INFO - Started process (PID=19905) to work on /home/vscode/.local/lib/python3.10/site-packages/airflow/example_dags/example_short_circuit_operator.py
[2025-02-27T18:00:01.480+0000] {processor.py:826} INFO - Processing file /home/vscode/.local/lib/python3.10/site-packages/airflow/example_dags/example_short_circuit_operator.py for tasks to queue
[2025-02-27T18:00:01.481+0000] {logging_mixin.py:150} INFO - [2025-02-27T18:00:01.481+0000] {dagbag.py:541} INFO - Filling up the DagBag from /home/vscode/.local/lib/python3.10/site-packages/airflow/example_dags/example_short_circuit_operator.py
[2025-02-27T18:00:01.487+0000] {processor.py:836} INFO - DAG(s) dict_keys(['example_short_circuit_operator']) retrieved from /home/vscode/.local/lib/python3.10/site-packages/airflow/example_dags/example_short_circuit_operator.py
[2025-02-27T18:00:01.500+0000] {logging_mixin.py:150} INFO - [2025-02-27T18:00:01.500+0000] {dag.py:2742} INFO - Sync 1 DAGs
[2025-02-27T18:00:01.514+0000] {logging_mixin.py:150} INFO - [2025-02-27T18:00:01.514+0000] {dag.py:3504} INFO - Setting next_dagrun for example_short_circuit_operator to 2025-02-26T18:00:01.514604+00:00, run_after=2025-02-27T18:00:01.514604+00:00
[2025-02-27T18:00:01.530+0000] {processor.py:179} INFO - Processing /home/vscode/.local/lib/python3.10/site-packages/airflow/example_dags/example_short_circuit_operator.py took 0.053 seconds
