[2025-02-27T17:49:53.486+0000] {processor.py:157} INFO - Started process (PID=13603) to work on /home/vscode/.local/lib/python3.10/site-packages/airflow/example_dags/example_nested_branch_dag.py
[2025-02-27T17:49:53.486+0000] {processor.py:826} INFO - Processing file /home/vscode/.local/lib/python3.10/site-packages/airflow/example_dags/example_nested_branch_dag.py for tasks to queue
[2025-02-27T17:49:53.487+0000] {logging_mixin.py:150} INFO - [2025-02-27T17:49:53.486+0000] {dagbag.py:541} INFO - Filling up the DagBag from /home/vscode/.local/lib/python3.10/site-packages/airflow/example_dags/example_nested_branch_dag.py
[2025-02-27T17:49:53.495+0000] {processor.py:836} INFO - DAG(s) dict_keys(['example_nested_branch_dag']) retrieved from /home/vscode/.local/lib/python3.10/site-packages/airflow/example_dags/example_nested_branch_dag.py
[2025-02-27T17:49:53.652+0000] {logging_mixin.py:150} INFO - [2025-02-27T17:49:53.652+0000] {manager.py:504} INFO - Created Permission View: can delete on DAG:example_nested_branch_dag
[2025-02-27T17:49:53.662+0000] {logging_mixin.py:150} INFO - [2025-02-27T17:49:53.662+0000] {manager.py:504} INFO - Created Permission View: can read on DAG:example_nested_branch_dag
[2025-02-27T17:49:53.668+0000] {logging_mixin.py:150} INFO - [2025-02-27T17:49:53.668+0000] {manager.py:504} INFO - Created Permission View: can edit on DAG:example_nested_branch_dag
[2025-02-27T17:49:53.676+0000] {logging_mixin.py:150} INFO - [2025-02-27T17:49:53.676+0000] {dag.py:2742} INFO - Sync 1 DAGs
[2025-02-27T17:49:53.682+0000] {logging_mixin.py:150} INFO - [2025-02-27T17:49:53.682+0000] {dag.py:2763} INFO - Creating ORM DAG for example_nested_branch_dag
[2025-02-27T17:49:53.689+0000] {logging_mixin.py:150} INFO - [2025-02-27T17:49:53.689+0000] {dag.py:3504} INFO - Setting next_dagrun for example_nested_branch_dag to 2025-02-26T00:00:00+00:00, run_after=2025-02-27T00:00:00+00:00
[2025-02-27T17:49:53.705+0000] {processor.py:179} INFO - Processing /home/vscode/.local/lib/python3.10/site-packages/airflow/example_dags/example_nested_branch_dag.py took 0.221 seconds
[2025-02-27T17:50:41.566+0000] {processor.py:157} INFO - Started process (PID=13954) to work on /home/vscode/.local/lib/python3.10/site-packages/airflow/example_dags/example_nested_branch_dag.py
[2025-02-27T17:50:41.567+0000] {processor.py:826} INFO - Processing file /home/vscode/.local/lib/python3.10/site-packages/airflow/example_dags/example_nested_branch_dag.py for tasks to queue
[2025-02-27T17:50:41.567+0000] {logging_mixin.py:150} INFO - [2025-02-27T17:50:41.567+0000] {dagbag.py:541} INFO - Filling up the DagBag from /home/vscode/.local/lib/python3.10/site-packages/airflow/example_dags/example_nested_branch_dag.py
[2025-02-27T17:50:41.575+0000] {processor.py:836} INFO - DAG(s) dict_keys(['example_nested_branch_dag']) retrieved from /home/vscode/.local/lib/python3.10/site-packages/airflow/example_dags/example_nested_branch_dag.py
[2025-02-27T17:50:41.587+0000] {logging_mixin.py:150} INFO - [2025-02-27T17:50:41.587+0000] {dag.py:2742} INFO - Sync 1 DAGs
[2025-02-27T17:50:41.603+0000] {logging_mixin.py:150} INFO - [2025-02-27T17:50:41.603+0000] {dag.py:3504} INFO - Setting next_dagrun for example_nested_branch_dag to 2025-02-26T00:00:00+00:00, run_after=2025-02-27T00:00:00+00:00
[2025-02-27T17:50:41.619+0000] {processor.py:179} INFO - Processing /home/vscode/.local/lib/python3.10/site-packages/airflow/example_dags/example_nested_branch_dag.py took 0.054 seconds
[2025-02-27T17:53:17.720+0000] {processor.py:157} INFO - Started process (PID=15295) to work on /home/vscode/.local/lib/python3.10/site-packages/airflow/example_dags/example_nested_branch_dag.py
[2025-02-27T17:53:17.720+0000] {processor.py:826} INFO - Processing file /home/vscode/.local/lib/python3.10/site-packages/airflow/example_dags/example_nested_branch_dag.py for tasks to queue
[2025-02-27T17:53:17.721+0000] {logging_mixin.py:150} INFO - [2025-02-27T17:53:17.721+0000] {dagbag.py:541} INFO - Filling up the DagBag from /home/vscode/.local/lib/python3.10/site-packages/airflow/example_dags/example_nested_branch_dag.py
[2025-02-27T17:53:17.727+0000] {processor.py:836} INFO - DAG(s) dict_keys(['example_nested_branch_dag']) retrieved from /home/vscode/.local/lib/python3.10/site-packages/airflow/example_dags/example_nested_branch_dag.py
[2025-02-27T17:53:17.740+0000] {logging_mixin.py:150} INFO - [2025-02-27T17:53:17.740+0000] {dag.py:2742} INFO - Sync 1 DAGs
[2025-02-27T17:53:17.825+0000] {logging_mixin.py:150} INFO - [2025-02-27T17:53:17.825+0000] {dag.py:3504} INFO - Setting next_dagrun for example_nested_branch_dag to 2025-02-26T00:00:00+00:00, run_after=2025-02-27T00:00:00+00:00
[2025-02-27T17:53:17.839+0000] {processor.py:179} INFO - Processing /home/vscode/.local/lib/python3.10/site-packages/airflow/example_dags/example_nested_branch_dag.py took 0.122 seconds
[2025-02-27T17:57:58.652+0000] {processor.py:157} INFO - Started process (PID=18727) to work on /home/vscode/.local/lib/python3.10/site-packages/airflow/example_dags/example_nested_branch_dag.py
[2025-02-27T17:57:58.653+0000] {processor.py:826} INFO - Processing file /home/vscode/.local/lib/python3.10/site-packages/airflow/example_dags/example_nested_branch_dag.py for tasks to queue
[2025-02-27T17:57:58.654+0000] {logging_mixin.py:150} INFO - [2025-02-27T17:57:58.654+0000] {dagbag.py:541} INFO - Filling up the DagBag from /home/vscode/.local/lib/python3.10/site-packages/airflow/example_dags/example_nested_branch_dag.py
[2025-02-27T17:57:58.661+0000] {processor.py:836} INFO - DAG(s) dict_keys(['example_nested_branch_dag']) retrieved from /home/vscode/.local/lib/python3.10/site-packages/airflow/example_dags/example_nested_branch_dag.py
[2025-02-27T17:57:58.675+0000] {logging_mixin.py:150} INFO - [2025-02-27T17:57:58.675+0000] {dag.py:2742} INFO - Sync 1 DAGs
[2025-02-27T17:57:58.762+0000] {logging_mixin.py:150} INFO - [2025-02-27T17:57:58.762+0000] {dag.py:3504} INFO - Setting next_dagrun for example_nested_branch_dag to 2025-02-26T00:00:00+00:00, run_after=2025-02-27T00:00:00+00:00
[2025-02-27T17:57:58.777+0000] {processor.py:179} INFO - Processing /home/vscode/.local/lib/python3.10/site-packages/airflow/example_dags/example_nested_branch_dag.py took 0.126 seconds
[2025-02-27T17:58:44.169+0000] {processor.py:157} INFO - Started process (PID=19092) to work on /home/vscode/.local/lib/python3.10/site-packages/airflow/example_dags/example_nested_branch_dag.py
[2025-02-27T17:58:44.170+0000] {processor.py:826} INFO - Processing file /home/vscode/.local/lib/python3.10/site-packages/airflow/example_dags/example_nested_branch_dag.py for tasks to queue
[2025-02-27T17:58:44.171+0000] {logging_mixin.py:150} INFO - [2025-02-27T17:58:44.170+0000] {dagbag.py:541} INFO - Filling up the DagBag from /home/vscode/.local/lib/python3.10/site-packages/airflow/example_dags/example_nested_branch_dag.py
[2025-02-27T17:58:44.178+0000] {processor.py:836} INFO - DAG(s) dict_keys(['example_nested_branch_dag']) retrieved from /home/vscode/.local/lib/python3.10/site-packages/airflow/example_dags/example_nested_branch_dag.py
[2025-02-27T17:58:44.191+0000] {logging_mixin.py:150} INFO - [2025-02-27T17:58:44.191+0000] {dag.py:2742} INFO - Sync 1 DAGs
[2025-02-27T17:58:44.207+0000] {logging_mixin.py:150} INFO - [2025-02-27T17:58:44.207+0000] {dag.py:3504} INFO - Setting next_dagrun for example_nested_branch_dag to 2025-02-26T00:00:00+00:00, run_after=2025-02-27T00:00:00+00:00
[2025-02-27T17:58:44.223+0000] {processor.py:179} INFO - Processing /home/vscode/.local/lib/python3.10/site-packages/airflow/example_dags/example_nested_branch_dag.py took 0.056 seconds
[2025-02-27T17:59:28.558+0000] {processor.py:157} INFO - Started process (PID=19539) to work on /home/vscode/.local/lib/python3.10/site-packages/airflow/example_dags/example_nested_branch_dag.py
[2025-02-27T17:59:28.559+0000] {processor.py:826} INFO - Processing file /home/vscode/.local/lib/python3.10/site-packages/airflow/example_dags/example_nested_branch_dag.py for tasks to queue
[2025-02-27T17:59:28.559+0000] {logging_mixin.py:150} INFO - [2025-02-27T17:59:28.559+0000] {dagbag.py:541} INFO - Filling up the DagBag from /home/vscode/.local/lib/python3.10/site-packages/airflow/example_dags/example_nested_branch_dag.py
[2025-02-27T17:59:28.566+0000] {processor.py:836} INFO - DAG(s) dict_keys(['example_nested_branch_dag']) retrieved from /home/vscode/.local/lib/python3.10/site-packages/airflow/example_dags/example_nested_branch_dag.py
[2025-02-27T17:59:28.580+0000] {logging_mixin.py:150} INFO - [2025-02-27T17:59:28.580+0000] {dag.py:2742} INFO - Sync 1 DAGs
[2025-02-27T17:59:28.595+0000] {logging_mixin.py:150} INFO - [2025-02-27T17:59:28.595+0000] {dag.py:3504} INFO - Setting next_dagrun for example_nested_branch_dag to 2025-02-26T00:00:00+00:00, run_after=2025-02-27T00:00:00+00:00
[2025-02-27T17:59:28.610+0000] {processor.py:179} INFO - Processing /home/vscode/.local/lib/python3.10/site-packages/airflow/example_dags/example_nested_branch_dag.py took 0.054 seconds
[2025-02-27T18:00:12.756+0000] {processor.py:157} INFO - Started process (PID=20030) to work on /home/vscode/.local/lib/python3.10/site-packages/airflow/example_dags/example_nested_branch_dag.py
[2025-02-27T18:00:12.757+0000] {processor.py:826} INFO - Processing file /home/vscode/.local/lib/python3.10/site-packages/airflow/example_dags/example_nested_branch_dag.py for tasks to queue
[2025-02-27T18:00:12.757+0000] {logging_mixin.py:150} INFO - [2025-02-27T18:00:12.757+0000] {dagbag.py:541} INFO - Filling up the DagBag from /home/vscode/.local/lib/python3.10/site-packages/airflow/example_dags/example_nested_branch_dag.py
[2025-02-27T18:00:12.766+0000] {processor.py:836} INFO - DAG(s) dict_keys(['example_nested_branch_dag']) retrieved from /home/vscode/.local/lib/python3.10/site-packages/airflow/example_dags/example_nested_branch_dag.py
[2025-02-27T18:00:12.778+0000] {logging_mixin.py:150} INFO - [2025-02-27T18:00:12.778+0000] {dag.py:2742} INFO - Sync 1 DAGs
[2025-02-27T18:00:12.793+0000] {logging_mixin.py:150} INFO - [2025-02-27T18:00:12.793+0000] {dag.py:3504} INFO - Setting next_dagrun for example_nested_branch_dag to 2025-02-26T00:00:00+00:00, run_after=2025-02-27T00:00:00+00:00
[2025-02-27T18:00:12.809+0000] {processor.py:179} INFO - Processing /home/vscode/.local/lib/python3.10/site-packages/airflow/example_dags/example_nested_branch_dag.py took 0.056 seconds
