[2025-02-27T17:49:30.556+0000] {processor.py:157} INFO - Started process (PID=13450) to work on /home/vscode/.local/lib/python3.10/site-packages/airflow/example_dags/example_skip_dag.py
[2025-02-27T17:49:30.557+0000] {processor.py:826} INFO - Processing file /home/vscode/.local/lib/python3.10/site-packages/airflow/example_dags/example_skip_dag.py for tasks to queue
[2025-02-27T17:49:30.557+0000] {logging_mixin.py:150} INFO - [2025-02-27T17:49:30.557+0000] {dagbag.py:541} INFO - Filling up the DagBag from /home/vscode/.local/lib/python3.10/site-packages/airflow/example_dags/example_skip_dag.py
[2025-02-27T17:49:30.565+0000] {processor.py:836} INFO - DAG(s) dict_keys(['example_skip_dag']) retrieved from /home/vscode/.local/lib/python3.10/site-packages/airflow/example_dags/example_skip_dag.py
[2025-02-27T17:49:30.719+0000] {logging_mixin.py:150} INFO - [2025-02-27T17:49:30.719+0000] {manager.py:504} INFO - Created Permission View: can delete on DAG:example_skip_dag
[2025-02-27T17:49:30.727+0000] {logging_mixin.py:150} INFO - [2025-02-27T17:49:30.727+0000] {manager.py:504} INFO - Created Permission View: can read on DAG:example_skip_dag
[2025-02-27T17:49:30.734+0000] {logging_mixin.py:150} INFO - [2025-02-27T17:49:30.734+0000] {manager.py:504} INFO - Created Permission View: can edit on DAG:example_skip_dag
[2025-02-27T17:49:30.741+0000] {logging_mixin.py:150} INFO - [2025-02-27T17:49:30.741+0000] {dag.py:2742} INFO - Sync 1 DAGs
[2025-02-27T17:49:30.747+0000] {logging_mixin.py:150} INFO - [2025-02-27T17:49:30.747+0000] {dag.py:2763} INFO - Creating ORM DAG for example_skip_dag
[2025-02-27T17:49:30.754+0000] {logging_mixin.py:150} INFO - [2025-02-27T17:49:30.754+0000] {dag.py:3504} INFO - Setting next_dagrun for example_skip_dag to 2025-02-26T17:49:30.754654+00:00, run_after=2025-02-27T17:49:30.754654+00:00
[2025-02-27T17:49:30.772+0000] {processor.py:179} INFO - Processing /home/vscode/.local/lib/python3.10/site-packages/airflow/example_dags/example_skip_dag.py took 0.218 seconds
[2025-02-27T17:50:22.514+0000] {processor.py:157} INFO - Started process (PID=13829) to work on /home/vscode/.local/lib/python3.10/site-packages/airflow/example_dags/example_skip_dag.py
[2025-02-27T17:50:22.514+0000] {processor.py:826} INFO - Processing file /home/vscode/.local/lib/python3.10/site-packages/airflow/example_dags/example_skip_dag.py for tasks to queue
[2025-02-27T17:50:22.515+0000] {logging_mixin.py:150} INFO - [2025-02-27T17:50:22.515+0000] {dagbag.py:541} INFO - Filling up the DagBag from /home/vscode/.local/lib/python3.10/site-packages/airflow/example_dags/example_skip_dag.py
[2025-02-27T17:50:22.520+0000] {processor.py:836} INFO - DAG(s) dict_keys(['example_skip_dag']) retrieved from /home/vscode/.local/lib/python3.10/site-packages/airflow/example_dags/example_skip_dag.py
[2025-02-27T17:50:22.533+0000] {logging_mixin.py:150} INFO - [2025-02-27T17:50:22.533+0000] {dag.py:2742} INFO - Sync 1 DAGs
[2025-02-27T17:50:22.548+0000] {logging_mixin.py:150} INFO - [2025-02-27T17:50:22.547+0000] {dag.py:3504} INFO - Setting next_dagrun for example_skip_dag to 2025-02-26T17:50:22.547802+00:00, run_after=2025-02-27T17:50:22.547802+00:00
[2025-02-27T17:50:22.565+0000] {processor.py:179} INFO - Processing /home/vscode/.local/lib/python3.10/site-packages/airflow/example_dags/example_skip_dag.py took 0.053 seconds
[2025-02-27T17:52:55.534+0000] {processor.py:157} INFO - Started process (PID=15148) to work on /home/vscode/.local/lib/python3.10/site-packages/airflow/example_dags/example_skip_dag.py
[2025-02-27T17:52:55.534+0000] {processor.py:826} INFO - Processing file /home/vscode/.local/lib/python3.10/site-packages/airflow/example_dags/example_skip_dag.py for tasks to queue
[2025-02-27T17:52:55.535+0000] {logging_mixin.py:150} INFO - [2025-02-27T17:52:55.535+0000] {dagbag.py:541} INFO - Filling up the DagBag from /home/vscode/.local/lib/python3.10/site-packages/airflow/example_dags/example_skip_dag.py
[2025-02-27T17:52:55.540+0000] {processor.py:836} INFO - DAG(s) dict_keys(['example_skip_dag']) retrieved from /home/vscode/.local/lib/python3.10/site-packages/airflow/example_dags/example_skip_dag.py
[2025-02-27T17:52:55.557+0000] {logging_mixin.py:150} INFO - [2025-02-27T17:52:55.557+0000] {dag.py:2742} INFO - Sync 1 DAGs
[2025-02-27T17:52:55.571+0000] {logging_mixin.py:150} INFO - [2025-02-27T17:52:55.571+0000] {dag.py:3504} INFO - Setting next_dagrun for example_skip_dag to 2025-02-26T17:52:55.571175+00:00, run_after=2025-02-27T17:52:55.571175+00:00
[2025-02-27T17:52:55.656+0000] {processor.py:179} INFO - Processing /home/vscode/.local/lib/python3.10/site-packages/airflow/example_dags/example_skip_dag.py took 0.124 seconds
[2025-02-27T17:57:37.193+0000] {processor.py:157} INFO - Started process (PID=18572) to work on /home/vscode/.local/lib/python3.10/site-packages/airflow/example_dags/example_skip_dag.py
[2025-02-27T17:57:37.194+0000] {processor.py:826} INFO - Processing file /home/vscode/.local/lib/python3.10/site-packages/airflow/example_dags/example_skip_dag.py for tasks to queue
[2025-02-27T17:57:37.195+0000] {logging_mixin.py:150} INFO - [2025-02-27T17:57:37.194+0000] {dagbag.py:541} INFO - Filling up the DagBag from /home/vscode/.local/lib/python3.10/site-packages/airflow/example_dags/example_skip_dag.py
[2025-02-27T17:57:37.200+0000] {processor.py:836} INFO - DAG(s) dict_keys(['example_skip_dag']) retrieved from /home/vscode/.local/lib/python3.10/site-packages/airflow/example_dags/example_skip_dag.py
[2025-02-27T17:57:37.217+0000] {logging_mixin.py:150} INFO - [2025-02-27T17:57:37.217+0000] {dag.py:2742} INFO - Sync 1 DAGs
[2025-02-27T17:57:37.232+0000] {logging_mixin.py:150} INFO - [2025-02-27T17:57:37.232+0000] {dag.py:3504} INFO - Setting next_dagrun for example_skip_dag to 2025-02-26T17:57:37.232440+00:00, run_after=2025-02-27T17:57:37.232440+00:00
[2025-02-27T17:57:37.327+0000] {processor.py:179} INFO - Processing /home/vscode/.local/lib/python3.10/site-packages/airflow/example_dags/example_skip_dag.py took 0.136 seconds
[2025-02-27T17:58:23.746+0000] {processor.py:157} INFO - Started process (PID=18914) to work on /home/vscode/.local/lib/python3.10/site-packages/airflow/example_dags/example_skip_dag.py
[2025-02-27T17:58:23.747+0000] {processor.py:826} INFO - Processing file /home/vscode/.local/lib/python3.10/site-packages/airflow/example_dags/example_skip_dag.py for tasks to queue
[2025-02-27T17:58:23.748+0000] {logging_mixin.py:150} INFO - [2025-02-27T17:58:23.747+0000] {dagbag.py:541} INFO - Filling up the DagBag from /home/vscode/.local/lib/python3.10/site-packages/airflow/example_dags/example_skip_dag.py
[2025-02-27T17:58:23.754+0000] {processor.py:836} INFO - DAG(s) dict_keys(['example_skip_dag']) retrieved from /home/vscode/.local/lib/python3.10/site-packages/airflow/example_dags/example_skip_dag.py
[2025-02-27T17:58:23.771+0000] {logging_mixin.py:150} INFO - [2025-02-27T17:58:23.770+0000] {dag.py:2742} INFO - Sync 1 DAGs
[2025-02-27T17:58:23.790+0000] {logging_mixin.py:150} INFO - [2025-02-27T17:58:23.790+0000] {dag.py:3504} INFO - Setting next_dagrun for example_skip_dag to 2025-02-26T17:58:23.790438+00:00, run_after=2025-02-27T17:58:23.790438+00:00
[2025-02-27T17:58:23.814+0000] {processor.py:179} INFO - Processing /home/vscode/.local/lib/python3.10/site-packages/airflow/example_dags/example_skip_dag.py took 0.070 seconds
[2025-02-27T17:59:08.997+0000] {processor.py:157} INFO - Started process (PID=19349) to work on /home/vscode/.local/lib/python3.10/site-packages/airflow/example_dags/example_skip_dag.py
[2025-02-27T17:59:08.997+0000] {processor.py:826} INFO - Processing file /home/vscode/.local/lib/python3.10/site-packages/airflow/example_dags/example_skip_dag.py for tasks to queue
[2025-02-27T17:59:08.998+0000] {logging_mixin.py:150} INFO - [2025-02-27T17:59:08.998+0000] {dagbag.py:541} INFO - Filling up the DagBag from /home/vscode/.local/lib/python3.10/site-packages/airflow/example_dags/example_skip_dag.py
[2025-02-27T17:59:09.003+0000] {processor.py:836} INFO - DAG(s) dict_keys(['example_skip_dag']) retrieved from /home/vscode/.local/lib/python3.10/site-packages/airflow/example_dags/example_skip_dag.py
[2025-02-27T17:59:09.015+0000] {logging_mixin.py:150} INFO - [2025-02-27T17:59:09.015+0000] {dag.py:2742} INFO - Sync 1 DAGs
[2025-02-27T17:59:09.028+0000] {logging_mixin.py:150} INFO - [2025-02-27T17:59:09.028+0000] {dag.py:3504} INFO - Setting next_dagrun for example_skip_dag to 2025-02-26T17:59:09.028572+00:00, run_after=2025-02-27T17:59:09.028572+00:00
[2025-02-27T17:59:09.043+0000] {processor.py:179} INFO - Processing /home/vscode/.local/lib/python3.10/site-packages/airflow/example_dags/example_skip_dag.py took 0.048 seconds
[2025-02-27T17:59:52.476+0000] {processor.py:157} INFO - Started process (PID=19813) to work on /home/vscode/.local/lib/python3.10/site-packages/airflow/example_dags/example_skip_dag.py
[2025-02-27T17:59:52.477+0000] {processor.py:826} INFO - Processing file /home/vscode/.local/lib/python3.10/site-packages/airflow/example_dags/example_skip_dag.py for tasks to queue
[2025-02-27T17:59:52.477+0000] {logging_mixin.py:150} INFO - [2025-02-27T17:59:52.477+0000] {dagbag.py:541} INFO - Filling up the DagBag from /home/vscode/.local/lib/python3.10/site-packages/airflow/example_dags/example_skip_dag.py
[2025-02-27T17:59:52.484+0000] {processor.py:836} INFO - DAG(s) dict_keys(['example_skip_dag']) retrieved from /home/vscode/.local/lib/python3.10/site-packages/airflow/example_dags/example_skip_dag.py
[2025-02-27T17:59:52.499+0000] {logging_mixin.py:150} INFO - [2025-02-27T17:59:52.499+0000] {dag.py:2742} INFO - Sync 1 DAGs
[2025-02-27T17:59:52.519+0000] {logging_mixin.py:150} INFO - [2025-02-27T17:59:52.519+0000] {dag.py:3504} INFO - Setting next_dagrun for example_skip_dag to 2025-02-26T17:59:52.519238+00:00, run_after=2025-02-27T17:59:52.519238+00:00
[2025-02-27T17:59:52.544+0000] {processor.py:179} INFO - Processing /home/vscode/.local/lib/python3.10/site-packages/airflow/example_dags/example_skip_dag.py took 0.070 seconds
[2025-02-27T18:00:36.108+0000] {processor.py:157} INFO - Started process (PID=20280) to work on /home/vscode/.local/lib/python3.10/site-packages/airflow/example_dags/example_skip_dag.py
[2025-02-27T18:00:36.109+0000] {processor.py:826} INFO - Processing file /home/vscode/.local/lib/python3.10/site-packages/airflow/example_dags/example_skip_dag.py for tasks to queue
[2025-02-27T18:00:36.109+0000] {logging_mixin.py:150} INFO - [2025-02-27T18:00:36.109+0000] {dagbag.py:541} INFO - Filling up the DagBag from /home/vscode/.local/lib/python3.10/site-packages/airflow/example_dags/example_skip_dag.py
[2025-02-27T18:00:36.114+0000] {processor.py:836} INFO - DAG(s) dict_keys(['example_skip_dag']) retrieved from /home/vscode/.local/lib/python3.10/site-packages/airflow/example_dags/example_skip_dag.py
[2025-02-27T18:00:36.126+0000] {logging_mixin.py:150} INFO - [2025-02-27T18:00:36.126+0000] {dag.py:2742} INFO - Sync 1 DAGs
[2025-02-27T18:00:36.141+0000] {logging_mixin.py:150} INFO - [2025-02-27T18:00:36.141+0000] {dag.py:3504} INFO - Setting next_dagrun for example_skip_dag to 2025-02-26T18:00:36.141027+00:00, run_after=2025-02-27T18:00:36.141027+00:00
[2025-02-27T18:00:36.156+0000] {processor.py:179} INFO - Processing /home/vscode/.local/lib/python3.10/site-packages/airflow/example_dags/example_skip_dag.py took 0.050 seconds
