[2025-02-27T17:50:04.166+0000] {processor.py:157} INFO - Started process (PID=13670) to work on /home/vscode/.local/lib/python3.10/site-packages/airflow/example_dags/example_dynamic_task_mapping_with_no_taskflow_operators.py
[2025-02-27T17:50:04.166+0000] {processor.py:826} INFO - Processing file /home/vscode/.local/lib/python3.10/site-packages/airflow/example_dags/example_dynamic_task_mapping_with_no_taskflow_operators.py for tasks to queue
[2025-02-27T17:50:04.167+0000] {logging_mixin.py:150} INFO - [2025-02-27T17:50:04.167+0000] {dagbag.py:541} INFO - Filling up the DagBag from /home/vscode/.local/lib/python3.10/site-packages/airflow/example_dags/example_dynamic_task_mapping_with_no_taskflow_operators.py
[2025-02-27T17:50:04.173+0000] {processor.py:836} INFO - DAG(s) dict_keys(['example_dynamic_task_mapping_with_no_taskflow_operators']) retrieved from /home/vscode/.local/lib/python3.10/site-packages/airflow/example_dags/example_dynamic_task_mapping_with_no_taskflow_operators.py
[2025-02-27T17:50:04.324+0000] {logging_mixin.py:150} INFO - [2025-02-27T17:50:04.324+0000] {manager.py:504} INFO - Created Permission View: can delete on DAG:example_dynamic_task_mapping_with_no_taskflow_operators
[2025-02-27T17:50:04.332+0000] {logging_mixin.py:150} INFO - [2025-02-27T17:50:04.332+0000] {manager.py:504} INFO - Created Permission View: can read on DAG:example_dynamic_task_mapping_with_no_taskflow_operators
[2025-02-27T17:50:04.338+0000] {logging_mixin.py:150} INFO - [2025-02-27T17:50:04.338+0000] {manager.py:504} INFO - Created Permission View: can edit on DAG:example_dynamic_task_mapping_with_no_taskflow_operators
[2025-02-27T17:50:04.345+0000] {logging_mixin.py:150} INFO - [2025-02-27T17:50:04.345+0000] {dag.py:2742} INFO - Sync 1 DAGs
[2025-02-27T17:50:04.352+0000] {logging_mixin.py:150} INFO - [2025-02-27T17:50:04.352+0000] {dag.py:2763} INFO - Creating ORM DAG for example_dynamic_task_mapping_with_no_taskflow_operators
[2025-02-27T17:50:04.358+0000] {logging_mixin.py:150} INFO - [2025-02-27T17:50:04.357+0000] {dag.py:3504} INFO - Setting next_dagrun for example_dynamic_task_mapping_with_no_taskflow_operators to 2025-02-26T17:50:04.357851+00:00, run_after=2025-02-27T17:50:04.357851+00:00
[2025-02-27T17:50:04.373+0000] {processor.py:179} INFO - Processing /home/vscode/.local/lib/python3.10/site-packages/airflow/example_dags/example_dynamic_task_mapping_with_no_taskflow_operators.py took 0.209 seconds
[2025-02-27T17:50:50.220+0000] {processor.py:157} INFO - Started process (PID=14021) to work on /home/vscode/.local/lib/python3.10/site-packages/airflow/example_dags/example_dynamic_task_mapping_with_no_taskflow_operators.py
[2025-02-27T17:50:50.221+0000] {processor.py:826} INFO - Processing file /home/vscode/.local/lib/python3.10/site-packages/airflow/example_dags/example_dynamic_task_mapping_with_no_taskflow_operators.py for tasks to queue
[2025-02-27T17:50:50.221+0000] {logging_mixin.py:150} INFO - [2025-02-27T17:50:50.221+0000] {dagbag.py:541} INFO - Filling up the DagBag from /home/vscode/.local/lib/python3.10/site-packages/airflow/example_dags/example_dynamic_task_mapping_with_no_taskflow_operators.py
[2025-02-27T17:50:50.227+0000] {processor.py:836} INFO - DAG(s) dict_keys(['example_dynamic_task_mapping_with_no_taskflow_operators']) retrieved from /home/vscode/.local/lib/python3.10/site-packages/airflow/example_dags/example_dynamic_task_mapping_with_no_taskflow_operators.py
[2025-02-27T17:50:50.238+0000] {logging_mixin.py:150} INFO - [2025-02-27T17:50:50.237+0000] {dag.py:2742} INFO - Sync 1 DAGs
[2025-02-27T17:50:50.252+0000] {logging_mixin.py:150} INFO - [2025-02-27T17:50:50.252+0000] {dag.py:3504} INFO - Setting next_dagrun for example_dynamic_task_mapping_with_no_taskflow_operators to 2025-02-26T17:50:50.252285+00:00, run_after=2025-02-27T17:50:50.252285+00:00
[2025-02-27T17:50:50.267+0000] {processor.py:179} INFO - Processing /home/vscode/.local/lib/python3.10/site-packages/airflow/example_dags/example_dynamic_task_mapping_with_no_taskflow_operators.py took 0.049 seconds
[2025-02-27T17:53:25.748+0000] {processor.py:157} INFO - Started process (PID=15351) to work on /home/vscode/.local/lib/python3.10/site-packages/airflow/example_dags/example_dynamic_task_mapping_with_no_taskflow_operators.py
[2025-02-27T17:53:25.748+0000] {processor.py:826} INFO - Processing file /home/vscode/.local/lib/python3.10/site-packages/airflow/example_dags/example_dynamic_task_mapping_with_no_taskflow_operators.py for tasks to queue
[2025-02-27T17:53:25.749+0000] {logging_mixin.py:150} INFO - [2025-02-27T17:53:25.749+0000] {dagbag.py:541} INFO - Filling up the DagBag from /home/vscode/.local/lib/python3.10/site-packages/airflow/example_dags/example_dynamic_task_mapping_with_no_taskflow_operators.py
[2025-02-27T17:53:25.756+0000] {processor.py:836} INFO - DAG(s) dict_keys(['example_dynamic_task_mapping_with_no_taskflow_operators']) retrieved from /home/vscode/.local/lib/python3.10/site-packages/airflow/example_dags/example_dynamic_task_mapping_with_no_taskflow_operators.py
[2025-02-27T17:53:25.837+0000] {logging_mixin.py:150} INFO - [2025-02-27T17:53:25.837+0000] {dag.py:2742} INFO - Sync 1 DAGs
[2025-02-27T17:53:25.849+0000] {logging_mixin.py:150} INFO - [2025-02-27T17:53:25.849+0000] {dag.py:3504} INFO - Setting next_dagrun for example_dynamic_task_mapping_with_no_taskflow_operators to 2025-02-26T17:53:25.849600+00:00, run_after=2025-02-27T17:53:25.849600+00:00
[2025-02-27T17:53:25.863+0000] {processor.py:179} INFO - Processing /home/vscode/.local/lib/python3.10/site-packages/airflow/example_dags/example_dynamic_task_mapping_with_no_taskflow_operators.py took 0.117 seconds
[2025-02-27T17:58:07.385+0000] {processor.py:157} INFO - Started process (PID=18791) to work on /home/vscode/.local/lib/python3.10/site-packages/airflow/example_dags/example_dynamic_task_mapping_with_no_taskflow_operators.py
[2025-02-27T17:58:07.386+0000] {processor.py:826} INFO - Processing file /home/vscode/.local/lib/python3.10/site-packages/airflow/example_dags/example_dynamic_task_mapping_with_no_taskflow_operators.py for tasks to queue
[2025-02-27T17:58:07.387+0000] {logging_mixin.py:150} INFO - [2025-02-27T17:58:07.387+0000] {dagbag.py:541} INFO - Filling up the DagBag from /home/vscode/.local/lib/python3.10/site-packages/airflow/example_dags/example_dynamic_task_mapping_with_no_taskflow_operators.py
[2025-02-27T17:58:07.393+0000] {processor.py:836} INFO - DAG(s) dict_keys(['example_dynamic_task_mapping_with_no_taskflow_operators']) retrieved from /home/vscode/.local/lib/python3.10/site-packages/airflow/example_dags/example_dynamic_task_mapping_with_no_taskflow_operators.py
[2025-02-27T17:58:07.482+0000] {logging_mixin.py:150} INFO - [2025-02-27T17:58:07.482+0000] {dag.py:2742} INFO - Sync 1 DAGs
[2025-02-27T17:58:07.496+0000] {logging_mixin.py:150} INFO - [2025-02-27T17:58:07.496+0000] {dag.py:3504} INFO - Setting next_dagrun for example_dynamic_task_mapping_with_no_taskflow_operators to 2025-02-26T17:58:07.496229+00:00, run_after=2025-02-27T17:58:07.496229+00:00
[2025-02-27T17:58:07.516+0000] {processor.py:179} INFO - Processing /home/vscode/.local/lib/python3.10/site-packages/airflow/example_dags/example_dynamic_task_mapping_with_no_taskflow_operators.py took 0.133 seconds
[2025-02-27T17:58:53.570+0000] {processor.py:157} INFO - Started process (PID=19181) to work on /home/vscode/.local/lib/python3.10/site-packages/airflow/example_dags/example_dynamic_task_mapping_with_no_taskflow_operators.py
[2025-02-27T17:58:53.570+0000] {processor.py:826} INFO - Processing file /home/vscode/.local/lib/python3.10/site-packages/airflow/example_dags/example_dynamic_task_mapping_with_no_taskflow_operators.py for tasks to queue
[2025-02-27T17:58:53.571+0000] {logging_mixin.py:150} INFO - [2025-02-27T17:58:53.571+0000] {dagbag.py:541} INFO - Filling up the DagBag from /home/vscode/.local/lib/python3.10/site-packages/airflow/example_dags/example_dynamic_task_mapping_with_no_taskflow_operators.py
[2025-02-27T17:58:53.576+0000] {processor.py:836} INFO - DAG(s) dict_keys(['example_dynamic_task_mapping_with_no_taskflow_operators']) retrieved from /home/vscode/.local/lib/python3.10/site-packages/airflow/example_dags/example_dynamic_task_mapping_with_no_taskflow_operators.py
[2025-02-27T17:58:53.587+0000] {logging_mixin.py:150} INFO - [2025-02-27T17:58:53.587+0000] {dag.py:2742} INFO - Sync 1 DAGs
[2025-02-27T17:58:53.601+0000] {logging_mixin.py:150} INFO - [2025-02-27T17:58:53.601+0000] {dag.py:3504} INFO - Setting next_dagrun for example_dynamic_task_mapping_with_no_taskflow_operators to 2025-02-26T17:58:53.601456+00:00, run_after=2025-02-27T17:58:53.601456+00:00
[2025-02-27T17:58:53.617+0000] {processor.py:179} INFO - Processing /home/vscode/.local/lib/python3.10/site-packages/airflow/example_dags/example_dynamic_task_mapping_with_no_taskflow_operators.py took 0.049 seconds
[2025-02-27T17:59:37.363+0000] {processor.py:157} INFO - Started process (PID=19658) to work on /home/vscode/.local/lib/python3.10/site-packages/airflow/example_dags/example_dynamic_task_mapping_with_no_taskflow_operators.py
[2025-02-27T17:59:37.364+0000] {processor.py:826} INFO - Processing file /home/vscode/.local/lib/python3.10/site-packages/airflow/example_dags/example_dynamic_task_mapping_with_no_taskflow_operators.py for tasks to queue
[2025-02-27T17:59:37.364+0000] {logging_mixin.py:150} INFO - [2025-02-27T17:59:37.364+0000] {dagbag.py:541} INFO - Filling up the DagBag from /home/vscode/.local/lib/python3.10/site-packages/airflow/example_dags/example_dynamic_task_mapping_with_no_taskflow_operators.py
[2025-02-27T17:59:37.370+0000] {processor.py:836} INFO - DAG(s) dict_keys(['example_dynamic_task_mapping_with_no_taskflow_operators']) retrieved from /home/vscode/.local/lib/python3.10/site-packages/airflow/example_dags/example_dynamic_task_mapping_with_no_taskflow_operators.py
[2025-02-27T17:59:37.380+0000] {logging_mixin.py:150} INFO - [2025-02-27T17:59:37.380+0000] {dag.py:2742} INFO - Sync 1 DAGs
[2025-02-27T17:59:37.394+0000] {logging_mixin.py:150} INFO - [2025-02-27T17:59:37.394+0000] {dag.py:3504} INFO - Setting next_dagrun for example_dynamic_task_mapping_with_no_taskflow_operators to 2025-02-26T17:59:37.394059+00:00, run_after=2025-02-27T17:59:37.394059+00:00
[2025-02-27T17:59:37.411+0000] {processor.py:179} INFO - Processing /home/vscode/.local/lib/python3.10/site-packages/airflow/example_dags/example_dynamic_task_mapping_with_no_taskflow_operators.py took 0.050 seconds
[2025-02-27T18:00:21.754+0000] {processor.py:157} INFO - Started process (PID=20137) to work on /home/vscode/.local/lib/python3.10/site-packages/airflow/example_dags/example_dynamic_task_mapping_with_no_taskflow_operators.py
[2025-02-27T18:00:21.754+0000] {processor.py:826} INFO - Processing file /home/vscode/.local/lib/python3.10/site-packages/airflow/example_dags/example_dynamic_task_mapping_with_no_taskflow_operators.py for tasks to queue
[2025-02-27T18:00:21.755+0000] {logging_mixin.py:150} INFO - [2025-02-27T18:00:21.755+0000] {dagbag.py:541} INFO - Filling up the DagBag from /home/vscode/.local/lib/python3.10/site-packages/airflow/example_dags/example_dynamic_task_mapping_with_no_taskflow_operators.py
[2025-02-27T18:00:21.760+0000] {processor.py:836} INFO - DAG(s) dict_keys(['example_dynamic_task_mapping_with_no_taskflow_operators']) retrieved from /home/vscode/.local/lib/python3.10/site-packages/airflow/example_dags/example_dynamic_task_mapping_with_no_taskflow_operators.py
[2025-02-27T18:00:21.771+0000] {logging_mixin.py:150} INFO - [2025-02-27T18:00:21.770+0000] {dag.py:2742} INFO - Sync 1 DAGs
[2025-02-27T18:00:21.784+0000] {logging_mixin.py:150} INFO - [2025-02-27T18:00:21.784+0000] {dag.py:3504} INFO - Setting next_dagrun for example_dynamic_task_mapping_with_no_taskflow_operators to 2025-02-26T18:00:21.784453+00:00, run_after=2025-02-27T18:00:21.784453+00:00
[2025-02-27T18:00:21.799+0000] {processor.py:179} INFO - Processing /home/vscode/.local/lib/python3.10/site-packages/airflow/example_dags/example_dynamic_task_mapping_with_no_taskflow_operators.py took 0.047 seconds
