[2025-02-27T17:50:11.986+0000] {processor.py:157} INFO - Started process (PID=13726) to work on /home/vscode/.local/lib/python3.10/site-packages/airflow/example_dags/example_branch_labels.py
[2025-02-27T17:50:11.986+0000] {processor.py:826} INFO - Processing file /home/vscode/.local/lib/python3.10/site-packages/airflow/example_dags/example_branch_labels.py for tasks to queue
[2025-02-27T17:50:11.987+0000] {logging_mixin.py:150} INFO - [2025-02-27T17:50:11.986+0000] {dagbag.py:541} INFO - Filling up the DagBag from /home/vscode/.local/lib/python3.10/site-packages/airflow/example_dags/example_branch_labels.py
[2025-02-27T17:50:11.993+0000] {processor.py:836} INFO - DAG(s) dict_keys(['example_branch_labels']) retrieved from /home/vscode/.local/lib/python3.10/site-packages/airflow/example_dags/example_branch_labels.py
[2025-02-27T17:50:12.072+0000] {logging_mixin.py:150} INFO - [2025-02-27T17:50:12.072+0000] {manager.py:504} INFO - Created Permission View: can delete on DAG:example_branch_labels
[2025-02-27T17:50:12.081+0000] {logging_mixin.py:150} INFO - [2025-02-27T17:50:12.081+0000] {manager.py:504} INFO - Created Permission View: can read on DAG:example_branch_labels
[2025-02-27T17:50:12.088+0000] {logging_mixin.py:150} INFO - [2025-02-27T17:50:12.088+0000] {manager.py:504} INFO - Created Permission View: can edit on DAG:example_branch_labels
[2025-02-27T17:50:12.096+0000] {logging_mixin.py:150} INFO - [2025-02-27T17:50:12.096+0000] {dag.py:2742} INFO - Sync 1 DAGs
[2025-02-27T17:50:12.103+0000] {logging_mixin.py:150} INFO - [2025-02-27T17:50:12.103+0000] {dag.py:2763} INFO - Creating ORM DAG for example_branch_labels
[2025-02-27T17:50:12.110+0000] {logging_mixin.py:150} INFO - [2025-02-27T17:50:12.110+0000] {dag.py:3504} INFO - Setting next_dagrun for example_branch_labels to 2025-02-26T00:00:00+00:00, run_after=2025-02-27T00:00:00+00:00
[2025-02-27T17:50:12.129+0000] {processor.py:179} INFO - Processing /home/vscode/.local/lib/python3.10/site-packages/airflow/example_dags/example_branch_labels.py took 0.146 seconds
[2025-02-27T17:53:32.957+0000] {processor.py:157} INFO - Started process (PID=15433) to work on /home/vscode/.local/lib/python3.10/site-packages/airflow/example_dags/example_branch_labels.py
[2025-02-27T17:53:32.957+0000] {processor.py:826} INFO - Processing file /home/vscode/.local/lib/python3.10/site-packages/airflow/example_dags/example_branch_labels.py for tasks to queue
[2025-02-27T17:53:32.958+0000] {logging_mixin.py:150} INFO - [2025-02-27T17:53:32.958+0000] {dagbag.py:541} INFO - Filling up the DagBag from /home/vscode/.local/lib/python3.10/site-packages/airflow/example_dags/example_branch_labels.py
[2025-02-27T17:53:32.964+0000] {processor.py:836} INFO - DAG(s) dict_keys(['example_branch_labels']) retrieved from /home/vscode/.local/lib/python3.10/site-packages/airflow/example_dags/example_branch_labels.py
[2025-02-27T17:53:32.976+0000] {logging_mixin.py:150} INFO - [2025-02-27T17:53:32.976+0000] {dag.py:2742} INFO - Sync 1 DAGs
[2025-02-27T17:53:32.991+0000] {logging_mixin.py:150} INFO - [2025-02-27T17:53:32.991+0000] {dag.py:3504} INFO - Setting next_dagrun for example_branch_labels to 2025-02-26T00:00:00+00:00, run_after=2025-02-27T00:00:00+00:00
[2025-02-27T17:53:33.005+0000] {processor.py:179} INFO - Processing /home/vscode/.local/lib/python3.10/site-packages/airflow/example_dags/example_branch_labels.py took 0.050 seconds
[2025-02-27T17:58:15.030+0000] {processor.py:157} INFO - Started process (PID=18830) to work on /home/vscode/.local/lib/python3.10/site-packages/airflow/example_dags/example_branch_labels.py
[2025-02-27T17:58:15.031+0000] {processor.py:826} INFO - Processing file /home/vscode/.local/lib/python3.10/site-packages/airflow/example_dags/example_branch_labels.py for tasks to queue
[2025-02-27T17:58:15.031+0000] {logging_mixin.py:150} INFO - [2025-02-27T17:58:15.031+0000] {dagbag.py:541} INFO - Filling up the DagBag from /home/vscode/.local/lib/python3.10/site-packages/airflow/example_dags/example_branch_labels.py
[2025-02-27T17:58:15.038+0000] {processor.py:836} INFO - DAG(s) dict_keys(['example_branch_labels']) retrieved from /home/vscode/.local/lib/python3.10/site-packages/airflow/example_dags/example_branch_labels.py
[2025-02-27T17:58:15.051+0000] {logging_mixin.py:150} INFO - [2025-02-27T17:58:15.051+0000] {dag.py:2742} INFO - Sync 1 DAGs
[2025-02-27T17:58:15.065+0000] {logging_mixin.py:150} INFO - [2025-02-27T17:58:15.065+0000] {dag.py:3504} INFO - Setting next_dagrun for example_branch_labels to 2025-02-26T00:00:00+00:00, run_after=2025-02-27T00:00:00+00:00
[2025-02-27T17:58:15.080+0000] {processor.py:179} INFO - Processing /home/vscode/.local/lib/python3.10/site-packages/airflow/example_dags/example_branch_labels.py took 0.052 seconds
[2025-02-27T17:58:59.536+0000] {processor.py:157} INFO - Started process (PID=19238) to work on /home/vscode/.local/lib/python3.10/site-packages/airflow/example_dags/example_branch_labels.py
[2025-02-27T17:58:59.536+0000] {processor.py:826} INFO - Processing file /home/vscode/.local/lib/python3.10/site-packages/airflow/example_dags/example_branch_labels.py for tasks to queue
[2025-02-27T17:58:59.537+0000] {logging_mixin.py:150} INFO - [2025-02-27T17:58:59.537+0000] {dagbag.py:541} INFO - Filling up the DagBag from /home/vscode/.local/lib/python3.10/site-packages/airflow/example_dags/example_branch_labels.py
[2025-02-27T17:58:59.544+0000] {processor.py:836} INFO - DAG(s) dict_keys(['example_branch_labels']) retrieved from /home/vscode/.local/lib/python3.10/site-packages/airflow/example_dags/example_branch_labels.py
[2025-02-27T17:58:59.563+0000] {logging_mixin.py:150} INFO - [2025-02-27T17:58:59.563+0000] {dag.py:2742} INFO - Sync 1 DAGs
[2025-02-27T17:58:59.587+0000] {logging_mixin.py:150} INFO - [2025-02-27T17:58:59.586+0000] {dag.py:3504} INFO - Setting next_dagrun for example_branch_labels to 2025-02-26T00:00:00+00:00, run_after=2025-02-27T00:00:00+00:00
[2025-02-27T17:58:59.606+0000] {processor.py:179} INFO - Processing /home/vscode/.local/lib/python3.10/site-packages/airflow/example_dags/example_branch_labels.py took 0.073 seconds
[2025-02-27T17:59:43.648+0000] {processor.py:157} INFO - Started process (PID=19713) to work on /home/vscode/.local/lib/python3.10/site-packages/airflow/example_dags/example_branch_labels.py
[2025-02-27T17:59:43.648+0000] {processor.py:826} INFO - Processing file /home/vscode/.local/lib/python3.10/site-packages/airflow/example_dags/example_branch_labels.py for tasks to queue
[2025-02-27T17:59:43.649+0000] {logging_mixin.py:150} INFO - [2025-02-27T17:59:43.649+0000] {dagbag.py:541} INFO - Filling up the DagBag from /home/vscode/.local/lib/python3.10/site-packages/airflow/example_dags/example_branch_labels.py
[2025-02-27T17:59:43.654+0000] {processor.py:836} INFO - DAG(s) dict_keys(['example_branch_labels']) retrieved from /home/vscode/.local/lib/python3.10/site-packages/airflow/example_dags/example_branch_labels.py
[2025-02-27T17:59:43.667+0000] {logging_mixin.py:150} INFO - [2025-02-27T17:59:43.667+0000] {dag.py:2742} INFO - Sync 1 DAGs
[2025-02-27T17:59:43.682+0000] {logging_mixin.py:150} INFO - [2025-02-27T17:59:43.682+0000] {dag.py:3504} INFO - Setting next_dagrun for example_branch_labels to 2025-02-26T00:00:00+00:00, run_after=2025-02-27T00:00:00+00:00
[2025-02-27T17:59:43.697+0000] {processor.py:179} INFO - Processing /home/vscode/.local/lib/python3.10/site-packages/airflow/example_dags/example_branch_labels.py took 0.052 seconds
[2025-02-27T18:00:28.692+0000] {processor.py:157} INFO - Started process (PID=20218) to work on /home/vscode/.local/lib/python3.10/site-packages/airflow/example_dags/example_branch_labels.py
[2025-02-27T18:00:28.692+0000] {processor.py:826} INFO - Processing file /home/vscode/.local/lib/python3.10/site-packages/airflow/example_dags/example_branch_labels.py for tasks to queue
[2025-02-27T18:00:28.693+0000] {logging_mixin.py:150} INFO - [2025-02-27T18:00:28.693+0000] {dagbag.py:541} INFO - Filling up the DagBag from /home/vscode/.local/lib/python3.10/site-packages/airflow/example_dags/example_branch_labels.py
[2025-02-27T18:00:28.698+0000] {processor.py:836} INFO - DAG(s) dict_keys(['example_branch_labels']) retrieved from /home/vscode/.local/lib/python3.10/site-packages/airflow/example_dags/example_branch_labels.py
[2025-02-27T18:00:28.711+0000] {logging_mixin.py:150} INFO - [2025-02-27T18:00:28.711+0000] {dag.py:2742} INFO - Sync 1 DAGs
[2025-02-27T18:00:28.726+0000] {logging_mixin.py:150} INFO - [2025-02-27T18:00:28.726+0000] {dag.py:3504} INFO - Setting next_dagrun for example_branch_labels to 2025-02-26T00:00:00+00:00, run_after=2025-02-27T00:00:00+00:00
[2025-02-27T18:00:28.740+0000] {processor.py:179} INFO - Processing /home/vscode/.local/lib/python3.10/site-packages/airflow/example_dags/example_branch_labels.py took 0.050 seconds
