[2025-02-27T17:49:36.292+0000] {processor.py:157} INFO - Started process (PID=13492) to work on /home/vscode/.local/lib/python3.10/site-packages/airflow/example_dags/example_task_group.py
[2025-02-27T17:49:36.292+0000] {processor.py:826} INFO - Processing file /home/vscode/.local/lib/python3.10/site-packages/airflow/example_dags/example_task_group.py for tasks to queue
[2025-02-27T17:49:36.293+0000] {logging_mixin.py:150} INFO - [2025-02-27T17:49:36.293+0000] {dagbag.py:541} INFO - Filling up the DagBag from /home/vscode/.local/lib/python3.10/site-packages/airflow/example_dags/example_task_group.py
[2025-02-27T17:49:36.299+0000] {processor.py:836} INFO - DAG(s) dict_keys(['example_task_group']) retrieved from /home/vscode/.local/lib/python3.10/site-packages/airflow/example_dags/example_task_group.py
[2025-02-27T17:49:36.458+0000] {logging_mixin.py:150} INFO - [2025-02-27T17:49:36.457+0000] {manager.py:504} INFO - Created Permission View: can delete on DAG:example_task_group
[2025-02-27T17:49:36.466+0000] {logging_mixin.py:150} INFO - [2025-02-27T17:49:36.466+0000] {manager.py:504} INFO - Created Permission View: can read on DAG:example_task_group
[2025-02-27T17:49:36.472+0000] {logging_mixin.py:150} INFO - [2025-02-27T17:49:36.471+0000] {manager.py:504} INFO - Created Permission View: can edit on DAG:example_task_group
[2025-02-27T17:49:36.481+0000] {logging_mixin.py:150} INFO - [2025-02-27T17:49:36.481+0000] {dag.py:2742} INFO - Sync 1 DAGs
[2025-02-27T17:49:36.487+0000] {logging_mixin.py:150} INFO - [2025-02-27T17:49:36.487+0000] {dag.py:2763} INFO - Creating ORM DAG for example_task_group
[2025-02-27T17:49:36.493+0000] {logging_mixin.py:150} INFO - [2025-02-27T17:49:36.493+0000] {dag.py:3504} INFO - Setting next_dagrun for example_task_group to 2025-02-26T17:49:36.493276+00:00, run_after=2025-02-27T17:49:36.493276+00:00
[2025-02-27T17:49:36.509+0000] {processor.py:179} INFO - Processing /home/vscode/.local/lib/python3.10/site-packages/airflow/example_dags/example_task_group.py took 0.219 seconds
[2025-02-27T17:50:27.164+0000] {processor.py:157} INFO - Started process (PID=13862) to work on /home/vscode/.local/lib/python3.10/site-packages/airflow/example_dags/example_task_group.py
[2025-02-27T17:50:27.164+0000] {processor.py:826} INFO - Processing file /home/vscode/.local/lib/python3.10/site-packages/airflow/example_dags/example_task_group.py for tasks to queue
[2025-02-27T17:50:27.165+0000] {logging_mixin.py:150} INFO - [2025-02-27T17:50:27.165+0000] {dagbag.py:541} INFO - Filling up the DagBag from /home/vscode/.local/lib/python3.10/site-packages/airflow/example_dags/example_task_group.py
[2025-02-27T17:50:27.171+0000] {processor.py:836} INFO - DAG(s) dict_keys(['example_task_group']) retrieved from /home/vscode/.local/lib/python3.10/site-packages/airflow/example_dags/example_task_group.py
[2025-02-27T17:50:27.187+0000] {logging_mixin.py:150} INFO - [2025-02-27T17:50:27.187+0000] {dag.py:2742} INFO - Sync 1 DAGs
[2025-02-27T17:50:27.206+0000] {logging_mixin.py:150} INFO - [2025-02-27T17:50:27.206+0000] {dag.py:3504} INFO - Setting next_dagrun for example_task_group to 2025-02-26T17:50:27.206011+00:00, run_after=2025-02-27T17:50:27.206011+00:00
[2025-02-27T17:50:27.229+0000] {processor.py:179} INFO - Processing /home/vscode/.local/lib/python3.10/site-packages/airflow/example_dags/example_task_group.py took 0.067 seconds
[2025-02-27T17:53:00.844+0000] {processor.py:157} INFO - Started process (PID=15183) to work on /home/vscode/.local/lib/python3.10/site-packages/airflow/example_dags/example_task_group.py
[2025-02-27T17:53:00.844+0000] {processor.py:826} INFO - Processing file /home/vscode/.local/lib/python3.10/site-packages/airflow/example_dags/example_task_group.py for tasks to queue
[2025-02-27T17:53:00.845+0000] {logging_mixin.py:150} INFO - [2025-02-27T17:53:00.845+0000] {dagbag.py:541} INFO - Filling up the DagBag from /home/vscode/.local/lib/python3.10/site-packages/airflow/example_dags/example_task_group.py
[2025-02-27T17:53:00.850+0000] {processor.py:836} INFO - DAG(s) dict_keys(['example_task_group']) retrieved from /home/vscode/.local/lib/python3.10/site-packages/airflow/example_dags/example_task_group.py
[2025-02-27T17:53:00.864+0000] {logging_mixin.py:150} INFO - [2025-02-27T17:53:00.863+0000] {dag.py:2742} INFO - Sync 1 DAGs
[2025-02-27T17:53:00.949+0000] {logging_mixin.py:150} INFO - [2025-02-27T17:53:00.949+0000] {dag.py:3504} INFO - Setting next_dagrun for example_task_group to 2025-02-26T17:53:00.949571+00:00, run_after=2025-02-27T17:53:00.949571+00:00
[2025-02-27T17:53:00.964+0000] {processor.py:179} INFO - Processing /home/vscode/.local/lib/python3.10/site-packages/airflow/example_dags/example_task_group.py took 0.122 seconds
[2025-02-27T17:57:42.434+0000] {processor.py:157} INFO - Started process (PID=18606) to work on /home/vscode/.local/lib/python3.10/site-packages/airflow/example_dags/example_task_group.py
[2025-02-27T17:57:42.435+0000] {processor.py:826} INFO - Processing file /home/vscode/.local/lib/python3.10/site-packages/airflow/example_dags/example_task_group.py for tasks to queue
[2025-02-27T17:57:42.436+0000] {logging_mixin.py:150} INFO - [2025-02-27T17:57:42.436+0000] {dagbag.py:541} INFO - Filling up the DagBag from /home/vscode/.local/lib/python3.10/site-packages/airflow/example_dags/example_task_group.py
[2025-02-27T17:57:42.442+0000] {processor.py:836} INFO - DAG(s) dict_keys(['example_task_group']) retrieved from /home/vscode/.local/lib/python3.10/site-packages/airflow/example_dags/example_task_group.py
[2025-02-27T17:57:42.456+0000] {logging_mixin.py:150} INFO - [2025-02-27T17:57:42.455+0000] {dag.py:2742} INFO - Sync 1 DAGs
[2025-02-27T17:57:42.547+0000] {logging_mixin.py:150} INFO - [2025-02-27T17:57:42.547+0000] {dag.py:3504} INFO - Setting next_dagrun for example_task_group to 2025-02-26T17:57:42.546942+00:00, run_after=2025-02-27T17:57:42.546942+00:00
[2025-02-27T17:57:42.562+0000] {processor.py:179} INFO - Processing /home/vscode/.local/lib/python3.10/site-packages/airflow/example_dags/example_task_group.py took 0.131 seconds
[2025-02-27T17:58:28.423+0000] {processor.py:157} INFO - Started process (PID=18970) to work on /home/vscode/.local/lib/python3.10/site-packages/airflow/example_dags/example_task_group.py
[2025-02-27T17:58:28.424+0000] {processor.py:826} INFO - Processing file /home/vscode/.local/lib/python3.10/site-packages/airflow/example_dags/example_task_group.py for tasks to queue
[2025-02-27T17:58:28.425+0000] {logging_mixin.py:150} INFO - [2025-02-27T17:58:28.425+0000] {dagbag.py:541} INFO - Filling up the DagBag from /home/vscode/.local/lib/python3.10/site-packages/airflow/example_dags/example_task_group.py
[2025-02-27T17:58:28.433+0000] {processor.py:836} INFO - DAG(s) dict_keys(['example_task_group']) retrieved from /home/vscode/.local/lib/python3.10/site-packages/airflow/example_dags/example_task_group.py
[2025-02-27T17:58:28.449+0000] {logging_mixin.py:150} INFO - [2025-02-27T17:58:28.449+0000] {dag.py:2742} INFO - Sync 1 DAGs
[2025-02-27T17:58:28.478+0000] {logging_mixin.py:150} INFO - [2025-02-27T17:58:28.478+0000] {dag.py:3504} INFO - Setting next_dagrun for example_task_group to 2025-02-26T17:58:28.477807+00:00, run_after=2025-02-27T17:58:28.477807+00:00
[2025-02-27T17:58:28.497+0000] {processor.py:179} INFO - Processing /home/vscode/.local/lib/python3.10/site-packages/airflow/example_dags/example_task_group.py took 0.077 seconds
[2025-02-27T17:59:14.133+0000] {processor.py:157} INFO - Started process (PID=19398) to work on /home/vscode/.local/lib/python3.10/site-packages/airflow/example_dags/example_task_group.py
[2025-02-27T17:59:14.134+0000] {processor.py:826} INFO - Processing file /home/vscode/.local/lib/python3.10/site-packages/airflow/example_dags/example_task_group.py for tasks to queue
[2025-02-27T17:59:14.134+0000] {logging_mixin.py:150} INFO - [2025-02-27T17:59:14.134+0000] {dagbag.py:541} INFO - Filling up the DagBag from /home/vscode/.local/lib/python3.10/site-packages/airflow/example_dags/example_task_group.py
[2025-02-27T17:59:14.140+0000] {processor.py:836} INFO - DAG(s) dict_keys(['example_task_group']) retrieved from /home/vscode/.local/lib/python3.10/site-packages/airflow/example_dags/example_task_group.py
[2025-02-27T17:59:14.152+0000] {logging_mixin.py:150} INFO - [2025-02-27T17:59:14.152+0000] {dag.py:2742} INFO - Sync 1 DAGs
[2025-02-27T17:59:14.167+0000] {logging_mixin.py:150} INFO - [2025-02-27T17:59:14.167+0000] {dag.py:3504} INFO - Setting next_dagrun for example_task_group to 2025-02-26T17:59:14.167233+00:00, run_after=2025-02-27T17:59:14.167233+00:00
[2025-02-27T17:59:14.185+0000] {processor.py:179} INFO - Processing /home/vscode/.local/lib/python3.10/site-packages/airflow/example_dags/example_task_group.py took 0.054 seconds
[2025-02-27T17:59:57.319+0000] {processor.py:157} INFO - Started process (PID=19858) to work on /home/vscode/.local/lib/python3.10/site-packages/airflow/example_dags/example_task_group.py
[2025-02-27T17:59:57.320+0000] {processor.py:826} INFO - Processing file /home/vscode/.local/lib/python3.10/site-packages/airflow/example_dags/example_task_group.py for tasks to queue
[2025-02-27T17:59:57.320+0000] {logging_mixin.py:150} INFO - [2025-02-27T17:59:57.320+0000] {dagbag.py:541} INFO - Filling up the DagBag from /home/vscode/.local/lib/python3.10/site-packages/airflow/example_dags/example_task_group.py
[2025-02-27T17:59:57.326+0000] {processor.py:836} INFO - DAG(s) dict_keys(['example_task_group']) retrieved from /home/vscode/.local/lib/python3.10/site-packages/airflow/example_dags/example_task_group.py
[2025-02-27T17:59:57.338+0000] {logging_mixin.py:150} INFO - [2025-02-27T17:59:57.338+0000] {dag.py:2742} INFO - Sync 1 DAGs
[2025-02-27T17:59:57.352+0000] {logging_mixin.py:150} INFO - [2025-02-27T17:59:57.352+0000] {dag.py:3504} INFO - Setting next_dagrun for example_task_group to 2025-02-26T17:59:57.352607+00:00, run_after=2025-02-27T17:59:57.352607+00:00
[2025-02-27T17:59:57.367+0000] {processor.py:179} INFO - Processing /home/vscode/.local/lib/python3.10/site-packages/airflow/example_dags/example_task_group.py took 0.050 seconds
[2025-02-27T18:00:40.913+0000] {processor.py:157} INFO - Started process (PID=20334) to work on /home/vscode/.local/lib/python3.10/site-packages/airflow/example_dags/example_task_group.py
[2025-02-27T18:00:40.915+0000] {processor.py:826} INFO - Processing file /home/vscode/.local/lib/python3.10/site-packages/airflow/example_dags/example_task_group.py for tasks to queue
[2025-02-27T18:00:40.928+0000] {logging_mixin.py:150} INFO - [2025-02-27T18:00:40.928+0000] {dagbag.py:541} INFO - Filling up the DagBag from /home/vscode/.local/lib/python3.10/site-packages/airflow/example_dags/example_task_group.py
[2025-02-27T18:00:40.952+0000] {processor.py:836} INFO - DAG(s) dict_keys(['example_task_group']) retrieved from /home/vscode/.local/lib/python3.10/site-packages/airflow/example_dags/example_task_group.py
[2025-02-27T18:00:40.997+0000] {logging_mixin.py:150} INFO - [2025-02-27T18:00:40.997+0000] {dag.py:2742} INFO - Sync 1 DAGs
[2025-02-27T18:00:41.061+0000] {logging_mixin.py:150} INFO - [2025-02-27T18:00:41.060+0000] {dag.py:3504} INFO - Setting next_dagrun for example_task_group to 2025-02-26T18:00:41.060751+00:00, run_after=2025-02-27T18:00:41.060751+00:00
[2025-02-27T18:00:41.117+0000] {processor.py:179} INFO - Processing /home/vscode/.local/lib/python3.10/site-packages/airflow/example_dags/example_task_group.py took 0.219 seconds
