[2025-02-27T17:49:43.002+0000] {processor.py:157} INFO - Started process (PID=13535) to work on /home/vscode/.local/lib/python3.10/site-packages/airflow/example_dags/example_xcom.py
[2025-02-27T17:49:43.003+0000] {processor.py:826} INFO - Processing file /home/vscode/.local/lib/python3.10/site-packages/airflow/example_dags/example_xcom.py for tasks to queue
[2025-02-27T17:49:43.004+0000] {logging_mixin.py:150} INFO - [2025-02-27T17:49:43.004+0000] {dagbag.py:541} INFO - Filling up the DagBag from /home/vscode/.local/lib/python3.10/site-packages/airflow/example_dags/example_xcom.py
[2025-02-27T17:49:43.012+0000] {processor.py:836} INFO - DAG(s) dict_keys(['example_xcom']) retrieved from /home/vscode/.local/lib/python3.10/site-packages/airflow/example_dags/example_xcom.py
[2025-02-27T17:49:43.182+0000] {logging_mixin.py:150} INFO - [2025-02-27T17:49:43.182+0000] {manager.py:504} INFO - Created Permission View: can delete on DAG:example_xcom
[2025-02-27T17:49:43.190+0000] {logging_mixin.py:150} INFO - [2025-02-27T17:49:43.190+0000] {manager.py:504} INFO - Created Permission View: can read on DAG:example_xcom
[2025-02-27T17:49:43.196+0000] {logging_mixin.py:150} INFO - [2025-02-27T17:49:43.196+0000] {manager.py:504} INFO - Created Permission View: can edit on DAG:example_xcom
[2025-02-27T17:49:43.205+0000] {logging_mixin.py:150} INFO - [2025-02-27T17:49:43.205+0000] {dag.py:2742} INFO - Sync 1 DAGs
[2025-02-27T17:49:43.211+0000] {logging_mixin.py:150} INFO - [2025-02-27T17:49:43.211+0000] {dag.py:2763} INFO - Creating ORM DAG for example_xcom
[2025-02-27T17:49:43.217+0000] {logging_mixin.py:150} INFO - [2025-02-27T17:49:43.217+0000] {dag.py:3504} INFO - Setting next_dagrun for example_xcom to 2021-01-01T00:00:00+00:00, run_after=2021-01-01T00:00:00+00:00
[2025-02-27T17:49:43.231+0000] {processor.py:179} INFO - Processing /home/vscode/.local/lib/python3.10/site-packages/airflow/example_dags/example_xcom.py took 0.233 seconds
[2025-02-27T17:50:33.642+0000] {processor.py:157} INFO - Started process (PID=13912) to work on /home/vscode/.local/lib/python3.10/site-packages/airflow/example_dags/example_xcom.py
[2025-02-27T17:50:33.642+0000] {processor.py:826} INFO - Processing file /home/vscode/.local/lib/python3.10/site-packages/airflow/example_dags/example_xcom.py for tasks to queue
[2025-02-27T17:50:33.643+0000] {logging_mixin.py:150} INFO - [2025-02-27T17:50:33.642+0000] {dagbag.py:541} INFO - Filling up the DagBag from /home/vscode/.local/lib/python3.10/site-packages/airflow/example_dags/example_xcom.py
[2025-02-27T17:50:33.648+0000] {processor.py:836} INFO - DAG(s) dict_keys(['example_xcom']) retrieved from /home/vscode/.local/lib/python3.10/site-packages/airflow/example_dags/example_xcom.py
[2025-02-27T17:50:33.660+0000] {logging_mixin.py:150} INFO - [2025-02-27T17:50:33.660+0000] {dag.py:2742} INFO - Sync 1 DAGs
[2025-02-27T17:50:33.674+0000] {logging_mixin.py:150} INFO - [2025-02-27T17:50:33.674+0000] {dag.py:3504} INFO - Setting next_dagrun for example_xcom to 2021-01-01T00:00:00+00:00, run_after=2021-01-01T00:00:00+00:00
[2025-02-27T17:50:33.689+0000] {processor.py:179} INFO - Processing /home/vscode/.local/lib/python3.10/site-packages/airflow/example_dags/example_xcom.py took 0.049 seconds
[2025-02-27T17:53:07.790+0000] {processor.py:157} INFO - Started process (PID=15228) to work on /home/vscode/.local/lib/python3.10/site-packages/airflow/example_dags/example_xcom.py
[2025-02-27T17:53:07.791+0000] {processor.py:826} INFO - Processing file /home/vscode/.local/lib/python3.10/site-packages/airflow/example_dags/example_xcom.py for tasks to queue
[2025-02-27T17:53:07.792+0000] {logging_mixin.py:150} INFO - [2025-02-27T17:53:07.791+0000] {dagbag.py:541} INFO - Filling up the DagBag from /home/vscode/.local/lib/python3.10/site-packages/airflow/example_dags/example_xcom.py
[2025-02-27T17:53:07.797+0000] {processor.py:836} INFO - DAG(s) dict_keys(['example_xcom']) retrieved from /home/vscode/.local/lib/python3.10/site-packages/airflow/example_dags/example_xcom.py
[2025-02-27T17:53:07.811+0000] {logging_mixin.py:150} INFO - [2025-02-27T17:53:07.810+0000] {dag.py:2742} INFO - Sync 1 DAGs
[2025-02-27T17:53:07.906+0000] {logging_mixin.py:150} INFO - [2025-02-27T17:53:07.906+0000] {dag.py:3504} INFO - Setting next_dagrun for example_xcom to 2021-01-01T00:00:00+00:00, run_after=2021-01-01T00:00:00+00:00
[2025-02-27T17:53:07.920+0000] {processor.py:179} INFO - Processing /home/vscode/.local/lib/python3.10/site-packages/airflow/example_dags/example_xcom.py took 0.132 seconds
[2025-02-27T17:57:49.257+0000] {processor.py:157} INFO - Started process (PID=18664) to work on /home/vscode/.local/lib/python3.10/site-packages/airflow/example_dags/example_xcom.py
[2025-02-27T17:57:49.263+0000] {processor.py:826} INFO - Processing file /home/vscode/.local/lib/python3.10/site-packages/airflow/example_dags/example_xcom.py for tasks to queue
[2025-02-27T17:57:49.263+0000] {logging_mixin.py:150} INFO - [2025-02-27T17:57:49.263+0000] {dagbag.py:541} INFO - Filling up the DagBag from /home/vscode/.local/lib/python3.10/site-packages/airflow/example_dags/example_xcom.py
[2025-02-27T17:57:49.269+0000] {processor.py:836} INFO - DAG(s) dict_keys(['example_xcom']) retrieved from /home/vscode/.local/lib/python3.10/site-packages/airflow/example_dags/example_xcom.py
[2025-02-27T17:57:49.282+0000] {logging_mixin.py:150} INFO - [2025-02-27T17:57:49.282+0000] {dag.py:2742} INFO - Sync 1 DAGs
[2025-02-27T17:57:49.374+0000] {logging_mixin.py:150} INFO - [2025-02-27T17:57:49.374+0000] {dag.py:3504} INFO - Setting next_dagrun for example_xcom to 2021-01-01T00:00:00+00:00, run_after=2021-01-01T00:00:00+00:00
[2025-02-27T17:57:49.389+0000] {processor.py:179} INFO - Processing /home/vscode/.local/lib/python3.10/site-packages/airflow/example_dags/example_xcom.py took 0.134 seconds
[2025-02-27T17:58:35.164+0000] {processor.py:157} INFO - Started process (PID=19013) to work on /home/vscode/.local/lib/python3.10/site-packages/airflow/example_dags/example_xcom.py
[2025-02-27T17:58:35.164+0000] {processor.py:826} INFO - Processing file /home/vscode/.local/lib/python3.10/site-packages/airflow/example_dags/example_xcom.py for tasks to queue
[2025-02-27T17:58:35.165+0000] {logging_mixin.py:150} INFO - [2025-02-27T17:58:35.165+0000] {dagbag.py:541} INFO - Filling up the DagBag from /home/vscode/.local/lib/python3.10/site-packages/airflow/example_dags/example_xcom.py
[2025-02-27T17:58:35.170+0000] {processor.py:836} INFO - DAG(s) dict_keys(['example_xcom']) retrieved from /home/vscode/.local/lib/python3.10/site-packages/airflow/example_dags/example_xcom.py
[2025-02-27T17:58:35.182+0000] {logging_mixin.py:150} INFO - [2025-02-27T17:58:35.182+0000] {dag.py:2742} INFO - Sync 1 DAGs
[2025-02-27T17:58:35.196+0000] {logging_mixin.py:150} INFO - [2025-02-27T17:58:35.196+0000] {dag.py:3504} INFO - Setting next_dagrun for example_xcom to 2021-01-01T00:00:00+00:00, run_after=2021-01-01T00:00:00+00:00
[2025-02-27T17:58:35.212+0000] {processor.py:179} INFO - Processing /home/vscode/.local/lib/python3.10/site-packages/airflow/example_dags/example_xcom.py took 0.051 seconds
[2025-02-27T17:59:19.806+0000] {processor.py:157} INFO - Started process (PID=19466) to work on /home/vscode/.local/lib/python3.10/site-packages/airflow/example_dags/example_xcom.py
[2025-02-27T17:59:19.807+0000] {processor.py:826} INFO - Processing file /home/vscode/.local/lib/python3.10/site-packages/airflow/example_dags/example_xcom.py for tasks to queue
[2025-02-27T17:59:19.807+0000] {logging_mixin.py:150} INFO - [2025-02-27T17:59:19.807+0000] {dagbag.py:541} INFO - Filling up the DagBag from /home/vscode/.local/lib/python3.10/site-packages/airflow/example_dags/example_xcom.py
[2025-02-27T17:59:19.813+0000] {processor.py:836} INFO - DAG(s) dict_keys(['example_xcom']) retrieved from /home/vscode/.local/lib/python3.10/site-packages/airflow/example_dags/example_xcom.py
[2025-02-27T17:59:19.824+0000] {logging_mixin.py:150} INFO - [2025-02-27T17:59:19.824+0000] {dag.py:2742} INFO - Sync 1 DAGs
[2025-02-27T17:59:19.838+0000] {logging_mixin.py:150} INFO - [2025-02-27T17:59:19.838+0000] {dag.py:3504} INFO - Setting next_dagrun for example_xcom to 2021-01-01T00:00:00+00:00, run_after=2021-01-01T00:00:00+00:00
[2025-02-27T17:59:19.852+0000] {processor.py:179} INFO - Processing /home/vscode/.local/lib/python3.10/site-packages/airflow/example_dags/example_xcom.py took 0.048 seconds
[2025-02-27T18:00:03.071+0000] {processor.py:157} INFO - Started process (PID=19922) to work on /home/vscode/.local/lib/python3.10/site-packages/airflow/example_dags/example_xcom.py
[2025-02-27T18:00:03.072+0000] {processor.py:826} INFO - Processing file /home/vscode/.local/lib/python3.10/site-packages/airflow/example_dags/example_xcom.py for tasks to queue
[2025-02-27T18:00:03.073+0000] {logging_mixin.py:150} INFO - [2025-02-27T18:00:03.072+0000] {dagbag.py:541} INFO - Filling up the DagBag from /home/vscode/.local/lib/python3.10/site-packages/airflow/example_dags/example_xcom.py
[2025-02-27T18:00:03.078+0000] {processor.py:836} INFO - DAG(s) dict_keys(['example_xcom']) retrieved from /home/vscode/.local/lib/python3.10/site-packages/airflow/example_dags/example_xcom.py
[2025-02-27T18:00:03.090+0000] {logging_mixin.py:150} INFO - [2025-02-27T18:00:03.090+0000] {dag.py:2742} INFO - Sync 1 DAGs
[2025-02-27T18:00:03.104+0000] {logging_mixin.py:150} INFO - [2025-02-27T18:00:03.104+0000] {dag.py:3504} INFO - Setting next_dagrun for example_xcom to 2021-01-01T00:00:00+00:00, run_after=2021-01-01T00:00:00+00:00
[2025-02-27T18:00:03.118+0000] {processor.py:179} INFO - Processing /home/vscode/.local/lib/python3.10/site-packages/airflow/example_dags/example_xcom.py took 0.049 seconds
