[2025-02-27T17:50:10.753+0000] {processor.py:157} INFO - Started process (PID=13717) to work on /home/vscode/.local/lib/python3.10/site-packages/airflow/example_dags/example_bash_operator.py
[2025-02-27T17:50:10.754+0000] {processor.py:826} INFO - Processing file /home/vscode/.local/lib/python3.10/site-packages/airflow/example_dags/example_bash_operator.py for tasks to queue
[2025-02-27T17:50:10.755+0000] {logging_mixin.py:150} INFO - [2025-02-27T17:50:10.755+0000] {dagbag.py:541} INFO - Filling up the DagBag from /home/vscode/.local/lib/python3.10/site-packages/airflow/example_dags/example_bash_operator.py
[2025-02-27T17:50:10.766+0000] {processor.py:836} INFO - DAG(s) dict_keys(['example_bash_operator']) retrieved from /home/vscode/.local/lib/python3.10/site-packages/airflow/example_dags/example_bash_operator.py
[2025-02-27T17:50:10.850+0000] {logging_mixin.py:150} INFO - [2025-02-27T17:50:10.850+0000] {manager.py:504} INFO - Created Permission View: can delete on DAG:example_bash_operator
[2025-02-27T17:50:10.858+0000] {logging_mixin.py:150} INFO - [2025-02-27T17:50:10.857+0000] {manager.py:504} INFO - Created Permission View: can read on DAG:example_bash_operator
[2025-02-27T17:50:10.863+0000] {logging_mixin.py:150} INFO - [2025-02-27T17:50:10.863+0000] {manager.py:504} INFO - Created Permission View: can edit on DAG:example_bash_operator
[2025-02-27T17:50:10.871+0000] {logging_mixin.py:150} INFO - [2025-02-27T17:50:10.871+0000] {dag.py:2742} INFO - Sync 1 DAGs
[2025-02-27T17:50:10.878+0000] {logging_mixin.py:150} INFO - [2025-02-27T17:50:10.878+0000] {dag.py:2763} INFO - Creating ORM DAG for example_bash_operator
[2025-02-27T17:50:10.886+0000] {logging_mixin.py:150} INFO - [2025-02-27T17:50:10.886+0000] {dag.py:3504} INFO - Setting next_dagrun for example_bash_operator to 2025-02-26T00:00:00+00:00, run_after=2025-02-27T00:00:00+00:00
[2025-02-27T17:50:10.903+0000] {processor.py:179} INFO - Processing /home/vscode/.local/lib/python3.10/site-packages/airflow/example_dags/example_bash_operator.py took 0.152 seconds
[2025-02-27T17:51:01.092+0000] {processor.py:157} INFO - Started process (PID=14113) to work on /home/vscode/.local/lib/python3.10/site-packages/airflow/example_dags/example_bash_operator.py
[2025-02-27T17:51:01.093+0000] {processor.py:826} INFO - Processing file /home/vscode/.local/lib/python3.10/site-packages/airflow/example_dags/example_bash_operator.py for tasks to queue
[2025-02-27T17:51:01.094+0000] {logging_mixin.py:150} INFO - [2025-02-27T17:51:01.093+0000] {dagbag.py:541} INFO - Filling up the DagBag from /home/vscode/.local/lib/python3.10/site-packages/airflow/example_dags/example_bash_operator.py
[2025-02-27T17:51:01.105+0000] {processor.py:836} INFO - DAG(s) dict_keys(['example_bash_operator']) retrieved from /home/vscode/.local/lib/python3.10/site-packages/airflow/example_dags/example_bash_operator.py
[2025-02-27T17:51:01.124+0000] {logging_mixin.py:150} INFO - [2025-02-27T17:51:01.124+0000] {dag.py:2742} INFO - Sync 1 DAGs
[2025-02-27T17:51:01.139+0000] {logging_mixin.py:150} INFO - [2025-02-27T17:51:01.139+0000] {dag.py:3504} INFO - Setting next_dagrun for example_bash_operator to 2025-02-26T00:00:00+00:00, run_after=2025-02-27T00:00:00+00:00
[2025-02-27T17:51:01.154+0000] {processor.py:179} INFO - Processing /home/vscode/.local/lib/python3.10/site-packages/airflow/example_dags/example_bash_operator.py took 0.064 seconds
[2025-02-27T17:53:32.024+0000] {processor.py:157} INFO - Started process (PID=15427) to work on /home/vscode/.local/lib/python3.10/site-packages/airflow/example_dags/example_bash_operator.py
[2025-02-27T17:53:32.025+0000] {processor.py:826} INFO - Processing file /home/vscode/.local/lib/python3.10/site-packages/airflow/example_dags/example_bash_operator.py for tasks to queue
[2025-02-27T17:53:32.025+0000] {logging_mixin.py:150} INFO - [2025-02-27T17:53:32.025+0000] {dagbag.py:541} INFO - Filling up the DagBag from /home/vscode/.local/lib/python3.10/site-packages/airflow/example_dags/example_bash_operator.py
[2025-02-27T17:53:32.034+0000] {processor.py:836} INFO - DAG(s) dict_keys(['example_bash_operator']) retrieved from /home/vscode/.local/lib/python3.10/site-packages/airflow/example_dags/example_bash_operator.py
[2025-02-27T17:53:32.051+0000] {logging_mixin.py:150} INFO - [2025-02-27T17:53:32.051+0000] {dag.py:2742} INFO - Sync 1 DAGs
[2025-02-27T17:53:32.066+0000] {logging_mixin.py:150} INFO - [2025-02-27T17:53:32.066+0000] {dag.py:3504} INFO - Setting next_dagrun for example_bash_operator to 2025-02-26T00:00:00+00:00, run_after=2025-02-27T00:00:00+00:00
[2025-02-27T17:53:32.082+0000] {processor.py:179} INFO - Processing /home/vscode/.local/lib/python3.10/site-packages/airflow/example_dags/example_bash_operator.py took 0.059 seconds
[2025-02-27T17:58:13.895+0000] {processor.py:157} INFO - Started process (PID=18828) to work on /home/vscode/.local/lib/python3.10/site-packages/airflow/example_dags/example_bash_operator.py
[2025-02-27T17:58:13.896+0000] {processor.py:826} INFO - Processing file /home/vscode/.local/lib/python3.10/site-packages/airflow/example_dags/example_bash_operator.py for tasks to queue
[2025-02-27T17:58:13.896+0000] {logging_mixin.py:150} INFO - [2025-02-27T17:58:13.896+0000] {dagbag.py:541} INFO - Filling up the DagBag from /home/vscode/.local/lib/python3.10/site-packages/airflow/example_dags/example_bash_operator.py
[2025-02-27T17:58:13.904+0000] {processor.py:836} INFO - DAG(s) dict_keys(['example_bash_operator']) retrieved from /home/vscode/.local/lib/python3.10/site-packages/airflow/example_dags/example_bash_operator.py
[2025-02-27T17:58:13.922+0000] {logging_mixin.py:150} INFO - [2025-02-27T17:58:13.921+0000] {dag.py:2742} INFO - Sync 1 DAGs
[2025-02-27T17:58:13.937+0000] {logging_mixin.py:150} INFO - [2025-02-27T17:58:13.936+0000] {dag.py:3504} INFO - Setting next_dagrun for example_bash_operator to 2025-02-26T00:00:00+00:00, run_after=2025-02-27T00:00:00+00:00
[2025-02-27T17:58:13.951+0000] {processor.py:179} INFO - Processing /home/vscode/.local/lib/python3.10/site-packages/airflow/example_dags/example_bash_operator.py took 0.058 seconds
[2025-02-27T17:58:59.304+0000] {processor.py:157} INFO - Started process (PID=19237) to work on /home/vscode/.local/lib/python3.10/site-packages/airflow/example_dags/example_bash_operator.py
[2025-02-27T17:58:59.305+0000] {processor.py:826} INFO - Processing file /home/vscode/.local/lib/python3.10/site-packages/airflow/example_dags/example_bash_operator.py for tasks to queue
[2025-02-27T17:58:59.306+0000] {logging_mixin.py:150} INFO - [2025-02-27T17:58:59.306+0000] {dagbag.py:541} INFO - Filling up the DagBag from /home/vscode/.local/lib/python3.10/site-packages/airflow/example_dags/example_bash_operator.py
[2025-02-27T17:58:59.314+0000] {processor.py:836} INFO - DAG(s) dict_keys(['example_bash_operator']) retrieved from /home/vscode/.local/lib/python3.10/site-packages/airflow/example_dags/example_bash_operator.py
[2025-02-27T17:58:59.332+0000] {logging_mixin.py:150} INFO - [2025-02-27T17:58:59.332+0000] {dag.py:2742} INFO - Sync 1 DAGs
[2025-02-27T17:58:59.347+0000] {logging_mixin.py:150} INFO - [2025-02-27T17:58:59.347+0000] {dag.py:3504} INFO - Setting next_dagrun for example_bash_operator to 2025-02-26T00:00:00+00:00, run_after=2025-02-27T00:00:00+00:00
[2025-02-27T17:58:59.361+0000] {processor.py:179} INFO - Processing /home/vscode/.local/lib/python3.10/site-packages/airflow/example_dags/example_bash_operator.py took 0.059 seconds
[2025-02-27T17:59:42.504+0000] {processor.py:157} INFO - Started process (PID=19704) to work on /home/vscode/.local/lib/python3.10/site-packages/airflow/example_dags/example_bash_operator.py
[2025-02-27T17:59:42.504+0000] {processor.py:826} INFO - Processing file /home/vscode/.local/lib/python3.10/site-packages/airflow/example_dags/example_bash_operator.py for tasks to queue
[2025-02-27T17:59:42.505+0000] {logging_mixin.py:150} INFO - [2025-02-27T17:59:42.505+0000] {dagbag.py:541} INFO - Filling up the DagBag from /home/vscode/.local/lib/python3.10/site-packages/airflow/example_dags/example_bash_operator.py
[2025-02-27T17:59:42.513+0000] {processor.py:836} INFO - DAG(s) dict_keys(['example_bash_operator']) retrieved from /home/vscode/.local/lib/python3.10/site-packages/airflow/example_dags/example_bash_operator.py
[2025-02-27T17:59:42.531+0000] {logging_mixin.py:150} INFO - [2025-02-27T17:59:42.531+0000] {dag.py:2742} INFO - Sync 1 DAGs
[2025-02-27T17:59:42.547+0000] {logging_mixin.py:150} INFO - [2025-02-27T17:59:42.547+0000] {dag.py:3504} INFO - Setting next_dagrun for example_bash_operator to 2025-02-26T00:00:00+00:00, run_after=2025-02-27T00:00:00+00:00
[2025-02-27T17:59:42.563+0000] {processor.py:179} INFO - Processing /home/vscode/.local/lib/python3.10/site-packages/airflow/example_dags/example_bash_operator.py took 0.062 seconds
[2025-02-27T18:00:28.170+0000] {processor.py:157} INFO - Started process (PID=20211) to work on /home/vscode/.local/lib/python3.10/site-packages/airflow/example_dags/example_bash_operator.py
[2025-02-27T18:00:28.171+0000] {processor.py:826} INFO - Processing file /home/vscode/.local/lib/python3.10/site-packages/airflow/example_dags/example_bash_operator.py for tasks to queue
[2025-02-27T18:00:28.171+0000] {logging_mixin.py:150} INFO - [2025-02-27T18:00:28.171+0000] {dagbag.py:541} INFO - Filling up the DagBag from /home/vscode/.local/lib/python3.10/site-packages/airflow/example_dags/example_bash_operator.py
[2025-02-27T18:00:28.180+0000] {processor.py:836} INFO - DAG(s) dict_keys(['example_bash_operator']) retrieved from /home/vscode/.local/lib/python3.10/site-packages/airflow/example_dags/example_bash_operator.py
[2025-02-27T18:00:28.197+0000] {logging_mixin.py:150} INFO - [2025-02-27T18:00:28.197+0000] {dag.py:2742} INFO - Sync 1 DAGs
[2025-02-27T18:00:28.212+0000] {logging_mixin.py:150} INFO - [2025-02-27T18:00:28.212+0000] {dag.py:3504} INFO - Setting next_dagrun for example_bash_operator to 2025-02-26T00:00:00+00:00, run_after=2025-02-27T00:00:00+00:00
[2025-02-27T18:00:28.227+0000] {processor.py:179} INFO - Processing /home/vscode/.local/lib/python3.10/site-packages/airflow/example_dags/example_bash_operator.py took 0.059 seconds
