[2025-02-27T17:50:01.502+0000] {processor.py:157} INFO - Started process (PID=13654) to work on /home/vscode/.local/lib/python3.10/site-packages/airflow/example_dags/example_sensors.py
[2025-02-27T17:50:01.503+0000] {processor.py:826} INFO - Processing file /home/vscode/.local/lib/python3.10/site-packages/airflow/example_dags/example_sensors.py for tasks to queue
[2025-02-27T17:50:01.504+0000] {logging_mixin.py:150} INFO - [2025-02-27T17:50:01.503+0000] {dagbag.py:541} INFO - Filling up the DagBag from /home/vscode/.local/lib/python3.10/site-packages/airflow/example_dags/example_sensors.py
[2025-02-27T17:50:01.511+0000] {processor.py:836} INFO - DAG(s) dict_keys(['example_sensors']) retrieved from /home/vscode/.local/lib/python3.10/site-packages/airflow/example_dags/example_sensors.py
[2025-02-27T17:50:01.671+0000] {logging_mixin.py:150} INFO - [2025-02-27T17:50:01.671+0000] {manager.py:504} INFO - Created Permission View: can delete on DAG:example_sensors
[2025-02-27T17:50:01.679+0000] {logging_mixin.py:150} INFO - [2025-02-27T17:50:01.678+0000] {manager.py:504} INFO - Created Permission View: can read on DAG:example_sensors
[2025-02-27T17:50:01.684+0000] {logging_mixin.py:150} INFO - [2025-02-27T17:50:01.684+0000] {manager.py:504} INFO - Created Permission View: can edit on DAG:example_sensors
[2025-02-27T17:50:01.692+0000] {logging_mixin.py:150} INFO - [2025-02-27T17:50:01.692+0000] {dag.py:2742} INFO - Sync 1 DAGs
[2025-02-27T17:50:01.698+0000] {logging_mixin.py:150} INFO - [2025-02-27T17:50:01.698+0000] {dag.py:2763} INFO - Creating ORM DAG for example_sensors
[2025-02-27T17:50:01.704+0000] {logging_mixin.py:150} INFO - [2025-02-27T17:50:01.704+0000] {dag.py:3504} INFO - Setting next_dagrun for example_sensors to None, run_after=None
[2025-02-27T17:50:01.719+0000] {processor.py:179} INFO - Processing /home/vscode/.local/lib/python3.10/site-packages/airflow/example_dags/example_sensors.py took 0.219 seconds
[2025-02-27T17:50:47.946+0000] {processor.py:157} INFO - Started process (PID=14004) to work on /home/vscode/.local/lib/python3.10/site-packages/airflow/example_dags/example_sensors.py
[2025-02-27T17:50:47.948+0000] {processor.py:826} INFO - Processing file /home/vscode/.local/lib/python3.10/site-packages/airflow/example_dags/example_sensors.py for tasks to queue
[2025-02-27T17:50:47.949+0000] {logging_mixin.py:150} INFO - [2025-02-27T17:50:47.948+0000] {dagbag.py:541} INFO - Filling up the DagBag from /home/vscode/.local/lib/python3.10/site-packages/airflow/example_dags/example_sensors.py
[2025-02-27T17:50:47.963+0000] {processor.py:836} INFO - DAG(s) dict_keys(['example_sensors']) retrieved from /home/vscode/.local/lib/python3.10/site-packages/airflow/example_dags/example_sensors.py
[2025-02-27T17:50:47.978+0000] {logging_mixin.py:150} INFO - [2025-02-27T17:50:47.977+0000] {dag.py:2742} INFO - Sync 1 DAGs
[2025-02-27T17:50:47.995+0000] {logging_mixin.py:150} INFO - [2025-02-27T17:50:47.995+0000] {dag.py:3504} INFO - Setting next_dagrun for example_sensors to None, run_after=None
[2025-02-27T17:50:48.010+0000] {processor.py:179} INFO - Processing /home/vscode/.local/lib/python3.10/site-packages/airflow/example_dags/example_sensors.py took 0.068 seconds
[2025-02-27T17:53:24.209+0000] {processor.py:157} INFO - Started process (PID=15335) to work on /home/vscode/.local/lib/python3.10/site-packages/airflow/example_dags/example_sensors.py
[2025-02-27T17:53:24.210+0000] {processor.py:826} INFO - Processing file /home/vscode/.local/lib/python3.10/site-packages/airflow/example_dags/example_sensors.py for tasks to queue
[2025-02-27T17:53:24.210+0000] {logging_mixin.py:150} INFO - [2025-02-27T17:53:24.210+0000] {dagbag.py:541} INFO - Filling up the DagBag from /home/vscode/.local/lib/python3.10/site-packages/airflow/example_dags/example_sensors.py
[2025-02-27T17:53:24.219+0000] {processor.py:836} INFO - DAG(s) dict_keys(['example_sensors']) retrieved from /home/vscode/.local/lib/python3.10/site-packages/airflow/example_dags/example_sensors.py
[2025-02-27T17:53:24.312+0000] {logging_mixin.py:150} INFO - [2025-02-27T17:53:24.312+0000] {dag.py:2742} INFO - Sync 1 DAGs
[2025-02-27T17:53:24.325+0000] {logging_mixin.py:150} INFO - [2025-02-27T17:53:24.325+0000] {dag.py:3504} INFO - Setting next_dagrun for example_sensors to None, run_after=None
[2025-02-27T17:53:24.341+0000] {processor.py:179} INFO - Processing /home/vscode/.local/lib/python3.10/site-packages/airflow/example_dags/example_sensors.py took 0.135 seconds
[2025-02-27T17:58:04.902+0000] {processor.py:157} INFO - Started process (PID=18763) to work on /home/vscode/.local/lib/python3.10/site-packages/airflow/example_dags/example_sensors.py
[2025-02-27T17:58:04.903+0000] {processor.py:826} INFO - Processing file /home/vscode/.local/lib/python3.10/site-packages/airflow/example_dags/example_sensors.py for tasks to queue
[2025-02-27T17:58:04.904+0000] {logging_mixin.py:150} INFO - [2025-02-27T17:58:04.904+0000] {dagbag.py:541} INFO - Filling up the DagBag from /home/vscode/.local/lib/python3.10/site-packages/airflow/example_dags/example_sensors.py
[2025-02-27T17:58:04.912+0000] {processor.py:836} INFO - DAG(s) dict_keys(['example_sensors']) retrieved from /home/vscode/.local/lib/python3.10/site-packages/airflow/example_dags/example_sensors.py
[2025-02-27T17:58:05.001+0000] {logging_mixin.py:150} INFO - [2025-02-27T17:58:05.001+0000] {dag.py:2742} INFO - Sync 1 DAGs
[2025-02-27T17:58:05.013+0000] {logging_mixin.py:150} INFO - [2025-02-27T17:58:05.013+0000] {dag.py:3504} INFO - Setting next_dagrun for example_sensors to None, run_after=None
[2025-02-27T17:58:05.029+0000] {processor.py:179} INFO - Processing /home/vscode/.local/lib/python3.10/site-packages/airflow/example_dags/example_sensors.py took 0.129 seconds
[2025-02-27T17:58:51.297+0000] {processor.py:157} INFO - Started process (PID=19171) to work on /home/vscode/.local/lib/python3.10/site-packages/airflow/example_dags/example_sensors.py
[2025-02-27T17:58:51.298+0000] {processor.py:826} INFO - Processing file /home/vscode/.local/lib/python3.10/site-packages/airflow/example_dags/example_sensors.py for tasks to queue
[2025-02-27T17:58:51.299+0000] {logging_mixin.py:150} INFO - [2025-02-27T17:58:51.299+0000] {dagbag.py:541} INFO - Filling up the DagBag from /home/vscode/.local/lib/python3.10/site-packages/airflow/example_dags/example_sensors.py
[2025-02-27T17:58:51.308+0000] {processor.py:836} INFO - DAG(s) dict_keys(['example_sensors']) retrieved from /home/vscode/.local/lib/python3.10/site-packages/airflow/example_dags/example_sensors.py
[2025-02-27T17:58:51.322+0000] {logging_mixin.py:150} INFO - [2025-02-27T17:58:51.322+0000] {dag.py:2742} INFO - Sync 1 DAGs
[2025-02-27T17:58:51.336+0000] {logging_mixin.py:150} INFO - [2025-02-27T17:58:51.335+0000] {dag.py:3504} INFO - Setting next_dagrun for example_sensors to None, run_after=None
[2025-02-27T17:58:51.351+0000] {processor.py:179} INFO - Processing /home/vscode/.local/lib/python3.10/site-packages/airflow/example_dags/example_sensors.py took 0.056 seconds
[2025-02-27T17:59:35.729+0000] {processor.py:157} INFO - Started process (PID=19636) to work on /home/vscode/.local/lib/python3.10/site-packages/airflow/example_dags/example_sensors.py
[2025-02-27T17:59:35.730+0000] {processor.py:826} INFO - Processing file /home/vscode/.local/lib/python3.10/site-packages/airflow/example_dags/example_sensors.py for tasks to queue
[2025-02-27T17:59:35.730+0000] {logging_mixin.py:150} INFO - [2025-02-27T17:59:35.730+0000] {dagbag.py:541} INFO - Filling up the DagBag from /home/vscode/.local/lib/python3.10/site-packages/airflow/example_dags/example_sensors.py
[2025-02-27T17:59:35.737+0000] {processor.py:836} INFO - DAG(s) dict_keys(['example_sensors']) retrieved from /home/vscode/.local/lib/python3.10/site-packages/airflow/example_dags/example_sensors.py
[2025-02-27T17:59:35.752+0000] {logging_mixin.py:150} INFO - [2025-02-27T17:59:35.751+0000] {dag.py:2742} INFO - Sync 1 DAGs
[2025-02-27T17:59:35.765+0000] {logging_mixin.py:150} INFO - [2025-02-27T17:59:35.765+0000] {dag.py:3504} INFO - Setting next_dagrun for example_sensors to None, run_after=None
[2025-02-27T17:59:35.780+0000] {processor.py:179} INFO - Processing /home/vscode/.local/lib/python3.10/site-packages/airflow/example_dags/example_sensors.py took 0.054 seconds
[2025-02-27T18:00:19.628+0000] {processor.py:157} INFO - Started process (PID=20097) to work on /home/vscode/.local/lib/python3.10/site-packages/airflow/example_dags/example_sensors.py
[2025-02-27T18:00:19.629+0000] {processor.py:826} INFO - Processing file /home/vscode/.local/lib/python3.10/site-packages/airflow/example_dags/example_sensors.py for tasks to queue
[2025-02-27T18:00:19.629+0000] {logging_mixin.py:150} INFO - [2025-02-27T18:00:19.629+0000] {dagbag.py:541} INFO - Filling up the DagBag from /home/vscode/.local/lib/python3.10/site-packages/airflow/example_dags/example_sensors.py
[2025-02-27T18:00:19.636+0000] {processor.py:836} INFO - DAG(s) dict_keys(['example_sensors']) retrieved from /home/vscode/.local/lib/python3.10/site-packages/airflow/example_dags/example_sensors.py
[2025-02-27T18:00:19.651+0000] {logging_mixin.py:150} INFO - [2025-02-27T18:00:19.651+0000] {dag.py:2742} INFO - Sync 1 DAGs
[2025-02-27T18:00:19.664+0000] {logging_mixin.py:150} INFO - [2025-02-27T18:00:19.664+0000] {dag.py:3504} INFO - Setting next_dagrun for example_sensors to None, run_after=None
[2025-02-27T18:00:19.678+0000] {processor.py:179} INFO - Processing /home/vscode/.local/lib/python3.10/site-packages/airflow/example_dags/example_sensors.py took 0.053 seconds
