[2025-02-27T17:49:40.329+0000] {processor.py:157} INFO - Started process (PID=13518) to work on /home/vscode/.local/lib/python3.10/site-packages/airflow/example_dags/example_short_circuit_decorator.py
[2025-02-27T17:49:40.330+0000] {processor.py:826} INFO - Processing file /home/vscode/.local/lib/python3.10/site-packages/airflow/example_dags/example_short_circuit_decorator.py for tasks to queue
[2025-02-27T17:49:40.330+0000] {logging_mixin.py:150} INFO - [2025-02-27T17:49:40.330+0000] {dagbag.py:541} INFO - Filling up the DagBag from /home/vscode/.local/lib/python3.10/site-packages/airflow/example_dags/example_short_circuit_decorator.py
[2025-02-27T17:49:40.337+0000] {processor.py:836} INFO - DAG(s) dict_keys(['example_short_circuit_decorator']) retrieved from /home/vscode/.local/lib/python3.10/site-packages/airflow/example_dags/example_short_circuit_decorator.py
[2025-02-27T17:49:40.500+0000] {logging_mixin.py:150} INFO - [2025-02-27T17:49:40.500+0000] {manager.py:504} INFO - Created Permission View: can delete on DAG:example_short_circuit_decorator
[2025-02-27T17:49:40.508+0000] {logging_mixin.py:150} INFO - [2025-02-27T17:49:40.508+0000] {manager.py:504} INFO - Created Permission View: can read on DAG:example_short_circuit_decorator
[2025-02-27T17:49:40.514+0000] {logging_mixin.py:150} INFO - [2025-02-27T17:49:40.514+0000] {manager.py:504} INFO - Created Permission View: can edit on DAG:example_short_circuit_decorator
[2025-02-27T17:49:40.522+0000] {logging_mixin.py:150} INFO - [2025-02-27T17:49:40.522+0000] {dag.py:2742} INFO - Sync 1 DAGs
[2025-02-27T17:49:40.528+0000] {logging_mixin.py:150} INFO - [2025-02-27T17:49:40.528+0000] {dag.py:2763} INFO - Creating ORM DAG for example_short_circuit_decorator
[2025-02-27T17:49:40.534+0000] {logging_mixin.py:150} INFO - [2025-02-27T17:49:40.534+0000] {dag.py:3504} INFO - Setting next_dagrun for example_short_circuit_decorator to 2025-02-26T17:49:40.534598+00:00, run_after=2025-02-27T17:49:40.534598+00:00
[2025-02-27T17:49:40.551+0000] {processor.py:179} INFO - Processing /home/vscode/.local/lib/python3.10/site-packages/airflow/example_dags/example_short_circuit_decorator.py took 0.224 seconds
[2025-02-27T17:50:31.170+0000] {processor.py:157} INFO - Started process (PID=13882) to work on /home/vscode/.local/lib/python3.10/site-packages/airflow/example_dags/example_short_circuit_decorator.py
[2025-02-27T17:50:31.171+0000] {processor.py:826} INFO - Processing file /home/vscode/.local/lib/python3.10/site-packages/airflow/example_dags/example_short_circuit_decorator.py for tasks to queue
[2025-02-27T17:50:31.171+0000] {logging_mixin.py:150} INFO - [2025-02-27T17:50:31.171+0000] {dagbag.py:541} INFO - Filling up the DagBag from /home/vscode/.local/lib/python3.10/site-packages/airflow/example_dags/example_short_circuit_decorator.py
[2025-02-27T17:50:31.178+0000] {processor.py:836} INFO - DAG(s) dict_keys(['example_short_circuit_decorator']) retrieved from /home/vscode/.local/lib/python3.10/site-packages/airflow/example_dags/example_short_circuit_decorator.py
[2025-02-27T17:50:31.191+0000] {logging_mixin.py:150} INFO - [2025-02-27T17:50:31.191+0000] {dag.py:2742} INFO - Sync 1 DAGs
[2025-02-27T17:50:31.205+0000] {logging_mixin.py:150} INFO - [2025-02-27T17:50:31.205+0000] {dag.py:3504} INFO - Setting next_dagrun for example_short_circuit_decorator to 2025-02-26T17:50:31.205077+00:00, run_after=2025-02-27T17:50:31.205077+00:00
[2025-02-27T17:50:31.221+0000] {processor.py:179} INFO - Processing /home/vscode/.local/lib/python3.10/site-packages/airflow/example_dags/example_short_circuit_decorator.py took 0.053 seconds
[2025-02-27T17:53:04.776+0000] {processor.py:157} INFO - Started process (PID=15216) to work on /home/vscode/.local/lib/python3.10/site-packages/airflow/example_dags/example_short_circuit_decorator.py
[2025-02-27T17:53:04.776+0000] {processor.py:826} INFO - Processing file /home/vscode/.local/lib/python3.10/site-packages/airflow/example_dags/example_short_circuit_decorator.py for tasks to queue
[2025-02-27T17:53:04.777+0000] {logging_mixin.py:150} INFO - [2025-02-27T17:53:04.777+0000] {dagbag.py:541} INFO - Filling up the DagBag from /home/vscode/.local/lib/python3.10/site-packages/airflow/example_dags/example_short_circuit_decorator.py
[2025-02-27T17:53:04.783+0000] {processor.py:836} INFO - DAG(s) dict_keys(['example_short_circuit_decorator']) retrieved from /home/vscode/.local/lib/python3.10/site-packages/airflow/example_dags/example_short_circuit_decorator.py
[2025-02-27T17:53:04.798+0000] {logging_mixin.py:150} INFO - [2025-02-27T17:53:04.797+0000] {dag.py:2742} INFO - Sync 1 DAGs
[2025-02-27T17:53:04.884+0000] {logging_mixin.py:150} INFO - [2025-02-27T17:53:04.884+0000] {dag.py:3504} INFO - Setting next_dagrun for example_short_circuit_decorator to 2025-02-26T17:53:04.884221+00:00, run_after=2025-02-27T17:53:04.884221+00:00
[2025-02-27T17:53:04.899+0000] {processor.py:179} INFO - Processing /home/vscode/.local/lib/python3.10/site-packages/airflow/example_dags/example_short_circuit_decorator.py took 0.125 seconds
[2025-02-27T17:57:46.491+0000] {processor.py:157} INFO - Started process (PID=18636) to work on /home/vscode/.local/lib/python3.10/site-packages/airflow/example_dags/example_short_circuit_decorator.py
[2025-02-27T17:57:46.492+0000] {processor.py:826} INFO - Processing file /home/vscode/.local/lib/python3.10/site-packages/airflow/example_dags/example_short_circuit_decorator.py for tasks to queue
[2025-02-27T17:57:46.493+0000] {logging_mixin.py:150} INFO - [2025-02-27T17:57:46.493+0000] {dagbag.py:541} INFO - Filling up the DagBag from /home/vscode/.local/lib/python3.10/site-packages/airflow/example_dags/example_short_circuit_decorator.py
[2025-02-27T17:57:46.500+0000] {processor.py:836} INFO - DAG(s) dict_keys(['example_short_circuit_decorator']) retrieved from /home/vscode/.local/lib/python3.10/site-packages/airflow/example_dags/example_short_circuit_decorator.py
[2025-02-27T17:57:46.515+0000] {logging_mixin.py:150} INFO - [2025-02-27T17:57:46.515+0000] {dag.py:2742} INFO - Sync 1 DAGs
[2025-02-27T17:57:46.636+0000] {logging_mixin.py:150} INFO - [2025-02-27T17:57:46.636+0000] {dag.py:3504} INFO - Setting next_dagrun for example_short_circuit_decorator to 2025-02-26T17:57:46.636079+00:00, run_after=2025-02-27T17:57:46.636079+00:00
[2025-02-27T17:57:46.652+0000] {processor.py:179} INFO - Processing /home/vscode/.local/lib/python3.10/site-packages/airflow/example_dags/example_short_circuit_decorator.py took 0.163 seconds
[2025-02-27T17:58:31.757+0000] {processor.py:157} INFO - Started process (PID=18984) to work on /home/vscode/.local/lib/python3.10/site-packages/airflow/example_dags/example_short_circuit_decorator.py
[2025-02-27T17:58:31.758+0000] {processor.py:826} INFO - Processing file /home/vscode/.local/lib/python3.10/site-packages/airflow/example_dags/example_short_circuit_decorator.py for tasks to queue
[2025-02-27T17:58:31.759+0000] {logging_mixin.py:150} INFO - [2025-02-27T17:58:31.758+0000] {dagbag.py:541} INFO - Filling up the DagBag from /home/vscode/.local/lib/python3.10/site-packages/airflow/example_dags/example_short_circuit_decorator.py
[2025-02-27T17:58:31.766+0000] {processor.py:836} INFO - DAG(s) dict_keys(['example_short_circuit_decorator']) retrieved from /home/vscode/.local/lib/python3.10/site-packages/airflow/example_dags/example_short_circuit_decorator.py
[2025-02-27T17:58:31.780+0000] {logging_mixin.py:150} INFO - [2025-02-27T17:58:31.780+0000] {dag.py:2742} INFO - Sync 1 DAGs
[2025-02-27T17:58:31.794+0000] {logging_mixin.py:150} INFO - [2025-02-27T17:58:31.794+0000] {dag.py:3504} INFO - Setting next_dagrun for example_short_circuit_decorator to 2025-02-26T17:58:31.794423+00:00, run_after=2025-02-27T17:58:31.794423+00:00
[2025-02-27T17:58:31.811+0000] {processor.py:179} INFO - Processing /home/vscode/.local/lib/python3.10/site-packages/airflow/example_dags/example_short_circuit_decorator.py took 0.057 seconds
[2025-02-27T17:59:16.999+0000] {processor.py:157} INFO - Started process (PID=19430) to work on /home/vscode/.local/lib/python3.10/site-packages/airflow/example_dags/example_short_circuit_decorator.py
[2025-02-27T17:59:17.000+0000] {processor.py:826} INFO - Processing file /home/vscode/.local/lib/python3.10/site-packages/airflow/example_dags/example_short_circuit_decorator.py for tasks to queue
[2025-02-27T17:59:17.000+0000] {logging_mixin.py:150} INFO - [2025-02-27T17:59:17.000+0000] {dagbag.py:541} INFO - Filling up the DagBag from /home/vscode/.local/lib/python3.10/site-packages/airflow/example_dags/example_short_circuit_decorator.py
[2025-02-27T17:59:17.007+0000] {processor.py:836} INFO - DAG(s) dict_keys(['example_short_circuit_decorator']) retrieved from /home/vscode/.local/lib/python3.10/site-packages/airflow/example_dags/example_short_circuit_decorator.py
[2025-02-27T17:59:17.020+0000] {logging_mixin.py:150} INFO - [2025-02-27T17:59:17.020+0000] {dag.py:2742} INFO - Sync 1 DAGs
[2025-02-27T17:59:17.034+0000] {logging_mixin.py:150} INFO - [2025-02-27T17:59:17.034+0000] {dag.py:3504} INFO - Setting next_dagrun for example_short_circuit_decorator to 2025-02-26T17:59:17.034242+00:00, run_after=2025-02-27T17:59:17.034242+00:00
[2025-02-27T17:59:17.049+0000] {processor.py:179} INFO - Processing /home/vscode/.local/lib/python3.10/site-packages/airflow/example_dags/example_short_circuit_decorator.py took 0.052 seconds
[2025-02-27T18:00:00.345+0000] {processor.py:157} INFO - Started process (PID=19888) to work on /home/vscode/.local/lib/python3.10/site-packages/airflow/example_dags/example_short_circuit_decorator.py
[2025-02-27T18:00:00.346+0000] {processor.py:826} INFO - Processing file /home/vscode/.local/lib/python3.10/site-packages/airflow/example_dags/example_short_circuit_decorator.py for tasks to queue
[2025-02-27T18:00:00.346+0000] {logging_mixin.py:150} INFO - [2025-02-27T18:00:00.346+0000] {dagbag.py:541} INFO - Filling up the DagBag from /home/vscode/.local/lib/python3.10/site-packages/airflow/example_dags/example_short_circuit_decorator.py
[2025-02-27T18:00:00.353+0000] {processor.py:836} INFO - DAG(s) dict_keys(['example_short_circuit_decorator']) retrieved from /home/vscode/.local/lib/python3.10/site-packages/airflow/example_dags/example_short_circuit_decorator.py
[2025-02-27T18:00:00.366+0000] {logging_mixin.py:150} INFO - [2025-02-27T18:00:00.366+0000] {dag.py:2742} INFO - Sync 1 DAGs
[2025-02-27T18:00:00.381+0000] {logging_mixin.py:150} INFO - [2025-02-27T18:00:00.381+0000] {dag.py:3504} INFO - Setting next_dagrun for example_short_circuit_decorator to 2025-02-26T18:00:00.381382+00:00, run_after=2025-02-27T18:00:00.381382+00:00
[2025-02-27T18:00:00.396+0000] {processor.py:179} INFO - Processing /home/vscode/.local/lib/python3.10/site-packages/airflow/example_dags/example_short_circuit_decorator.py took 0.054 seconds
