[2025-02-27T17:50:02.835+0000] {processor.py:157} INFO - Started process (PID=13662) to work on /home/vscode/.local/lib/python3.10/site-packages/airflow/example_dags/example_latest_only_with_trigger.py
[2025-02-27T17:50:02.836+0000] {processor.py:826} INFO - Processing file /home/vscode/.local/lib/python3.10/site-packages/airflow/example_dags/example_latest_only_with_trigger.py for tasks to queue
[2025-02-27T17:50:02.837+0000] {logging_mixin.py:150} INFO - [2025-02-27T17:50:02.836+0000] {dagbag.py:541} INFO - Filling up the DagBag from /home/vscode/.local/lib/python3.10/site-packages/airflow/example_dags/example_latest_only_with_trigger.py
[2025-02-27T17:50:02.842+0000] {processor.py:836} INFO - DAG(s) dict_keys(['latest_only_with_trigger']) retrieved from /home/vscode/.local/lib/python3.10/site-packages/airflow/example_dags/example_latest_only_with_trigger.py
[2025-02-27T17:50:02.997+0000] {logging_mixin.py:150} INFO - [2025-02-27T17:50:02.997+0000] {manager.py:504} INFO - Created Permission View: can delete on DAG:latest_only_with_trigger
[2025-02-27T17:50:03.008+0000] {logging_mixin.py:150} INFO - [2025-02-27T17:50:03.008+0000] {manager.py:504} INFO - Created Permission View: can read on DAG:latest_only_with_trigger
[2025-02-27T17:50:03.015+0000] {logging_mixin.py:150} INFO - [2025-02-27T17:50:03.015+0000] {manager.py:504} INFO - Created Permission View: can edit on DAG:latest_only_with_trigger
[2025-02-27T17:50:03.028+0000] {logging_mixin.py:150} INFO - [2025-02-27T17:50:03.027+0000] {dag.py:2742} INFO - Sync 1 DAGs
[2025-02-27T17:50:03.038+0000] {logging_mixin.py:150} INFO - [2025-02-27T17:50:03.038+0000] {dag.py:2763} INFO - Creating ORM DAG for latest_only_with_trigger
[2025-02-27T17:50:03.047+0000] {logging_mixin.py:150} INFO - [2025-02-27T17:50:03.046+0000] {dag.py:3504} INFO - Setting next_dagrun for latest_only_with_trigger to 2025-02-27T13:50:03.046640+00:00, run_after=2025-02-27T17:50:03.046640+00:00
[2025-02-27T17:50:03.061+0000] {processor.py:179} INFO - Processing /home/vscode/.local/lib/python3.10/site-packages/airflow/example_dags/example_latest_only_with_trigger.py took 0.228 seconds
[2025-02-27T17:50:49.087+0000] {processor.py:157} INFO - Started process (PID=14013) to work on /home/vscode/.local/lib/python3.10/site-packages/airflow/example_dags/example_latest_only_with_trigger.py
[2025-02-27T17:50:49.088+0000] {processor.py:826} INFO - Processing file /home/vscode/.local/lib/python3.10/site-packages/airflow/example_dags/example_latest_only_with_trigger.py for tasks to queue
[2025-02-27T17:50:49.088+0000] {logging_mixin.py:150} INFO - [2025-02-27T17:50:49.088+0000] {dagbag.py:541} INFO - Filling up the DagBag from /home/vscode/.local/lib/python3.10/site-packages/airflow/example_dags/example_latest_only_with_trigger.py
[2025-02-27T17:50:49.093+0000] {processor.py:836} INFO - DAG(s) dict_keys(['latest_only_with_trigger']) retrieved from /home/vscode/.local/lib/python3.10/site-packages/airflow/example_dags/example_latest_only_with_trigger.py
[2025-02-27T17:50:49.105+0000] {logging_mixin.py:150} INFO - [2025-02-27T17:50:49.104+0000] {dag.py:2742} INFO - Sync 1 DAGs
[2025-02-27T17:50:49.119+0000] {logging_mixin.py:150} INFO - [2025-02-27T17:50:49.119+0000] {dag.py:3504} INFO - Setting next_dagrun for latest_only_with_trigger to 2025-02-27T13:50:49.118859+00:00, run_after=2025-02-27T17:50:49.118859+00:00
[2025-02-27T17:50:49.133+0000] {processor.py:179} INFO - Processing /home/vscode/.local/lib/python3.10/site-packages/airflow/example_dags/example_latest_only_with_trigger.py took 0.048 seconds
[2025-02-27T17:53:24.491+0000] {processor.py:157} INFO - Started process (PID=15336) to work on /home/vscode/.local/lib/python3.10/site-packages/airflow/example_dags/example_latest_only_with_trigger.py
[2025-02-27T17:53:24.491+0000] {processor.py:826} INFO - Processing file /home/vscode/.local/lib/python3.10/site-packages/airflow/example_dags/example_latest_only_with_trigger.py for tasks to queue
[2025-02-27T17:53:24.492+0000] {logging_mixin.py:150} INFO - [2025-02-27T17:53:24.492+0000] {dagbag.py:541} INFO - Filling up the DagBag from /home/vscode/.local/lib/python3.10/site-packages/airflow/example_dags/example_latest_only_with_trigger.py
[2025-02-27T17:53:24.497+0000] {processor.py:836} INFO - DAG(s) dict_keys(['latest_only_with_trigger']) retrieved from /home/vscode/.local/lib/python3.10/site-packages/airflow/example_dags/example_latest_only_with_trigger.py
[2025-02-27T17:53:24.603+0000] {logging_mixin.py:150} INFO - [2025-02-27T17:53:24.602+0000] {dag.py:2742} INFO - Sync 1 DAGs
[2025-02-27T17:53:24.620+0000] {logging_mixin.py:150} INFO - [2025-02-27T17:53:24.620+0000] {dag.py:3504} INFO - Setting next_dagrun for latest_only_with_trigger to 2025-02-27T13:53:24.620487+00:00, run_after=2025-02-27T17:53:24.620487+00:00
[2025-02-27T17:53:24.636+0000] {processor.py:179} INFO - Processing /home/vscode/.local/lib/python3.10/site-packages/airflow/example_dags/example_latest_only_with_trigger.py took 0.147 seconds
[2025-02-27T17:58:06.152+0000] {processor.py:157} INFO - Started process (PID=18777) to work on /home/vscode/.local/lib/python3.10/site-packages/airflow/example_dags/example_latest_only_with_trigger.py
[2025-02-27T17:58:06.153+0000] {processor.py:826} INFO - Processing file /home/vscode/.local/lib/python3.10/site-packages/airflow/example_dags/example_latest_only_with_trigger.py for tasks to queue
[2025-02-27T17:58:06.154+0000] {logging_mixin.py:150} INFO - [2025-02-27T17:58:06.153+0000] {dagbag.py:541} INFO - Filling up the DagBag from /home/vscode/.local/lib/python3.10/site-packages/airflow/example_dags/example_latest_only_with_trigger.py
[2025-02-27T17:58:06.159+0000] {processor.py:836} INFO - DAG(s) dict_keys(['latest_only_with_trigger']) retrieved from /home/vscode/.local/lib/python3.10/site-packages/airflow/example_dags/example_latest_only_with_trigger.py
[2025-02-27T17:58:06.247+0000] {logging_mixin.py:150} INFO - [2025-02-27T17:58:06.247+0000] {dag.py:2742} INFO - Sync 1 DAGs
[2025-02-27T17:58:06.259+0000] {logging_mixin.py:150} INFO - [2025-02-27T17:58:06.259+0000] {dag.py:3504} INFO - Setting next_dagrun for latest_only_with_trigger to 2025-02-27T13:58:06.259680+00:00, run_after=2025-02-27T17:58:06.259680+00:00
[2025-02-27T17:58:06.275+0000] {processor.py:179} INFO - Processing /home/vscode/.local/lib/python3.10/site-packages/airflow/example_dags/example_latest_only_with_trigger.py took 0.124 seconds
[2025-02-27T17:58:52.437+0000] {processor.py:157} INFO - Started process (PID=19173) to work on /home/vscode/.local/lib/python3.10/site-packages/airflow/example_dags/example_latest_only_with_trigger.py
[2025-02-27T17:58:52.437+0000] {processor.py:826} INFO - Processing file /home/vscode/.local/lib/python3.10/site-packages/airflow/example_dags/example_latest_only_with_trigger.py for tasks to queue
[2025-02-27T17:58:52.438+0000] {logging_mixin.py:150} INFO - [2025-02-27T17:58:52.438+0000] {dagbag.py:541} INFO - Filling up the DagBag from /home/vscode/.local/lib/python3.10/site-packages/airflow/example_dags/example_latest_only_with_trigger.py
[2025-02-27T17:58:52.443+0000] {processor.py:836} INFO - DAG(s) dict_keys(['latest_only_with_trigger']) retrieved from /home/vscode/.local/lib/python3.10/site-packages/airflow/example_dags/example_latest_only_with_trigger.py
[2025-02-27T17:58:52.454+0000] {logging_mixin.py:150} INFO - [2025-02-27T17:58:52.454+0000] {dag.py:2742} INFO - Sync 1 DAGs
[2025-02-27T17:58:52.468+0000] {logging_mixin.py:150} INFO - [2025-02-27T17:58:52.468+0000] {dag.py:3504} INFO - Setting next_dagrun for latest_only_with_trigger to 2025-02-27T13:58:52.467924+00:00, run_after=2025-02-27T17:58:52.467924+00:00
[2025-02-27T17:58:52.484+0000] {processor.py:179} INFO - Processing /home/vscode/.local/lib/python3.10/site-packages/airflow/example_dags/example_latest_only_with_trigger.py took 0.049 seconds
[2025-02-27T17:59:36.867+0000] {processor.py:157} INFO - Started process (PID=19654) to work on /home/vscode/.local/lib/python3.10/site-packages/airflow/example_dags/example_latest_only_with_trigger.py
[2025-02-27T17:59:36.868+0000] {processor.py:826} INFO - Processing file /home/vscode/.local/lib/python3.10/site-packages/airflow/example_dags/example_latest_only_with_trigger.py for tasks to queue
[2025-02-27T17:59:36.869+0000] {logging_mixin.py:150} INFO - [2025-02-27T17:59:36.868+0000] {dagbag.py:541} INFO - Filling up the DagBag from /home/vscode/.local/lib/python3.10/site-packages/airflow/example_dags/example_latest_only_with_trigger.py
[2025-02-27T17:59:36.873+0000] {processor.py:836} INFO - DAG(s) dict_keys(['latest_only_with_trigger']) retrieved from /home/vscode/.local/lib/python3.10/site-packages/airflow/example_dags/example_latest_only_with_trigger.py
[2025-02-27T17:59:36.886+0000] {logging_mixin.py:150} INFO - [2025-02-27T17:59:36.886+0000] {dag.py:2742} INFO - Sync 1 DAGs
[2025-02-27T17:59:36.901+0000] {logging_mixin.py:150} INFO - [2025-02-27T17:59:36.900+0000] {dag.py:3504} INFO - Setting next_dagrun for latest_only_with_trigger to 2025-02-27T13:59:36.900795+00:00, run_after=2025-02-27T17:59:36.900795+00:00
[2025-02-27T17:59:36.916+0000] {processor.py:179} INFO - Processing /home/vscode/.local/lib/python3.10/site-packages/airflow/example_dags/example_latest_only_with_trigger.py took 0.051 seconds
[2025-02-27T18:00:20.619+0000] {processor.py:157} INFO - Started process (PID=20114) to work on /home/vscode/.local/lib/python3.10/site-packages/airflow/example_dags/example_latest_only_with_trigger.py
[2025-02-27T18:00:20.620+0000] {processor.py:826} INFO - Processing file /home/vscode/.local/lib/python3.10/site-packages/airflow/example_dags/example_latest_only_with_trigger.py for tasks to queue
[2025-02-27T18:00:20.620+0000] {logging_mixin.py:150} INFO - [2025-02-27T18:00:20.620+0000] {dagbag.py:541} INFO - Filling up the DagBag from /home/vscode/.local/lib/python3.10/site-packages/airflow/example_dags/example_latest_only_with_trigger.py
[2025-02-27T18:00:20.625+0000] {processor.py:836} INFO - DAG(s) dict_keys(['latest_only_with_trigger']) retrieved from /home/vscode/.local/lib/python3.10/site-packages/airflow/example_dags/example_latest_only_with_trigger.py
[2025-02-27T18:00:20.637+0000] {logging_mixin.py:150} INFO - [2025-02-27T18:00:20.637+0000] {dag.py:2742} INFO - Sync 1 DAGs
[2025-02-27T18:00:20.651+0000] {logging_mixin.py:150} INFO - [2025-02-27T18:00:20.651+0000] {dag.py:3504} INFO - Setting next_dagrun for latest_only_with_trigger to 2025-02-27T14:00:20.651090+00:00, run_after=2025-02-27T18:00:20.651090+00:00
[2025-02-27T18:00:20.665+0000] {processor.py:179} INFO - Processing /home/vscode/.local/lib/python3.10/site-packages/airflow/example_dags/example_latest_only_with_trigger.py took 0.048 seconds
