[2025-02-27T17:49:48.138+0000] {processor.py:157} INFO - Started process (PID=13568) to work on /home/vscode/.local/lib/python3.10/site-packages/airflow/example_dags/example_external_task_marker_dag.py
[2025-02-27T17:49:48.138+0000] {processor.py:826} INFO - Processing file /home/vscode/.local/lib/python3.10/site-packages/airflow/example_dags/example_external_task_marker_dag.py for tasks to queue
[2025-02-27T17:49:48.139+0000] {logging_mixin.py:150} INFO - [2025-02-27T17:49:48.139+0000] {dagbag.py:541} INFO - Filling up the DagBag from /home/vscode/.local/lib/python3.10/site-packages/airflow/example_dags/example_external_task_marker_dag.py
[2025-02-27T17:49:48.143+0000] {processor.py:836} INFO - DAG(s) dict_keys(['example_external_task_marker_parent', 'example_external_task_marker_child']) retrieved from /home/vscode/.local/lib/python3.10/site-packages/airflow/example_dags/example_external_task_marker_dag.py
[2025-02-27T17:49:48.299+0000] {logging_mixin.py:150} INFO - [2025-02-27T17:49:48.299+0000] {manager.py:504} INFO - Created Permission View: can delete on DAG:example_external_task_marker_parent
[2025-02-27T17:49:48.307+0000] {logging_mixin.py:150} INFO - [2025-02-27T17:49:48.307+0000] {manager.py:504} INFO - Created Permission View: can read on DAG:example_external_task_marker_parent
[2025-02-27T17:49:48.313+0000] {logging_mixin.py:150} INFO - [2025-02-27T17:49:48.312+0000] {manager.py:504} INFO - Created Permission View: can edit on DAG:example_external_task_marker_parent
[2025-02-27T17:49:48.334+0000] {logging_mixin.py:150} INFO - [2025-02-27T17:49:48.334+0000] {manager.py:504} INFO - Created Permission View: can delete on DAG:example_external_task_marker_child
[2025-02-27T17:49:48.340+0000] {logging_mixin.py:150} INFO - [2025-02-27T17:49:48.340+0000] {manager.py:504} INFO - Created Permission View: can read on DAG:example_external_task_marker_child
[2025-02-27T17:49:48.346+0000] {logging_mixin.py:150} INFO - [2025-02-27T17:49:48.346+0000] {manager.py:504} INFO - Created Permission View: can edit on DAG:example_external_task_marker_child
[2025-02-27T17:49:48.349+0000] {logging_mixin.py:150} INFO - [2025-02-27T17:49:48.349+0000] {dag.py:2742} INFO - Sync 2 DAGs
[2025-02-27T17:49:48.356+0000] {logging_mixin.py:150} INFO - [2025-02-27T17:49:48.356+0000] {dag.py:2763} INFO - Creating ORM DAG for example_external_task_marker_child
[2025-02-27T17:49:48.356+0000] {logging_mixin.py:150} INFO - [2025-02-27T17:49:48.356+0000] {dag.py:2763} INFO - Creating ORM DAG for example_external_task_marker_parent
[2025-02-27T17:49:48.362+0000] {logging_mixin.py:150} INFO - [2025-02-27T17:49:48.362+0000] {dag.py:3504} INFO - Setting next_dagrun for example_external_task_marker_child to None, run_after=None
[2025-02-27T17:49:48.362+0000] {logging_mixin.py:150} INFO - [2025-02-27T17:49:48.362+0000] {dag.py:3504} INFO - Setting next_dagrun for example_external_task_marker_parent to None, run_after=None
[2025-02-27T17:49:48.379+0000] {processor.py:179} INFO - Processing /home/vscode/.local/lib/python3.10/site-packages/airflow/example_dags/example_external_task_marker_dag.py took 0.243 seconds
[2025-02-27T17:50:37.458+0000] {processor.py:157} INFO - Started process (PID=13933) to work on /home/vscode/.local/lib/python3.10/site-packages/airflow/example_dags/example_external_task_marker_dag.py
[2025-02-27T17:50:37.458+0000] {processor.py:826} INFO - Processing file /home/vscode/.local/lib/python3.10/site-packages/airflow/example_dags/example_external_task_marker_dag.py for tasks to queue
[2025-02-27T17:50:37.459+0000] {logging_mixin.py:150} INFO - [2025-02-27T17:50:37.459+0000] {dagbag.py:541} INFO - Filling up the DagBag from /home/vscode/.local/lib/python3.10/site-packages/airflow/example_dags/example_external_task_marker_dag.py
[2025-02-27T17:50:37.465+0000] {processor.py:836} INFO - DAG(s) dict_keys(['example_external_task_marker_parent', 'example_external_task_marker_child']) retrieved from /home/vscode/.local/lib/python3.10/site-packages/airflow/example_dags/example_external_task_marker_dag.py
[2025-02-27T17:50:37.482+0000] {logging_mixin.py:150} INFO - [2025-02-27T17:50:37.482+0000] {dag.py:2742} INFO - Sync 2 DAGs
[2025-02-27T17:50:37.499+0000] {logging_mixin.py:150} INFO - [2025-02-27T17:50:37.499+0000] {dag.py:3504} INFO - Setting next_dagrun for example_external_task_marker_child to None, run_after=None
[2025-02-27T17:50:37.501+0000] {logging_mixin.py:150} INFO - [2025-02-27T17:50:37.501+0000] {dag.py:3504} INFO - Setting next_dagrun for example_external_task_marker_parent to None, run_after=None
[2025-02-27T17:50:37.515+0000] {processor.py:179} INFO - Processing /home/vscode/.local/lib/python3.10/site-packages/airflow/example_dags/example_external_task_marker_dag.py took 0.060 seconds
[2025-02-27T17:53:12.382+0000] {processor.py:157} INFO - Started process (PID=15260) to work on /home/vscode/.local/lib/python3.10/site-packages/airflow/example_dags/example_external_task_marker_dag.py
[2025-02-27T17:53:12.383+0000] {processor.py:826} INFO - Processing file /home/vscode/.local/lib/python3.10/site-packages/airflow/example_dags/example_external_task_marker_dag.py for tasks to queue
[2025-02-27T17:53:12.383+0000] {logging_mixin.py:150} INFO - [2025-02-27T17:53:12.383+0000] {dagbag.py:541} INFO - Filling up the DagBag from /home/vscode/.local/lib/python3.10/site-packages/airflow/example_dags/example_external_task_marker_dag.py
[2025-02-27T17:53:12.388+0000] {processor.py:836} INFO - DAG(s) dict_keys(['example_external_task_marker_child', 'example_external_task_marker_parent']) retrieved from /home/vscode/.local/lib/python3.10/site-packages/airflow/example_dags/example_external_task_marker_dag.py
[2025-02-27T17:53:12.401+0000] {logging_mixin.py:150} INFO - [2025-02-27T17:53:12.401+0000] {dag.py:2742} INFO - Sync 2 DAGs
[2025-02-27T17:53:12.506+0000] {logging_mixin.py:150} INFO - [2025-02-27T17:53:12.506+0000] {dag.py:3504} INFO - Setting next_dagrun for example_external_task_marker_child to None, run_after=None
[2025-02-27T17:53:12.508+0000] {logging_mixin.py:150} INFO - [2025-02-27T17:53:12.508+0000] {dag.py:3504} INFO - Setting next_dagrun for example_external_task_marker_parent to None, run_after=None
[2025-02-27T17:53:12.521+0000] {processor.py:179} INFO - Processing /home/vscode/.local/lib/python3.10/site-packages/airflow/example_dags/example_external_task_marker_dag.py took 0.140 seconds
[2025-02-27T17:57:54.124+0000] {processor.py:157} INFO - Started process (PID=18695) to work on /home/vscode/.local/lib/python3.10/site-packages/airflow/example_dags/example_external_task_marker_dag.py
[2025-02-27T17:57:54.126+0000] {processor.py:826} INFO - Processing file /home/vscode/.local/lib/python3.10/site-packages/airflow/example_dags/example_external_task_marker_dag.py for tasks to queue
[2025-02-27T17:57:54.127+0000] {logging_mixin.py:150} INFO - [2025-02-27T17:57:54.126+0000] {dagbag.py:541} INFO - Filling up the DagBag from /home/vscode/.local/lib/python3.10/site-packages/airflow/example_dags/example_external_task_marker_dag.py
[2025-02-27T17:57:54.134+0000] {processor.py:836} INFO - DAG(s) dict_keys(['example_external_task_marker_child', 'example_external_task_marker_parent']) retrieved from /home/vscode/.local/lib/python3.10/site-packages/airflow/example_dags/example_external_task_marker_dag.py
[2025-02-27T17:57:54.178+0000] {logging_mixin.py:150} INFO - [2025-02-27T17:57:54.178+0000] {dag.py:2742} INFO - Sync 2 DAGs
[2025-02-27T17:57:54.272+0000] {logging_mixin.py:150} INFO - [2025-02-27T17:57:54.272+0000] {dag.py:3504} INFO - Setting next_dagrun for example_external_task_marker_child to None, run_after=None
[2025-02-27T17:57:54.275+0000] {logging_mixin.py:150} INFO - [2025-02-27T17:57:54.275+0000] {dag.py:3504} INFO - Setting next_dagrun for example_external_task_marker_parent to None, run_after=None
[2025-02-27T17:57:54.303+0000] {processor.py:179} INFO - Processing /home/vscode/.local/lib/python3.10/site-packages/airflow/example_dags/example_external_task_marker_dag.py took 0.182 seconds
[2025-02-27T17:58:39.165+0000] {processor.py:157} INFO - Started process (PID=19045) to work on /home/vscode/.local/lib/python3.10/site-packages/airflow/example_dags/example_external_task_marker_dag.py
[2025-02-27T17:58:39.165+0000] {processor.py:826} INFO - Processing file /home/vscode/.local/lib/python3.10/site-packages/airflow/example_dags/example_external_task_marker_dag.py for tasks to queue
[2025-02-27T17:58:39.166+0000] {logging_mixin.py:150} INFO - [2025-02-27T17:58:39.166+0000] {dagbag.py:541} INFO - Filling up the DagBag from /home/vscode/.local/lib/python3.10/site-packages/airflow/example_dags/example_external_task_marker_dag.py
[2025-02-27T17:58:39.171+0000] {processor.py:836} INFO - DAG(s) dict_keys(['example_external_task_marker_child', 'example_external_task_marker_parent']) retrieved from /home/vscode/.local/lib/python3.10/site-packages/airflow/example_dags/example_external_task_marker_dag.py
[2025-02-27T17:58:39.184+0000] {logging_mixin.py:150} INFO - [2025-02-27T17:58:39.184+0000] {dag.py:2742} INFO - Sync 2 DAGs
[2025-02-27T17:58:39.198+0000] {logging_mixin.py:150} INFO - [2025-02-27T17:58:39.198+0000] {dag.py:3504} INFO - Setting next_dagrun for example_external_task_marker_child to None, run_after=None
[2025-02-27T17:58:39.200+0000] {logging_mixin.py:150} INFO - [2025-02-27T17:58:39.200+0000] {dag.py:3504} INFO - Setting next_dagrun for example_external_task_marker_parent to None, run_after=None
[2025-02-27T17:58:39.216+0000] {processor.py:179} INFO - Processing /home/vscode/.local/lib/python3.10/site-packages/airflow/example_dags/example_external_task_marker_dag.py took 0.053 seconds
[2025-02-27T17:59:24.346+0000] {processor.py:157} INFO - Started process (PID=19496) to work on /home/vscode/.local/lib/python3.10/site-packages/airflow/example_dags/example_external_task_marker_dag.py
[2025-02-27T17:59:24.347+0000] {processor.py:826} INFO - Processing file /home/vscode/.local/lib/python3.10/site-packages/airflow/example_dags/example_external_task_marker_dag.py for tasks to queue
[2025-02-27T17:59:24.348+0000] {logging_mixin.py:150} INFO - [2025-02-27T17:59:24.348+0000] {dagbag.py:541} INFO - Filling up the DagBag from /home/vscode/.local/lib/python3.10/site-packages/airflow/example_dags/example_external_task_marker_dag.py
[2025-02-27T17:59:24.354+0000] {processor.py:836} INFO - DAG(s) dict_keys(['example_external_task_marker_parent', 'example_external_task_marker_child']) retrieved from /home/vscode/.local/lib/python3.10/site-packages/airflow/example_dags/example_external_task_marker_dag.py
[2025-02-27T17:59:24.372+0000] {logging_mixin.py:150} INFO - [2025-02-27T17:59:24.371+0000] {dag.py:2742} INFO - Sync 2 DAGs
[2025-02-27T17:59:24.392+0000] {logging_mixin.py:150} INFO - [2025-02-27T17:59:24.391+0000] {dag.py:3504} INFO - Setting next_dagrun for example_external_task_marker_child to None, run_after=None
[2025-02-27T17:59:24.395+0000] {logging_mixin.py:150} INFO - [2025-02-27T17:59:24.394+0000] {dag.py:3504} INFO - Setting next_dagrun for example_external_task_marker_parent to None, run_after=None
[2025-02-27T17:59:24.411+0000] {processor.py:179} INFO - Processing /home/vscode/.local/lib/python3.10/site-packages/airflow/example_dags/example_external_task_marker_dag.py took 0.068 seconds
[2025-02-27T18:00:07.615+0000] {processor.py:157} INFO - Started process (PID=19975) to work on /home/vscode/.local/lib/python3.10/site-packages/airflow/example_dags/example_external_task_marker_dag.py
[2025-02-27T18:00:07.616+0000] {processor.py:826} INFO - Processing file /home/vscode/.local/lib/python3.10/site-packages/airflow/example_dags/example_external_task_marker_dag.py for tasks to queue
[2025-02-27T18:00:07.617+0000] {logging_mixin.py:150} INFO - [2025-02-27T18:00:07.616+0000] {dagbag.py:541} INFO - Filling up the DagBag from /home/vscode/.local/lib/python3.10/site-packages/airflow/example_dags/example_external_task_marker_dag.py
[2025-02-27T18:00:07.621+0000] {processor.py:836} INFO - DAG(s) dict_keys(['example_external_task_marker_parent', 'example_external_task_marker_child']) retrieved from /home/vscode/.local/lib/python3.10/site-packages/airflow/example_dags/example_external_task_marker_dag.py
[2025-02-27T18:00:07.637+0000] {logging_mixin.py:150} INFO - [2025-02-27T18:00:07.637+0000] {dag.py:2742} INFO - Sync 2 DAGs
[2025-02-27T18:00:07.656+0000] {logging_mixin.py:150} INFO - [2025-02-27T18:00:07.656+0000] {dag.py:3504} INFO - Setting next_dagrun for example_external_task_marker_child to None, run_after=None
[2025-02-27T18:00:07.659+0000] {logging_mixin.py:150} INFO - [2025-02-27T18:00:07.659+0000] {dag.py:3504} INFO - Setting next_dagrun for example_external_task_marker_parent to None, run_after=None
[2025-02-27T18:00:07.684+0000] {processor.py:179} INFO - Processing /home/vscode/.local/lib/python3.10/site-packages/airflow/example_dags/example_external_task_marker_dag.py took 0.070 seconds
