[2025-02-27T17:50:13.174+0000] {processor.py:157} INFO - Started process (PID=13740) to work on /home/vscode/.local/lib/python3.10/site-packages/airflow/example_dags/example_branch_datetime_operator.py
[2025-02-27T17:50:13.175+0000] {processor.py:826} INFO - Processing file /home/vscode/.local/lib/python3.10/site-packages/airflow/example_dags/example_branch_datetime_operator.py for tasks to queue
[2025-02-27T17:50:13.176+0000] {logging_mixin.py:150} INFO - [2025-02-27T17:50:13.175+0000] {dagbag.py:541} INFO - Filling up the DagBag from /home/vscode/.local/lib/python3.10/site-packages/airflow/example_dags/example_branch_datetime_operator.py
[2025-02-27T17:50:13.183+0000] {processor.py:836} INFO - DAG(s) dict_keys(['example_branch_datetime_operator', 'example_branch_datetime_operator_3', 'example_branch_datetime_operator_2']) retrieved from /home/vscode/.local/lib/python3.10/site-packages/airflow/example_dags/example_branch_datetime_operator.py
[2025-02-27T17:50:13.262+0000] {logging_mixin.py:150} INFO - [2025-02-27T17:50:13.262+0000] {manager.py:504} INFO - Created Permission View: can delete on DAG:example_branch_datetime_operator
[2025-02-27T17:50:13.270+0000] {logging_mixin.py:150} INFO - [2025-02-27T17:50:13.270+0000] {manager.py:504} INFO - Created Permission View: can read on DAG:example_branch_datetime_operator
[2025-02-27T17:50:13.277+0000] {logging_mixin.py:150} INFO - [2025-02-27T17:50:13.277+0000] {manager.py:504} INFO - Created Permission View: can edit on DAG:example_branch_datetime_operator
[2025-02-27T17:50:13.299+0000] {logging_mixin.py:150} INFO - [2025-02-27T17:50:13.298+0000] {manager.py:504} INFO - Created Permission View: can delete on DAG:example_branch_datetime_operator_3
[2025-02-27T17:50:13.305+0000] {logging_mixin.py:150} INFO - [2025-02-27T17:50:13.305+0000] {manager.py:504} INFO - Created Permission View: can read on DAG:example_branch_datetime_operator_3
[2025-02-27T17:50:13.312+0000] {logging_mixin.py:150} INFO - [2025-02-27T17:50:13.311+0000] {manager.py:504} INFO - Created Permission View: can edit on DAG:example_branch_datetime_operator_3
[2025-02-27T17:50:13.328+0000] {logging_mixin.py:150} INFO - [2025-02-27T17:50:13.327+0000] {manager.py:504} INFO - Created Permission View: can delete on DAG:example_branch_datetime_operator_2
[2025-02-27T17:50:13.333+0000] {logging_mixin.py:150} INFO - [2025-02-27T17:50:13.333+0000] {manager.py:504} INFO - Created Permission View: can read on DAG:example_branch_datetime_operator_2
[2025-02-27T17:50:13.339+0000] {logging_mixin.py:150} INFO - [2025-02-27T17:50:13.339+0000] {manager.py:504} INFO - Created Permission View: can edit on DAG:example_branch_datetime_operator_2
[2025-02-27T17:50:13.342+0000] {logging_mixin.py:150} INFO - [2025-02-27T17:50:13.342+0000] {dag.py:2742} INFO - Sync 3 DAGs
[2025-02-27T17:50:13.349+0000] {logging_mixin.py:150} INFO - [2025-02-27T17:50:13.349+0000] {dag.py:2763} INFO - Creating ORM DAG for example_branch_datetime_operator_2
[2025-02-27T17:50:13.349+0000] {logging_mixin.py:150} INFO - [2025-02-27T17:50:13.349+0000] {dag.py:2763} INFO - Creating ORM DAG for example_branch_datetime_operator_3
[2025-02-27T17:50:13.350+0000] {logging_mixin.py:150} INFO - [2025-02-27T17:50:13.350+0000] {dag.py:2763} INFO - Creating ORM DAG for example_branch_datetime_operator
[2025-02-27T17:50:13.358+0000] {logging_mixin.py:150} INFO - [2025-02-27T17:50:13.358+0000] {dag.py:3504} INFO - Setting next_dagrun for example_branch_datetime_operator to 2025-02-26T00:00:00+00:00, run_after=2025-02-27T00:00:00+00:00
[2025-02-27T17:50:13.359+0000] {logging_mixin.py:150} INFO - [2025-02-27T17:50:13.359+0000] {dag.py:3504} INFO - Setting next_dagrun for example_branch_datetime_operator_2 to 2025-02-26T00:00:00+00:00, run_after=2025-02-27T00:00:00+00:00
[2025-02-27T17:50:13.361+0000] {logging_mixin.py:150} INFO - [2025-02-27T17:50:13.361+0000] {dag.py:3504} INFO - Setting next_dagrun for example_branch_datetime_operator_3 to 2025-02-26T00:00:00+00:00, run_after=2025-02-27T00:00:00+00:00
[2025-02-27T17:50:13.377+0000] {processor.py:179} INFO - Processing /home/vscode/.local/lib/python3.10/site-packages/airflow/example_dags/example_branch_datetime_operator.py took 0.206 seconds
[2025-02-27T17:53:34.097+0000] {processor.py:157} INFO - Started process (PID=15441) to work on /home/vscode/.local/lib/python3.10/site-packages/airflow/example_dags/example_branch_datetime_operator.py
[2025-02-27T17:53:34.098+0000] {processor.py:826} INFO - Processing file /home/vscode/.local/lib/python3.10/site-packages/airflow/example_dags/example_branch_datetime_operator.py for tasks to queue
[2025-02-27T17:53:34.099+0000] {logging_mixin.py:150} INFO - [2025-02-27T17:53:34.098+0000] {dagbag.py:541} INFO - Filling up the DagBag from /home/vscode/.local/lib/python3.10/site-packages/airflow/example_dags/example_branch_datetime_operator.py
[2025-02-27T17:53:34.105+0000] {processor.py:836} INFO - DAG(s) dict_keys(['example_branch_datetime_operator', 'example_branch_datetime_operator_3', 'example_branch_datetime_operator_2']) retrieved from /home/vscode/.local/lib/python3.10/site-packages/airflow/example_dags/example_branch_datetime_operator.py
[2025-02-27T17:53:34.121+0000] {logging_mixin.py:150} INFO - [2025-02-27T17:53:34.121+0000] {dag.py:2742} INFO - Sync 3 DAGs
[2025-02-27T17:53:34.136+0000] {logging_mixin.py:150} INFO - [2025-02-27T17:53:34.136+0000] {dag.py:3504} INFO - Setting next_dagrun for example_branch_datetime_operator to 2025-02-26T00:00:00+00:00, run_after=2025-02-27T00:00:00+00:00
[2025-02-27T17:53:34.140+0000] {logging_mixin.py:150} INFO - [2025-02-27T17:53:34.140+0000] {dag.py:3504} INFO - Setting next_dagrun for example_branch_datetime_operator_2 to 2025-02-26T00:00:00+00:00, run_after=2025-02-27T00:00:00+00:00
[2025-02-27T17:53:34.142+0000] {logging_mixin.py:150} INFO - [2025-02-27T17:53:34.142+0000] {dag.py:3504} INFO - Setting next_dagrun for example_branch_datetime_operator_3 to 2025-02-26T00:00:00+00:00, run_after=2025-02-27T00:00:00+00:00
[2025-02-27T17:53:34.157+0000] {processor.py:179} INFO - Processing /home/vscode/.local/lib/python3.10/site-packages/airflow/example_dags/example_branch_datetime_operator.py took 0.062 seconds
[2025-02-27T17:58:15.195+0000] {processor.py:157} INFO - Started process (PID=18831) to work on /home/vscode/.local/lib/python3.10/site-packages/airflow/example_dags/example_branch_datetime_operator.py
[2025-02-27T17:58:15.196+0000] {processor.py:826} INFO - Processing file /home/vscode/.local/lib/python3.10/site-packages/airflow/example_dags/example_branch_datetime_operator.py for tasks to queue
[2025-02-27T17:58:15.196+0000] {logging_mixin.py:150} INFO - [2025-02-27T17:58:15.196+0000] {dagbag.py:541} INFO - Filling up the DagBag from /home/vscode/.local/lib/python3.10/site-packages/airflow/example_dags/example_branch_datetime_operator.py
[2025-02-27T17:58:15.204+0000] {processor.py:836} INFO - DAG(s) dict_keys(['example_branch_datetime_operator', 'example_branch_datetime_operator_3', 'example_branch_datetime_operator_2']) retrieved from /home/vscode/.local/lib/python3.10/site-packages/airflow/example_dags/example_branch_datetime_operator.py
[2025-02-27T17:58:15.221+0000] {logging_mixin.py:150} INFO - [2025-02-27T17:58:15.220+0000] {dag.py:2742} INFO - Sync 3 DAGs
[2025-02-27T17:58:15.237+0000] {logging_mixin.py:150} INFO - [2025-02-27T17:58:15.237+0000] {dag.py:3504} INFO - Setting next_dagrun for example_branch_datetime_operator to 2025-02-26T00:00:00+00:00, run_after=2025-02-27T00:00:00+00:00
[2025-02-27T17:58:15.242+0000] {logging_mixin.py:150} INFO - [2025-02-27T17:58:15.241+0000] {dag.py:3504} INFO - Setting next_dagrun for example_branch_datetime_operator_2 to 2025-02-26T00:00:00+00:00, run_after=2025-02-27T00:00:00+00:00
[2025-02-27T17:58:15.244+0000] {logging_mixin.py:150} INFO - [2025-02-27T17:58:15.244+0000] {dag.py:3504} INFO - Setting next_dagrun for example_branch_datetime_operator_3 to 2025-02-26T00:00:00+00:00, run_after=2025-02-27T00:00:00+00:00
[2025-02-27T17:58:15.270+0000] {processor.py:179} INFO - Processing /home/vscode/.local/lib/python3.10/site-packages/airflow/example_dags/example_branch_datetime_operator.py took 0.077 seconds
[2025-02-27T17:59:00.672+0000] {processor.py:157} INFO - Started process (PID=19250) to work on /home/vscode/.local/lib/python3.10/site-packages/airflow/example_dags/example_branch_datetime_operator.py
[2025-02-27T17:59:00.672+0000] {processor.py:826} INFO - Processing file /home/vscode/.local/lib/python3.10/site-packages/airflow/example_dags/example_branch_datetime_operator.py for tasks to queue
[2025-02-27T17:59:00.673+0000] {logging_mixin.py:150} INFO - [2025-02-27T17:59:00.673+0000] {dagbag.py:541} INFO - Filling up the DagBag from /home/vscode/.local/lib/python3.10/site-packages/airflow/example_dags/example_branch_datetime_operator.py
[2025-02-27T17:59:00.681+0000] {processor.py:836} INFO - DAG(s) dict_keys(['example_branch_datetime_operator_2', 'example_branch_datetime_operator_3', 'example_branch_datetime_operator']) retrieved from /home/vscode/.local/lib/python3.10/site-packages/airflow/example_dags/example_branch_datetime_operator.py
[2025-02-27T17:59:00.697+0000] {logging_mixin.py:150} INFO - [2025-02-27T17:59:00.697+0000] {dag.py:2742} INFO - Sync 3 DAGs
[2025-02-27T17:59:00.713+0000] {logging_mixin.py:150} INFO - [2025-02-27T17:59:00.712+0000] {dag.py:3504} INFO - Setting next_dagrun for example_branch_datetime_operator to 2025-02-26T00:00:00+00:00, run_after=2025-02-27T00:00:00+00:00
[2025-02-27T17:59:00.716+0000] {logging_mixin.py:150} INFO - [2025-02-27T17:59:00.716+0000] {dag.py:3504} INFO - Setting next_dagrun for example_branch_datetime_operator_2 to 2025-02-26T00:00:00+00:00, run_after=2025-02-27T00:00:00+00:00
[2025-02-27T17:59:00.717+0000] {logging_mixin.py:150} INFO - [2025-02-27T17:59:00.717+0000] {dag.py:3504} INFO - Setting next_dagrun for example_branch_datetime_operator_3 to 2025-02-26T00:00:00+00:00, run_after=2025-02-27T00:00:00+00:00
[2025-02-27T17:59:00.731+0000] {processor.py:179} INFO - Processing /home/vscode/.local/lib/python3.10/site-packages/airflow/example_dags/example_branch_datetime_operator.py took 0.061 seconds
[2025-02-27T17:59:44.742+0000] {processor.py:157} INFO - Started process (PID=19730) to work on /home/vscode/.local/lib/python3.10/site-packages/airflow/example_dags/example_branch_datetime_operator.py
[2025-02-27T17:59:44.743+0000] {processor.py:826} INFO - Processing file /home/vscode/.local/lib/python3.10/site-packages/airflow/example_dags/example_branch_datetime_operator.py for tasks to queue
[2025-02-27T17:59:44.743+0000] {logging_mixin.py:150} INFO - [2025-02-27T17:59:44.743+0000] {dagbag.py:541} INFO - Filling up the DagBag from /home/vscode/.local/lib/python3.10/site-packages/airflow/example_dags/example_branch_datetime_operator.py
[2025-02-27T17:59:44.750+0000] {processor.py:836} INFO - DAG(s) dict_keys(['example_branch_datetime_operator_3', 'example_branch_datetime_operator', 'example_branch_datetime_operator_2']) retrieved from /home/vscode/.local/lib/python3.10/site-packages/airflow/example_dags/example_branch_datetime_operator.py
[2025-02-27T17:59:44.767+0000] {logging_mixin.py:150} INFO - [2025-02-27T17:59:44.766+0000] {dag.py:2742} INFO - Sync 3 DAGs
[2025-02-27T17:59:44.782+0000] {logging_mixin.py:150} INFO - [2025-02-27T17:59:44.781+0000] {dag.py:3504} INFO - Setting next_dagrun for example_branch_datetime_operator to 2025-02-26T00:00:00+00:00, run_after=2025-02-27T00:00:00+00:00
[2025-02-27T17:59:44.785+0000] {logging_mixin.py:150} INFO - [2025-02-27T17:59:44.785+0000] {dag.py:3504} INFO - Setting next_dagrun for example_branch_datetime_operator_2 to 2025-02-26T00:00:00+00:00, run_after=2025-02-27T00:00:00+00:00
[2025-02-27T17:59:44.787+0000] {logging_mixin.py:150} INFO - [2025-02-27T17:59:44.787+0000] {dag.py:3504} INFO - Setting next_dagrun for example_branch_datetime_operator_3 to 2025-02-26T00:00:00+00:00, run_after=2025-02-27T00:00:00+00:00
[2025-02-27T17:59:44.800+0000] {processor.py:179} INFO - Processing /home/vscode/.local/lib/python3.10/site-packages/airflow/example_dags/example_branch_datetime_operator.py took 0.060 seconds
[2025-02-27T18:00:29.836+0000] {processor.py:157} INFO - Started process (PID=20226) to work on /home/vscode/.local/lib/python3.10/site-packages/airflow/example_dags/example_branch_datetime_operator.py
[2025-02-27T18:00:29.837+0000] {processor.py:826} INFO - Processing file /home/vscode/.local/lib/python3.10/site-packages/airflow/example_dags/example_branch_datetime_operator.py for tasks to queue
[2025-02-27T18:00:29.837+0000] {logging_mixin.py:150} INFO - [2025-02-27T18:00:29.837+0000] {dagbag.py:541} INFO - Filling up the DagBag from /home/vscode/.local/lib/python3.10/site-packages/airflow/example_dags/example_branch_datetime_operator.py
[2025-02-27T18:00:29.845+0000] {processor.py:836} INFO - DAG(s) dict_keys(['example_branch_datetime_operator', 'example_branch_datetime_operator_3', 'example_branch_datetime_operator_2']) retrieved from /home/vscode/.local/lib/python3.10/site-packages/airflow/example_dags/example_branch_datetime_operator.py
[2025-02-27T18:00:29.861+0000] {logging_mixin.py:150} INFO - [2025-02-27T18:00:29.861+0000] {dag.py:2742} INFO - Sync 3 DAGs
[2025-02-27T18:00:29.876+0000] {logging_mixin.py:150} INFO - [2025-02-27T18:00:29.876+0000] {dag.py:3504} INFO - Setting next_dagrun for example_branch_datetime_operator to 2025-02-26T00:00:00+00:00, run_after=2025-02-27T00:00:00+00:00
[2025-02-27T18:00:29.879+0000] {logging_mixin.py:150} INFO - [2025-02-27T18:00:29.879+0000] {dag.py:3504} INFO - Setting next_dagrun for example_branch_datetime_operator_2 to 2025-02-26T00:00:00+00:00, run_after=2025-02-27T00:00:00+00:00
[2025-02-27T18:00:29.881+0000] {logging_mixin.py:150} INFO - [2025-02-27T18:00:29.881+0000] {dag.py:3504} INFO - Setting next_dagrun for example_branch_datetime_operator_3 to 2025-02-26T00:00:00+00:00, run_after=2025-02-27T00:00:00+00:00
[2025-02-27T18:00:29.894+0000] {processor.py:179} INFO - Processing /home/vscode/.local/lib/python3.10/site-packages/airflow/example_dags/example_branch_datetime_operator.py took 0.060 seconds
