[2025-02-27T17:49:45.672+0000] {processor.py:157} INFO - Started process (PID=13552) to work on /home/vscode/.local/lib/python3.10/site-packages/airflow/example_dags/example_params_trigger_ui.py
[2025-02-27T17:49:45.672+0000] {processor.py:826} INFO - Processing file /home/vscode/.local/lib/python3.10/site-packages/airflow/example_dags/example_params_trigger_ui.py for tasks to queue
[2025-02-27T17:49:45.673+0000] {logging_mixin.py:150} INFO - [2025-02-27T17:49:45.672+0000] {dagbag.py:541} INFO - Filling up the DagBag from /home/vscode/.local/lib/python3.10/site-packages/airflow/example_dags/example_params_trigger_ui.py
[2025-02-27T17:49:45.684+0000] {processor.py:836} INFO - DAG(s) dict_keys(['example_params_trigger_ui']) retrieved from /home/vscode/.local/lib/python3.10/site-packages/airflow/example_dags/example_params_trigger_ui.py
[2025-02-27T17:49:45.858+0000] {logging_mixin.py:150} INFO - [2025-02-27T17:49:45.858+0000] {manager.py:504} INFO - Created Permission View: can delete on DAG:example_params_trigger_ui
[2025-02-27T17:49:45.868+0000] {logging_mixin.py:150} INFO - [2025-02-27T17:49:45.867+0000] {manager.py:504} INFO - Created Permission View: can read on DAG:example_params_trigger_ui
[2025-02-27T17:49:45.874+0000] {logging_mixin.py:150} INFO - [2025-02-27T17:49:45.873+0000] {manager.py:504} INFO - Created Permission View: can edit on DAG:example_params_trigger_ui
[2025-02-27T17:49:45.881+0000] {logging_mixin.py:150} INFO - [2025-02-27T17:49:45.881+0000] {dag.py:2742} INFO - Sync 1 DAGs
[2025-02-27T17:49:45.887+0000] {logging_mixin.py:150} INFO - [2025-02-27T17:49:45.887+0000] {dag.py:2763} INFO - Creating ORM DAG for example_params_trigger_ui
[2025-02-27T17:49:45.893+0000] {logging_mixin.py:150} INFO - [2025-02-27T17:49:45.893+0000] {dag.py:3504} INFO - Setting next_dagrun for example_params_trigger_ui to None, run_after=None
[2025-02-27T17:49:45.910+0000] {processor.py:179} INFO - Processing /home/vscode/.local/lib/python3.10/site-packages/airflow/example_dags/example_params_trigger_ui.py took 0.241 seconds
[2025-02-27T17:50:35.171+0000] {processor.py:157} INFO - Started process (PID=13915) to work on /home/vscode/.local/lib/python3.10/site-packages/airflow/example_dags/example_params_trigger_ui.py
[2025-02-27T17:50:35.171+0000] {processor.py:826} INFO - Processing file /home/vscode/.local/lib/python3.10/site-packages/airflow/example_dags/example_params_trigger_ui.py for tasks to queue
[2025-02-27T17:50:35.172+0000] {logging_mixin.py:150} INFO - [2025-02-27T17:50:35.172+0000] {dagbag.py:541} INFO - Filling up the DagBag from /home/vscode/.local/lib/python3.10/site-packages/airflow/example_dags/example_params_trigger_ui.py
[2025-02-27T17:50:35.184+0000] {processor.py:836} INFO - DAG(s) dict_keys(['example_params_trigger_ui']) retrieved from /home/vscode/.local/lib/python3.10/site-packages/airflow/example_dags/example_params_trigger_ui.py
[2025-02-27T17:50:35.214+0000] {logging_mixin.py:150} INFO - [2025-02-27T17:50:35.214+0000] {dag.py:2742} INFO - Sync 1 DAGs
[2025-02-27T17:50:35.229+0000] {logging_mixin.py:150} INFO - [2025-02-27T17:50:35.229+0000] {dag.py:3504} INFO - Setting next_dagrun for example_params_trigger_ui to None, run_after=None
[2025-02-27T17:50:35.244+0000] {processor.py:179} INFO - Processing /home/vscode/.local/lib/python3.10/site-packages/airflow/example_dags/example_params_trigger_ui.py took 0.075 seconds
[2025-02-27T17:53:10.015+0000] {processor.py:157} INFO - Started process (PID=15244) to work on /home/vscode/.local/lib/python3.10/site-packages/airflow/example_dags/example_params_trigger_ui.py
[2025-02-27T17:53:10.016+0000] {processor.py:826} INFO - Processing file /home/vscode/.local/lib/python3.10/site-packages/airflow/example_dags/example_params_trigger_ui.py for tasks to queue
[2025-02-27T17:53:10.016+0000] {logging_mixin.py:150} INFO - [2025-02-27T17:53:10.016+0000] {dagbag.py:541} INFO - Filling up the DagBag from /home/vscode/.local/lib/python3.10/site-packages/airflow/example_dags/example_params_trigger_ui.py
[2025-02-27T17:53:10.029+0000] {processor.py:836} INFO - DAG(s) dict_keys(['example_params_trigger_ui']) retrieved from /home/vscode/.local/lib/python3.10/site-packages/airflow/example_dags/example_params_trigger_ui.py
[2025-02-27T17:53:10.064+0000] {logging_mixin.py:150} INFO - [2025-02-27T17:53:10.064+0000] {dag.py:2742} INFO - Sync 1 DAGs
[2025-02-27T17:53:10.171+0000] {logging_mixin.py:150} INFO - [2025-02-27T17:53:10.170+0000] {dag.py:3504} INFO - Setting next_dagrun for example_params_trigger_ui to None, run_after=None
[2025-02-27T17:53:10.185+0000] {processor.py:179} INFO - Processing /home/vscode/.local/lib/python3.10/site-packages/airflow/example_dags/example_params_trigger_ui.py took 0.172 seconds
[2025-02-27T17:57:51.739+0000] {processor.py:157} INFO - Started process (PID=18675) to work on /home/vscode/.local/lib/python3.10/site-packages/airflow/example_dags/example_params_trigger_ui.py
[2025-02-27T17:57:51.740+0000] {processor.py:826} INFO - Processing file /home/vscode/.local/lib/python3.10/site-packages/airflow/example_dags/example_params_trigger_ui.py for tasks to queue
[2025-02-27T17:57:51.741+0000] {logging_mixin.py:150} INFO - [2025-02-27T17:57:51.741+0000] {dagbag.py:541} INFO - Filling up the DagBag from /home/vscode/.local/lib/python3.10/site-packages/airflow/example_dags/example_params_trigger_ui.py
[2025-02-27T17:57:51.753+0000] {processor.py:836} INFO - DAG(s) dict_keys(['example_params_trigger_ui']) retrieved from /home/vscode/.local/lib/python3.10/site-packages/airflow/example_dags/example_params_trigger_ui.py
[2025-02-27T17:57:51.790+0000] {logging_mixin.py:150} INFO - [2025-02-27T17:57:51.789+0000] {dag.py:2742} INFO - Sync 1 DAGs
[2025-02-27T17:57:51.888+0000] {logging_mixin.py:150} INFO - [2025-02-27T17:57:51.888+0000] {dag.py:3504} INFO - Setting next_dagrun for example_params_trigger_ui to None, run_after=None
[2025-02-27T17:57:51.903+0000] {processor.py:179} INFO - Processing /home/vscode/.local/lib/python3.10/site-packages/airflow/example_dags/example_params_trigger_ui.py took 0.167 seconds
[2025-02-27T17:58:36.895+0000] {processor.py:157} INFO - Started process (PID=19023) to work on /home/vscode/.local/lib/python3.10/site-packages/airflow/example_dags/example_params_trigger_ui.py
[2025-02-27T17:58:36.896+0000] {processor.py:826} INFO - Processing file /home/vscode/.local/lib/python3.10/site-packages/airflow/example_dags/example_params_trigger_ui.py for tasks to queue
[2025-02-27T17:58:36.897+0000] {logging_mixin.py:150} INFO - [2025-02-27T17:58:36.897+0000] {dagbag.py:541} INFO - Filling up the DagBag from /home/vscode/.local/lib/python3.10/site-packages/airflow/example_dags/example_params_trigger_ui.py
[2025-02-27T17:58:36.909+0000] {processor.py:836} INFO - DAG(s) dict_keys(['example_params_trigger_ui']) retrieved from /home/vscode/.local/lib/python3.10/site-packages/airflow/example_dags/example_params_trigger_ui.py
[2025-02-27T17:58:36.940+0000] {logging_mixin.py:150} INFO - [2025-02-27T17:58:36.940+0000] {dag.py:2742} INFO - Sync 1 DAGs
[2025-02-27T17:58:36.954+0000] {logging_mixin.py:150} INFO - [2025-02-27T17:58:36.954+0000] {dag.py:3504} INFO - Setting next_dagrun for example_params_trigger_ui to None, run_after=None
[2025-02-27T17:58:36.970+0000] {processor.py:179} INFO - Processing /home/vscode/.local/lib/python3.10/site-packages/airflow/example_dags/example_params_trigger_ui.py took 0.077 seconds
[2025-02-27T17:59:22.074+0000] {processor.py:157} INFO - Started process (PID=19482) to work on /home/vscode/.local/lib/python3.10/site-packages/airflow/example_dags/example_params_trigger_ui.py
[2025-02-27T17:59:22.074+0000] {processor.py:826} INFO - Processing file /home/vscode/.local/lib/python3.10/site-packages/airflow/example_dags/example_params_trigger_ui.py for tasks to queue
[2025-02-27T17:59:22.075+0000] {logging_mixin.py:150} INFO - [2025-02-27T17:59:22.075+0000] {dagbag.py:541} INFO - Filling up the DagBag from /home/vscode/.local/lib/python3.10/site-packages/airflow/example_dags/example_params_trigger_ui.py
[2025-02-27T17:59:22.087+0000] {processor.py:836} INFO - DAG(s) dict_keys(['example_params_trigger_ui']) retrieved from /home/vscode/.local/lib/python3.10/site-packages/airflow/example_dags/example_params_trigger_ui.py
[2025-02-27T17:59:22.118+0000] {logging_mixin.py:150} INFO - [2025-02-27T17:59:22.118+0000] {dag.py:2742} INFO - Sync 1 DAGs
[2025-02-27T17:59:22.131+0000] {logging_mixin.py:150} INFO - [2025-02-27T17:59:22.131+0000] {dag.py:3504} INFO - Setting next_dagrun for example_params_trigger_ui to None, run_after=None
[2025-02-27T17:59:22.146+0000] {processor.py:179} INFO - Processing /home/vscode/.local/lib/python3.10/site-packages/airflow/example_dags/example_params_trigger_ui.py took 0.075 seconds
[2025-02-27T18:00:05.344+0000] {processor.py:157} INFO - Started process (PID=19962) to work on /home/vscode/.local/lib/python3.10/site-packages/airflow/example_dags/example_params_trigger_ui.py
[2025-02-27T18:00:05.345+0000] {processor.py:826} INFO - Processing file /home/vscode/.local/lib/python3.10/site-packages/airflow/example_dags/example_params_trigger_ui.py for tasks to queue
[2025-02-27T18:00:05.346+0000] {logging_mixin.py:150} INFO - [2025-02-27T18:00:05.346+0000] {dagbag.py:541} INFO - Filling up the DagBag from /home/vscode/.local/lib/python3.10/site-packages/airflow/example_dags/example_params_trigger_ui.py
[2025-02-27T18:00:05.358+0000] {processor.py:836} INFO - DAG(s) dict_keys(['example_params_trigger_ui']) retrieved from /home/vscode/.local/lib/python3.10/site-packages/airflow/example_dags/example_params_trigger_ui.py
[2025-02-27T18:00:05.388+0000] {logging_mixin.py:150} INFO - [2025-02-27T18:00:05.388+0000] {dag.py:2742} INFO - Sync 1 DAGs
[2025-02-27T18:00:05.402+0000] {logging_mixin.py:150} INFO - [2025-02-27T18:00:05.402+0000] {dag.py:3504} INFO - Setting next_dagrun for example_params_trigger_ui to None, run_after=None
[2025-02-27T18:00:05.418+0000] {processor.py:179} INFO - Processing /home/vscode/.local/lib/python3.10/site-packages/airflow/example_dags/example_params_trigger_ui.py took 0.075 seconds
