[2025-02-27T17:50:00.167+0000] {processor.py:157} INFO - Started process (PID=13645) to work on /home/vscode/.local/lib/python3.10/site-packages/airflow/example_dags/example_latest_only.py
[2025-02-27T17:50:00.168+0000] {processor.py:826} INFO - Processing file /home/vscode/.local/lib/python3.10/site-packages/airflow/example_dags/example_latest_only.py for tasks to queue
[2025-02-27T17:50:00.168+0000] {logging_mixin.py:150} INFO - [2025-02-27T17:50:00.168+0000] {dagbag.py:541} INFO - Filling up the DagBag from /home/vscode/.local/lib/python3.10/site-packages/airflow/example_dags/example_latest_only.py
[2025-02-27T17:50:00.173+0000] {processor.py:836} INFO - DAG(s) dict_keys(['latest_only']) retrieved from /home/vscode/.local/lib/python3.10/site-packages/airflow/example_dags/example_latest_only.py
[2025-02-27T17:50:00.339+0000] {logging_mixin.py:150} INFO - [2025-02-27T17:50:00.339+0000] {manager.py:504} INFO - Created Permission View: can delete on DAG:latest_only
[2025-02-27T17:50:00.346+0000] {logging_mixin.py:150} INFO - [2025-02-27T17:50:00.346+0000] {manager.py:504} INFO - Created Permission View: can read on DAG:latest_only
[2025-02-27T17:50:00.352+0000] {logging_mixin.py:150} INFO - [2025-02-27T17:50:00.352+0000] {manager.py:504} INFO - Created Permission View: can edit on DAG:latest_only
[2025-02-27T17:50:00.360+0000] {logging_mixin.py:150} INFO - [2025-02-27T17:50:00.360+0000] {dag.py:2742} INFO - Sync 1 DAGs
[2025-02-27T17:50:00.369+0000] {logging_mixin.py:150} INFO - [2025-02-27T17:50:00.368+0000] {dag.py:2763} INFO - Creating ORM DAG for latest_only
[2025-02-27T17:50:00.376+0000] {logging_mixin.py:150} INFO - [2025-02-27T17:50:00.376+0000] {dag.py:3504} INFO - Setting next_dagrun for latest_only to 2025-02-27T13:50:00.376184+00:00, run_after=2025-02-27T17:50:00.376184+00:00
[2025-02-27T17:50:00.399+0000] {processor.py:179} INFO - Processing /home/vscode/.local/lib/python3.10/site-packages/airflow/example_dags/example_latest_only.py took 0.234 seconds
[2025-02-27T17:50:46.811+0000] {processor.py:157} INFO - Started process (PID=13996) to work on /home/vscode/.local/lib/python3.10/site-packages/airflow/example_dags/example_latest_only.py
[2025-02-27T17:50:46.811+0000] {processor.py:826} INFO - Processing file /home/vscode/.local/lib/python3.10/site-packages/airflow/example_dags/example_latest_only.py for tasks to queue
[2025-02-27T17:50:46.812+0000] {logging_mixin.py:150} INFO - [2025-02-27T17:50:46.812+0000] {dagbag.py:541} INFO - Filling up the DagBag from /home/vscode/.local/lib/python3.10/site-packages/airflow/example_dags/example_latest_only.py
[2025-02-27T17:50:46.816+0000] {processor.py:836} INFO - DAG(s) dict_keys(['latest_only']) retrieved from /home/vscode/.local/lib/python3.10/site-packages/airflow/example_dags/example_latest_only.py
[2025-02-27T17:50:46.827+0000] {logging_mixin.py:150} INFO - [2025-02-27T17:50:46.827+0000] {dag.py:2742} INFO - Sync 1 DAGs
[2025-02-27T17:50:46.842+0000] {logging_mixin.py:150} INFO - [2025-02-27T17:50:46.842+0000] {dag.py:3504} INFO - Setting next_dagrun for latest_only to 2025-02-27T13:50:46.842138+00:00, run_after=2025-02-27T17:50:46.842138+00:00
[2025-02-27T17:50:46.857+0000] {processor.py:179} INFO - Processing /home/vscode/.local/lib/python3.10/site-packages/airflow/example_dags/example_latest_only.py took 0.048 seconds
[2025-02-27T17:53:22.966+0000] {processor.py:157} INFO - Started process (PID=15333) to work on /home/vscode/.local/lib/python3.10/site-packages/airflow/example_dags/example_latest_only.py
[2025-02-27T17:53:22.966+0000] {processor.py:826} INFO - Processing file /home/vscode/.local/lib/python3.10/site-packages/airflow/example_dags/example_latest_only.py for tasks to queue
[2025-02-27T17:53:22.967+0000] {logging_mixin.py:150} INFO - [2025-02-27T17:53:22.967+0000] {dagbag.py:541} INFO - Filling up the DagBag from /home/vscode/.local/lib/python3.10/site-packages/airflow/example_dags/example_latest_only.py
[2025-02-27T17:53:22.972+0000] {processor.py:836} INFO - DAG(s) dict_keys(['latest_only']) retrieved from /home/vscode/.local/lib/python3.10/site-packages/airflow/example_dags/example_latest_only.py
[2025-02-27T17:53:23.060+0000] {logging_mixin.py:150} INFO - [2025-02-27T17:53:23.060+0000] {dag.py:2742} INFO - Sync 1 DAGs
[2025-02-27T17:53:23.073+0000] {logging_mixin.py:150} INFO - [2025-02-27T17:53:23.073+0000] {dag.py:3504} INFO - Setting next_dagrun for latest_only to 2025-02-27T13:53:23.073476+00:00, run_after=2025-02-27T17:53:23.073476+00:00
[2025-02-27T17:53:23.089+0000] {processor.py:179} INFO - Processing /home/vscode/.local/lib/python3.10/site-packages/airflow/example_dags/example_latest_only.py took 0.125 seconds
[2025-02-27T17:58:04.610+0000] {processor.py:157} INFO - Started process (PID=18762) to work on /home/vscode/.local/lib/python3.10/site-packages/airflow/example_dags/example_latest_only.py
[2025-02-27T17:58:04.611+0000] {processor.py:826} INFO - Processing file /home/vscode/.local/lib/python3.10/site-packages/airflow/example_dags/example_latest_only.py for tasks to queue
[2025-02-27T17:58:04.612+0000] {logging_mixin.py:150} INFO - [2025-02-27T17:58:04.611+0000] {dagbag.py:541} INFO - Filling up the DagBag from /home/vscode/.local/lib/python3.10/site-packages/airflow/example_dags/example_latest_only.py
[2025-02-27T17:58:04.616+0000] {processor.py:836} INFO - DAG(s) dict_keys(['latest_only']) retrieved from /home/vscode/.local/lib/python3.10/site-packages/airflow/example_dags/example_latest_only.py
[2025-02-27T17:58:04.701+0000] {logging_mixin.py:150} INFO - [2025-02-27T17:58:04.701+0000] {dag.py:2742} INFO - Sync 1 DAGs
[2025-02-27T17:58:04.714+0000] {logging_mixin.py:150} INFO - [2025-02-27T17:58:04.713+0000] {dag.py:3504} INFO - Setting next_dagrun for latest_only to 2025-02-27T13:58:04.713824+00:00, run_after=2025-02-27T17:58:04.713824+00:00
[2025-02-27T17:58:04.730+0000] {processor.py:179} INFO - Processing /home/vscode/.local/lib/python3.10/site-packages/airflow/example_dags/example_latest_only.py took 0.123 seconds
[2025-02-27T17:58:50.536+0000] {processor.py:157} INFO - Started process (PID=19163) to work on /home/vscode/.local/lib/python3.10/site-packages/airflow/example_dags/example_latest_only.py
[2025-02-27T17:58:50.536+0000] {processor.py:826} INFO - Processing file /home/vscode/.local/lib/python3.10/site-packages/airflow/example_dags/example_latest_only.py for tasks to queue
[2025-02-27T17:58:50.537+0000] {logging_mixin.py:150} INFO - [2025-02-27T17:58:50.537+0000] {dagbag.py:541} INFO - Filling up the DagBag from /home/vscode/.local/lib/python3.10/site-packages/airflow/example_dags/example_latest_only.py
[2025-02-27T17:58:50.542+0000] {processor.py:836} INFO - DAG(s) dict_keys(['latest_only']) retrieved from /home/vscode/.local/lib/python3.10/site-packages/airflow/example_dags/example_latest_only.py
[2025-02-27T17:58:50.552+0000] {logging_mixin.py:150} INFO - [2025-02-27T17:58:50.552+0000] {dag.py:2742} INFO - Sync 1 DAGs
[2025-02-27T17:58:50.566+0000] {logging_mixin.py:150} INFO - [2025-02-27T17:58:50.566+0000] {dag.py:3504} INFO - Setting next_dagrun for latest_only to 2025-02-27T13:58:50.566475+00:00, run_after=2025-02-27T17:58:50.566475+00:00
[2025-02-27T17:58:50.582+0000] {processor.py:179} INFO - Processing /home/vscode/.local/lib/python3.10/site-packages/airflow/example_dags/example_latest_only.py took 0.048 seconds
[2025-02-27T17:59:34.596+0000] {processor.py:157} INFO - Started process (PID=19627) to work on /home/vscode/.local/lib/python3.10/site-packages/airflow/example_dags/example_latest_only.py
[2025-02-27T17:59:34.597+0000] {processor.py:826} INFO - Processing file /home/vscode/.local/lib/python3.10/site-packages/airflow/example_dags/example_latest_only.py for tasks to queue
[2025-02-27T17:59:34.597+0000] {logging_mixin.py:150} INFO - [2025-02-27T17:59:34.597+0000] {dagbag.py:541} INFO - Filling up the DagBag from /home/vscode/.local/lib/python3.10/site-packages/airflow/example_dags/example_latest_only.py
[2025-02-27T17:59:34.602+0000] {processor.py:836} INFO - DAG(s) dict_keys(['latest_only']) retrieved from /home/vscode/.local/lib/python3.10/site-packages/airflow/example_dags/example_latest_only.py
[2025-02-27T17:59:34.613+0000] {logging_mixin.py:150} INFO - [2025-02-27T17:59:34.613+0000] {dag.py:2742} INFO - Sync 1 DAGs
[2025-02-27T17:59:34.627+0000] {logging_mixin.py:150} INFO - [2025-02-27T17:59:34.627+0000] {dag.py:3504} INFO - Setting next_dagrun for latest_only to 2025-02-27T13:59:34.626955+00:00, run_after=2025-02-27T17:59:34.626955+00:00
[2025-02-27T17:59:34.642+0000] {processor.py:179} INFO - Processing /home/vscode/.local/lib/python3.10/site-packages/airflow/example_dags/example_latest_only.py took 0.048 seconds
[2025-02-27T18:00:18.488+0000] {processor.py:157} INFO - Started process (PID=20089) to work on /home/vscode/.local/lib/python3.10/site-packages/airflow/example_dags/example_latest_only.py
[2025-02-27T18:00:18.489+0000] {processor.py:826} INFO - Processing file /home/vscode/.local/lib/python3.10/site-packages/airflow/example_dags/example_latest_only.py for tasks to queue
[2025-02-27T18:00:18.490+0000] {logging_mixin.py:150} INFO - [2025-02-27T18:00:18.489+0000] {dagbag.py:541} INFO - Filling up the DagBag from /home/vscode/.local/lib/python3.10/site-packages/airflow/example_dags/example_latest_only.py
[2025-02-27T18:00:18.494+0000] {processor.py:836} INFO - DAG(s) dict_keys(['latest_only']) retrieved from /home/vscode/.local/lib/python3.10/site-packages/airflow/example_dags/example_latest_only.py
[2025-02-27T18:00:18.507+0000] {logging_mixin.py:150} INFO - [2025-02-27T18:00:18.507+0000] {dag.py:2742} INFO - Sync 1 DAGs
[2025-02-27T18:00:18.521+0000] {logging_mixin.py:150} INFO - [2025-02-27T18:00:18.521+0000] {dag.py:3504} INFO - Setting next_dagrun for latest_only to 2025-02-27T14:00:18.521321+00:00, run_after=2025-02-27T18:00:18.521321+00:00
[2025-02-27T18:00:18.537+0000] {processor.py:179} INFO - Processing /home/vscode/.local/lib/python3.10/site-packages/airflow/example_dags/example_latest_only.py took 0.051 seconds
