[2025-02-27T17:49:33.626+0000] {processor.py:157} INFO - Started process (PID=13481) to work on /home/vscode/.local/lib/python3.10/site-packages/airflow/example_dags/example_xcomargs.py
[2025-02-27T17:49:33.627+0000] {processor.py:826} INFO - Processing file /home/vscode/.local/lib/python3.10/site-packages/airflow/example_dags/example_xcomargs.py for tasks to queue
[2025-02-27T17:49:33.627+0000] {logging_mixin.py:150} INFO - [2025-02-27T17:49:33.627+0000] {dagbag.py:541} INFO - Filling up the DagBag from /home/vscode/.local/lib/python3.10/site-packages/airflow/example_dags/example_xcomargs.py
[2025-02-27T17:49:33.633+0000] {processor.py:836} INFO - DAG(s) dict_keys(['example_xcom_args', 'example_xcom_args_with_operators']) retrieved from /home/vscode/.local/lib/python3.10/site-packages/airflow/example_dags/example_xcomargs.py
[2025-02-27T17:49:33.785+0000] {logging_mixin.py:150} INFO - [2025-02-27T17:49:33.785+0000] {manager.py:504} INFO - Created Permission View: can delete on DAG:example_xcom_args
[2025-02-27T17:49:33.793+0000] {logging_mixin.py:150} INFO - [2025-02-27T17:49:33.793+0000] {manager.py:504} INFO - Created Permission View: can read on DAG:example_xcom_args
[2025-02-27T17:49:33.799+0000] {logging_mixin.py:150} INFO - [2025-02-27T17:49:33.799+0000] {manager.py:504} INFO - Created Permission View: can edit on DAG:example_xcom_args
[2025-02-27T17:49:33.819+0000] {logging_mixin.py:150} INFO - [2025-02-27T17:49:33.819+0000] {manager.py:504} INFO - Created Permission View: can delete on DAG:example_xcom_args_with_operators
[2025-02-27T17:49:33.825+0000] {logging_mixin.py:150} INFO - [2025-02-27T17:49:33.825+0000] {manager.py:504} INFO - Created Permission View: can read on DAG:example_xcom_args_with_operators
[2025-02-27T17:49:33.831+0000] {logging_mixin.py:150} INFO - [2025-02-27T17:49:33.831+0000] {manager.py:504} INFO - Created Permission View: can edit on DAG:example_xcom_args_with_operators
[2025-02-27T17:49:33.834+0000] {logging_mixin.py:150} INFO - [2025-02-27T17:49:33.834+0000] {dag.py:2742} INFO - Sync 2 DAGs
[2025-02-27T17:49:33.841+0000] {logging_mixin.py:150} INFO - [2025-02-27T17:49:33.840+0000] {dag.py:2763} INFO - Creating ORM DAG for example_xcom_args_with_operators
[2025-02-27T17:49:33.841+0000] {logging_mixin.py:150} INFO - [2025-02-27T17:49:33.841+0000] {dag.py:2763} INFO - Creating ORM DAG for example_xcom_args
[2025-02-27T17:49:33.847+0000] {logging_mixin.py:150} INFO - [2025-02-27T17:49:33.846+0000] {dag.py:3504} INFO - Setting next_dagrun for example_xcom_args to None, run_after=None
[2025-02-27T17:49:33.847+0000] {logging_mixin.py:150} INFO - [2025-02-27T17:49:33.847+0000] {dag.py:3504} INFO - Setting next_dagrun for example_xcom_args_with_operators to None, run_after=None
[2025-02-27T17:49:33.862+0000] {processor.py:179} INFO - Processing /home/vscode/.local/lib/python3.10/site-packages/airflow/example_dags/example_xcomargs.py took 0.238 seconds
[2025-02-27T17:50:24.892+0000] {processor.py:157} INFO - Started process (PID=13846) to work on /home/vscode/.local/lib/python3.10/site-packages/airflow/example_dags/example_xcomargs.py
[2025-02-27T17:50:24.893+0000] {processor.py:826} INFO - Processing file /home/vscode/.local/lib/python3.10/site-packages/airflow/example_dags/example_xcomargs.py for tasks to queue
[2025-02-27T17:50:24.893+0000] {logging_mixin.py:150} INFO - [2025-02-27T17:50:24.893+0000] {dagbag.py:541} INFO - Filling up the DagBag from /home/vscode/.local/lib/python3.10/site-packages/airflow/example_dags/example_xcomargs.py
[2025-02-27T17:50:24.899+0000] {processor.py:836} INFO - DAG(s) dict_keys(['example_xcom_args', 'example_xcom_args_with_operators']) retrieved from /home/vscode/.local/lib/python3.10/site-packages/airflow/example_dags/example_xcomargs.py
[2025-02-27T17:50:24.913+0000] {logging_mixin.py:150} INFO - [2025-02-27T17:50:24.912+0000] {dag.py:2742} INFO - Sync 2 DAGs
[2025-02-27T17:50:24.927+0000] {logging_mixin.py:150} INFO - [2025-02-27T17:50:24.926+0000] {dag.py:3504} INFO - Setting next_dagrun for example_xcom_args to None, run_after=None
[2025-02-27T17:50:24.928+0000] {logging_mixin.py:150} INFO - [2025-02-27T17:50:24.928+0000] {dag.py:3504} INFO - Setting next_dagrun for example_xcom_args_with_operators to None, run_after=None
[2025-02-27T17:50:24.943+0000] {processor.py:179} INFO - Processing /home/vscode/.local/lib/python3.10/site-packages/airflow/example_dags/example_xcomargs.py took 0.053 seconds
[2025-02-27T17:52:58.295+0000] {processor.py:157} INFO - Started process (PID=15166) to work on /home/vscode/.local/lib/python3.10/site-packages/airflow/example_dags/example_xcomargs.py
[2025-02-27T17:52:58.296+0000] {processor.py:826} INFO - Processing file /home/vscode/.local/lib/python3.10/site-packages/airflow/example_dags/example_xcomargs.py for tasks to queue
[2025-02-27T17:52:58.296+0000] {logging_mixin.py:150} INFO - [2025-02-27T17:52:58.296+0000] {dagbag.py:541} INFO - Filling up the DagBag from /home/vscode/.local/lib/python3.10/site-packages/airflow/example_dags/example_xcomargs.py
[2025-02-27T17:52:58.302+0000] {processor.py:836} INFO - DAG(s) dict_keys(['example_xcom_args_with_operators', 'example_xcom_args']) retrieved from /home/vscode/.local/lib/python3.10/site-packages/airflow/example_dags/example_xcomargs.py
[2025-02-27T17:52:58.316+0000] {logging_mixin.py:150} INFO - [2025-02-27T17:52:58.316+0000] {dag.py:2742} INFO - Sync 2 DAGs
[2025-02-27T17:52:58.403+0000] {logging_mixin.py:150} INFO - [2025-02-27T17:52:58.402+0000] {dag.py:3504} INFO - Setting next_dagrun for example_xcom_args to None, run_after=None
[2025-02-27T17:52:58.404+0000] {logging_mixin.py:150} INFO - [2025-02-27T17:52:58.404+0000] {dag.py:3504} INFO - Setting next_dagrun for example_xcom_args_with_operators to None, run_after=None
[2025-02-27T17:52:58.417+0000] {processor.py:179} INFO - Processing /home/vscode/.local/lib/python3.10/site-packages/airflow/example_dags/example_xcomargs.py took 0.124 seconds
[2025-02-27T17:57:39.895+0000] {processor.py:157} INFO - Started process (PID=18590) to work on /home/vscode/.local/lib/python3.10/site-packages/airflow/example_dags/example_xcomargs.py
[2025-02-27T17:57:39.896+0000] {processor.py:826} INFO - Processing file /home/vscode/.local/lib/python3.10/site-packages/airflow/example_dags/example_xcomargs.py for tasks to queue
[2025-02-27T17:57:39.897+0000] {logging_mixin.py:150} INFO - [2025-02-27T17:57:39.896+0000] {dagbag.py:541} INFO - Filling up the DagBag from /home/vscode/.local/lib/python3.10/site-packages/airflow/example_dags/example_xcomargs.py
[2025-02-27T17:57:39.902+0000] {processor.py:836} INFO - DAG(s) dict_keys(['example_xcom_args', 'example_xcom_args_with_operators']) retrieved from /home/vscode/.local/lib/python3.10/site-packages/airflow/example_dags/example_xcomargs.py
[2025-02-27T17:57:39.917+0000] {logging_mixin.py:150} INFO - [2025-02-27T17:57:39.917+0000] {dag.py:2742} INFO - Sync 2 DAGs
[2025-02-27T17:57:40.012+0000] {logging_mixin.py:150} INFO - [2025-02-27T17:57:40.011+0000] {dag.py:3504} INFO - Setting next_dagrun for example_xcom_args to None, run_after=None
[2025-02-27T17:57:40.014+0000] {logging_mixin.py:150} INFO - [2025-02-27T17:57:40.014+0000] {dag.py:3504} INFO - Setting next_dagrun for example_xcom_args_with_operators to None, run_after=None
[2025-02-27T17:57:40.035+0000] {processor.py:179} INFO - Processing /home/vscode/.local/lib/python3.10/site-packages/airflow/example_dags/example_xcomargs.py took 0.143 seconds
[2025-02-27T17:58:26.615+0000] {processor.py:157} INFO - Started process (PID=18944) to work on /home/vscode/.local/lib/python3.10/site-packages/airflow/example_dags/example_xcomargs.py
[2025-02-27T17:58:26.616+0000] {processor.py:826} INFO - Processing file /home/vscode/.local/lib/python3.10/site-packages/airflow/example_dags/example_xcomargs.py for tasks to queue
[2025-02-27T17:58:26.617+0000] {logging_mixin.py:150} INFO - [2025-02-27T17:58:26.617+0000] {dagbag.py:541} INFO - Filling up the DagBag from /home/vscode/.local/lib/python3.10/site-packages/airflow/example_dags/example_xcomargs.py
[2025-02-27T17:58:26.625+0000] {processor.py:836} INFO - DAG(s) dict_keys(['example_xcom_args_with_operators', 'example_xcom_args']) retrieved from /home/vscode/.local/lib/python3.10/site-packages/airflow/example_dags/example_xcomargs.py
[2025-02-27T17:58:26.644+0000] {logging_mixin.py:150} INFO - [2025-02-27T17:58:26.644+0000] {dag.py:2742} INFO - Sync 2 DAGs
[2025-02-27T17:58:26.665+0000] {logging_mixin.py:150} INFO - [2025-02-27T17:58:26.664+0000] {dag.py:3504} INFO - Setting next_dagrun for example_xcom_args to None, run_after=None
[2025-02-27T17:58:26.668+0000] {logging_mixin.py:150} INFO - [2025-02-27T17:58:26.668+0000] {dag.py:3504} INFO - Setting next_dagrun for example_xcom_args_with_operators to None, run_after=None
[2025-02-27T17:58:26.687+0000] {processor.py:179} INFO - Processing /home/vscode/.local/lib/python3.10/site-packages/airflow/example_dags/example_xcomargs.py took 0.075 seconds
[2025-02-27T17:59:11.858+0000] {processor.py:157} INFO - Started process (PID=19380) to work on /home/vscode/.local/lib/python3.10/site-packages/airflow/example_dags/example_xcomargs.py
[2025-02-27T17:59:11.858+0000] {processor.py:826} INFO - Processing file /home/vscode/.local/lib/python3.10/site-packages/airflow/example_dags/example_xcomargs.py for tasks to queue
[2025-02-27T17:59:11.859+0000] {logging_mixin.py:150} INFO - [2025-02-27T17:59:11.859+0000] {dagbag.py:541} INFO - Filling up the DagBag from /home/vscode/.local/lib/python3.10/site-packages/airflow/example_dags/example_xcomargs.py
[2025-02-27T17:59:11.865+0000] {processor.py:836} INFO - DAG(s) dict_keys(['example_xcom_args_with_operators', 'example_xcom_args']) retrieved from /home/vscode/.local/lib/python3.10/site-packages/airflow/example_dags/example_xcomargs.py
[2025-02-27T17:59:11.878+0000] {logging_mixin.py:150} INFO - [2025-02-27T17:59:11.878+0000] {dag.py:2742} INFO - Sync 2 DAGs
[2025-02-27T17:59:11.892+0000] {logging_mixin.py:150} INFO - [2025-02-27T17:59:11.892+0000] {dag.py:3504} INFO - Setting next_dagrun for example_xcom_args to None, run_after=None
[2025-02-27T17:59:11.894+0000] {logging_mixin.py:150} INFO - [2025-02-27T17:59:11.894+0000] {dag.py:3504} INFO - Setting next_dagrun for example_xcom_args_with_operators to None, run_after=None
[2025-02-27T17:59:11.908+0000] {processor.py:179} INFO - Processing /home/vscode/.local/lib/python3.10/site-packages/airflow/example_dags/example_xcomargs.py took 0.052 seconds
[2025-02-27T17:59:55.053+0000] {processor.py:157} INFO - Started process (PID=19845) to work on /home/vscode/.local/lib/python3.10/site-packages/airflow/example_dags/example_xcomargs.py
[2025-02-27T17:59:55.054+0000] {processor.py:826} INFO - Processing file /home/vscode/.local/lib/python3.10/site-packages/airflow/example_dags/example_xcomargs.py for tasks to queue
[2025-02-27T17:59:55.054+0000] {logging_mixin.py:150} INFO - [2025-02-27T17:59:55.054+0000] {dagbag.py:541} INFO - Filling up the DagBag from /home/vscode/.local/lib/python3.10/site-packages/airflow/example_dags/example_xcomargs.py
[2025-02-27T17:59:55.060+0000] {processor.py:836} INFO - DAG(s) dict_keys(['example_xcom_args_with_operators', 'example_xcom_args']) retrieved from /home/vscode/.local/lib/python3.10/site-packages/airflow/example_dags/example_xcomargs.py
[2025-02-27T17:59:55.074+0000] {logging_mixin.py:150} INFO - [2025-02-27T17:59:55.073+0000] {dag.py:2742} INFO - Sync 2 DAGs
[2025-02-27T17:59:55.088+0000] {logging_mixin.py:150} INFO - [2025-02-27T17:59:55.087+0000] {dag.py:3504} INFO - Setting next_dagrun for example_xcom_args to None, run_after=None
[2025-02-27T17:59:55.090+0000] {logging_mixin.py:150} INFO - [2025-02-27T17:59:55.089+0000] {dag.py:3504} INFO - Setting next_dagrun for example_xcom_args_with_operators to None, run_after=None
[2025-02-27T17:59:55.103+0000] {processor.py:179} INFO - Processing /home/vscode/.local/lib/python3.10/site-packages/airflow/example_dags/example_xcomargs.py took 0.052 seconds
[2025-02-27T18:00:38.974+0000] {processor.py:157} INFO - Started process (PID=20309) to work on /home/vscode/.local/lib/python3.10/site-packages/airflow/example_dags/example_xcomargs.py
[2025-02-27T18:00:38.975+0000] {processor.py:826} INFO - Processing file /home/vscode/.local/lib/python3.10/site-packages/airflow/example_dags/example_xcomargs.py for tasks to queue
[2025-02-27T18:00:38.976+0000] {logging_mixin.py:150} INFO - [2025-02-27T18:00:38.975+0000] {dagbag.py:541} INFO - Filling up the DagBag from /home/vscode/.local/lib/python3.10/site-packages/airflow/example_dags/example_xcomargs.py
[2025-02-27T18:00:38.982+0000] {processor.py:836} INFO - DAG(s) dict_keys(['example_xcom_args_with_operators', 'example_xcom_args']) retrieved from /home/vscode/.local/lib/python3.10/site-packages/airflow/example_dags/example_xcomargs.py
[2025-02-27T18:00:39.000+0000] {logging_mixin.py:150} INFO - [2025-02-27T18:00:39.000+0000] {dag.py:2742} INFO - Sync 2 DAGs
[2025-02-27T18:00:39.014+0000] {logging_mixin.py:150} INFO - [2025-02-27T18:00:39.014+0000] {dag.py:3504} INFO - Setting next_dagrun for example_xcom_args to None, run_after=None
[2025-02-27T18:00:39.016+0000] {logging_mixin.py:150} INFO - [2025-02-27T18:00:39.016+0000] {dag.py:3504} INFO - Setting next_dagrun for example_xcom_args_with_operators to None, run_after=None
[2025-02-27T18:00:39.029+0000] {processor.py:179} INFO - Processing /home/vscode/.local/lib/python3.10/site-packages/airflow/example_dags/example_xcomargs.py took 0.057 seconds
