[2025-02-27T17:50:05.509+0000] {processor.py:157} INFO - Started process (PID=13685) to work on /home/vscode/.local/lib/python3.10/site-packages/airflow/example_dags/example_python_operator.py
[2025-02-27T17:50:05.509+0000] {processor.py:826} INFO - Processing file /home/vscode/.local/lib/python3.10/site-packages/airflow/example_dags/example_python_operator.py for tasks to queue
[2025-02-27T17:50:05.510+0000] {logging_mixin.py:150} INFO - [2025-02-27T17:50:05.509+0000] {dagbag.py:541} INFO - Filling up the DagBag from /home/vscode/.local/lib/python3.10/site-packages/airflow/example_dags/example_python_operator.py
[2025-02-27T17:50:05.605+0000] {processor.py:836} INFO - DAG(s) dict_keys(['example_python_operator']) retrieved from /home/vscode/.local/lib/python3.10/site-packages/airflow/example_dags/example_python_operator.py
[2025-02-27T17:50:05.675+0000] {logging_mixin.py:150} INFO - [2025-02-27T17:50:05.675+0000] {manager.py:504} INFO - Created Permission View: can delete on DAG:example_python_operator
[2025-02-27T17:50:05.683+0000] {logging_mixin.py:150} INFO - [2025-02-27T17:50:05.683+0000] {manager.py:504} INFO - Created Permission View: can read on DAG:example_python_operator
[2025-02-27T17:50:05.690+0000] {logging_mixin.py:150} INFO - [2025-02-27T17:50:05.689+0000] {manager.py:504} INFO - Created Permission View: can edit on DAG:example_python_operator
[2025-02-27T17:50:05.698+0000] {logging_mixin.py:150} INFO - [2025-02-27T17:50:05.698+0000] {dag.py:2742} INFO - Sync 1 DAGs
[2025-02-27T17:50:05.704+0000] {logging_mixin.py:150} INFO - [2025-02-27T17:50:05.704+0000] {dag.py:2763} INFO - Creating ORM DAG for example_python_operator
[2025-02-27T17:50:05.710+0000] {logging_mixin.py:150} INFO - [2025-02-27T17:50:05.710+0000] {dag.py:3504} INFO - Setting next_dagrun for example_python_operator to None, run_after=None
[2025-02-27T17:50:05.727+0000] {processor.py:179} INFO - Processing /home/vscode/.local/lib/python3.10/site-packages/airflow/example_dags/example_python_operator.py took 0.220 seconds
[2025-02-27T17:50:55.949+0000] {processor.py:157} INFO - Started process (PID=14062) to work on /home/vscode/.local/lib/python3.10/site-packages/airflow/example_dags/example_python_operator.py
[2025-02-27T17:50:55.950+0000] {processor.py:826} INFO - Processing file /home/vscode/.local/lib/python3.10/site-packages/airflow/example_dags/example_python_operator.py for tasks to queue
[2025-02-27T17:50:55.951+0000] {logging_mixin.py:150} INFO - [2025-02-27T17:50:55.950+0000] {dagbag.py:541} INFO - Filling up the DagBag from /home/vscode/.local/lib/python3.10/site-packages/airflow/example_dags/example_python_operator.py
[2025-02-27T17:50:55.958+0000] {processor.py:836} INFO - DAG(s) dict_keys(['example_python_operator']) retrieved from /home/vscode/.local/lib/python3.10/site-packages/airflow/example_dags/example_python_operator.py
[2025-02-27T17:50:55.973+0000] {logging_mixin.py:150} INFO - [2025-02-27T17:50:55.973+0000] {dag.py:2742} INFO - Sync 1 DAGs
[2025-02-27T17:50:55.994+0000] {logging_mixin.py:150} INFO - [2025-02-27T17:50:55.993+0000] {dag.py:3504} INFO - Setting next_dagrun for example_python_operator to None, run_after=None
[2025-02-27T17:50:56.011+0000] {processor.py:179} INFO - Processing /home/vscode/.local/lib/python3.10/site-packages/airflow/example_dags/example_python_operator.py took 0.064 seconds
[2025-02-27T17:53:26.982+0000] {processor.py:157} INFO - Started process (PID=15366) to work on /home/vscode/.local/lib/python3.10/site-packages/airflow/example_dags/example_python_operator.py
[2025-02-27T17:53:26.983+0000] {processor.py:826} INFO - Processing file /home/vscode/.local/lib/python3.10/site-packages/airflow/example_dags/example_python_operator.py for tasks to queue
[2025-02-27T17:53:26.983+0000] {logging_mixin.py:150} INFO - [2025-02-27T17:53:26.983+0000] {dagbag.py:541} INFO - Filling up the DagBag from /home/vscode/.local/lib/python3.10/site-packages/airflow/example_dags/example_python_operator.py
[2025-02-27T17:53:27.076+0000] {processor.py:836} INFO - DAG(s) dict_keys(['example_python_operator']) retrieved from /home/vscode/.local/lib/python3.10/site-packages/airflow/example_dags/example_python_operator.py
[2025-02-27T17:53:27.159+0000] {logging_mixin.py:150} INFO - [2025-02-27T17:53:27.159+0000] {dag.py:2742} INFO - Sync 1 DAGs
[2025-02-27T17:53:27.171+0000] {logging_mixin.py:150} INFO - [2025-02-27T17:53:27.171+0000] {dag.py:3504} INFO - Setting next_dagrun for example_python_operator to None, run_after=None
[2025-02-27T17:53:27.188+0000] {processor.py:179} INFO - Processing /home/vscode/.local/lib/python3.10/site-packages/airflow/example_dags/example_python_operator.py took 0.208 seconds
[2025-02-27T17:58:08.619+0000] {processor.py:157} INFO - Started process (PID=18794) to work on /home/vscode/.local/lib/python3.10/site-packages/airflow/example_dags/example_python_operator.py
[2025-02-27T17:58:08.620+0000] {processor.py:826} INFO - Processing file /home/vscode/.local/lib/python3.10/site-packages/airflow/example_dags/example_python_operator.py for tasks to queue
[2025-02-27T17:58:08.620+0000] {logging_mixin.py:150} INFO - [2025-02-27T17:58:08.620+0000] {dagbag.py:541} INFO - Filling up the DagBag from /home/vscode/.local/lib/python3.10/site-packages/airflow/example_dags/example_python_operator.py
[2025-02-27T17:58:08.706+0000] {processor.py:836} INFO - DAG(s) dict_keys(['example_python_operator']) retrieved from /home/vscode/.local/lib/python3.10/site-packages/airflow/example_dags/example_python_operator.py
[2025-02-27T17:58:08.794+0000] {logging_mixin.py:150} INFO - [2025-02-27T17:58:08.794+0000] {dag.py:2742} INFO - Sync 1 DAGs
[2025-02-27T17:58:08.812+0000] {logging_mixin.py:150} INFO - [2025-02-27T17:58:08.812+0000] {dag.py:3504} INFO - Setting next_dagrun for example_python_operator to None, run_after=None
[2025-02-27T17:58:08.829+0000] {processor.py:179} INFO - Processing /home/vscode/.local/lib/python3.10/site-packages/airflow/example_dags/example_python_operator.py took 0.212 seconds
[2025-02-27T17:58:54.703+0000] {processor.py:157} INFO - Started process (PID=19190) to work on /home/vscode/.local/lib/python3.10/site-packages/airflow/example_dags/example_python_operator.py
[2025-02-27T17:58:54.704+0000] {processor.py:826} INFO - Processing file /home/vscode/.local/lib/python3.10/site-packages/airflow/example_dags/example_python_operator.py for tasks to queue
[2025-02-27T17:58:54.704+0000] {logging_mixin.py:150} INFO - [2025-02-27T17:58:54.704+0000] {dagbag.py:541} INFO - Filling up the DagBag from /home/vscode/.local/lib/python3.10/site-packages/airflow/example_dags/example_python_operator.py
[2025-02-27T17:58:54.712+0000] {processor.py:836} INFO - DAG(s) dict_keys(['example_python_operator']) retrieved from /home/vscode/.local/lib/python3.10/site-packages/airflow/example_dags/example_python_operator.py
[2025-02-27T17:58:54.726+0000] {logging_mixin.py:150} INFO - [2025-02-27T17:58:54.726+0000] {dag.py:2742} INFO - Sync 1 DAGs
[2025-02-27T17:58:54.740+0000] {logging_mixin.py:150} INFO - [2025-02-27T17:58:54.740+0000] {dag.py:3504} INFO - Setting next_dagrun for example_python_operator to None, run_after=None
[2025-02-27T17:58:54.755+0000] {processor.py:179} INFO - Processing /home/vscode/.local/lib/python3.10/site-packages/airflow/example_dags/example_python_operator.py took 0.054 seconds
[2025-02-27T17:59:38.505+0000] {processor.py:157} INFO - Started process (PID=19679) to work on /home/vscode/.local/lib/python3.10/site-packages/airflow/example_dags/example_python_operator.py
[2025-02-27T17:59:38.506+0000] {processor.py:826} INFO - Processing file /home/vscode/.local/lib/python3.10/site-packages/airflow/example_dags/example_python_operator.py for tasks to queue
[2025-02-27T17:59:38.507+0000] {logging_mixin.py:150} INFO - [2025-02-27T17:59:38.507+0000] {dagbag.py:541} INFO - Filling up the DagBag from /home/vscode/.local/lib/python3.10/site-packages/airflow/example_dags/example_python_operator.py
[2025-02-27T17:59:38.515+0000] {processor.py:836} INFO - DAG(s) dict_keys(['example_python_operator']) retrieved from /home/vscode/.local/lib/python3.10/site-packages/airflow/example_dags/example_python_operator.py
[2025-02-27T17:59:38.529+0000] {logging_mixin.py:150} INFO - [2025-02-27T17:59:38.529+0000] {dag.py:2742} INFO - Sync 1 DAGs
[2025-02-27T17:59:38.543+0000] {logging_mixin.py:150} INFO - [2025-02-27T17:59:38.543+0000] {dag.py:3504} INFO - Setting next_dagrun for example_python_operator to None, run_after=None
[2025-02-27T17:59:38.560+0000] {processor.py:179} INFO - Processing /home/vscode/.local/lib/python3.10/site-packages/airflow/example_dags/example_python_operator.py took 0.056 seconds
[2025-02-27T18:00:22.897+0000] {processor.py:157} INFO - Started process (PID=20147) to work on /home/vscode/.local/lib/python3.10/site-packages/airflow/example_dags/example_python_operator.py
[2025-02-27T18:00:22.898+0000] {processor.py:826} INFO - Processing file /home/vscode/.local/lib/python3.10/site-packages/airflow/example_dags/example_python_operator.py for tasks to queue
[2025-02-27T18:00:22.899+0000] {logging_mixin.py:150} INFO - [2025-02-27T18:00:22.899+0000] {dagbag.py:541} INFO - Filling up the DagBag from /home/vscode/.local/lib/python3.10/site-packages/airflow/example_dags/example_python_operator.py
[2025-02-27T18:00:22.909+0000] {processor.py:836} INFO - DAG(s) dict_keys(['example_python_operator']) retrieved from /home/vscode/.local/lib/python3.10/site-packages/airflow/example_dags/example_python_operator.py
[2025-02-27T18:00:22.923+0000] {logging_mixin.py:150} INFO - [2025-02-27T18:00:22.923+0000] {dag.py:2742} INFO - Sync 1 DAGs
[2025-02-27T18:00:22.938+0000] {logging_mixin.py:150} INFO - [2025-02-27T18:00:22.938+0000] {dag.py:3504} INFO - Setting next_dagrun for example_python_operator to None, run_after=None
[2025-02-27T18:00:22.952+0000] {processor.py:179} INFO - Processing /home/vscode/.local/lib/python3.10/site-packages/airflow/example_dags/example_python_operator.py took 0.058 seconds
