[2025-02-27T17:50:14.514+0000] {processor.py:157} INFO - Started process (PID=13743) to work on /home/vscode/.local/lib/python3.10/site-packages/airflow/example_dags/example_branch_day_of_week_operator.py
[2025-02-27T17:50:14.515+0000] {processor.py:826} INFO - Processing file /home/vscode/.local/lib/python3.10/site-packages/airflow/example_dags/example_branch_day_of_week_operator.py for tasks to queue
[2025-02-27T17:50:14.516+0000] {logging_mixin.py:150} INFO - [2025-02-27T17:50:14.515+0000] {dagbag.py:541} INFO - Filling up the DagBag from /home/vscode/.local/lib/python3.10/site-packages/airflow/example_dags/example_branch_day_of_week_operator.py
[2025-02-27T17:50:14.526+0000] {processor.py:836} INFO - DAG(s) dict_keys(['example_weekday_branch_operator']) retrieved from /home/vscode/.local/lib/python3.10/site-packages/airflow/example_dags/example_branch_day_of_week_operator.py
[2025-02-27T17:50:14.603+0000] {logging_mixin.py:150} INFO - [2025-02-27T17:50:14.603+0000] {manager.py:504} INFO - Created Permission View: can delete on DAG:example_weekday_branch_operator
[2025-02-27T17:50:14.611+0000] {logging_mixin.py:150} INFO - [2025-02-27T17:50:14.611+0000] {manager.py:504} INFO - Created Permission View: can read on DAG:example_weekday_branch_operator
[2025-02-27T17:50:14.618+0000] {logging_mixin.py:150} INFO - [2025-02-27T17:50:14.618+0000] {manager.py:504} INFO - Created Permission View: can edit on DAG:example_weekday_branch_operator
[2025-02-27T17:50:14.626+0000] {logging_mixin.py:150} INFO - [2025-02-27T17:50:14.626+0000] {dag.py:2742} INFO - Sync 1 DAGs
[2025-02-27T17:50:14.633+0000] {logging_mixin.py:150} INFO - [2025-02-27T17:50:14.633+0000] {dag.py:2763} INFO - Creating ORM DAG for example_weekday_branch_operator
[2025-02-27T17:50:14.640+0000] {logging_mixin.py:150} INFO - [2025-02-27T17:50:14.640+0000] {dag.py:3504} INFO - Setting next_dagrun for example_weekday_branch_operator to 2025-02-26T00:00:00+00:00, run_after=2025-02-27T00:00:00+00:00
[2025-02-27T17:50:14.658+0000] {processor.py:179} INFO - Processing /home/vscode/.local/lib/python3.10/site-packages/airflow/example_dags/example_branch_day_of_week_operator.py took 0.147 seconds
[2025-02-27T17:58:16.336+0000] {processor.py:157} INFO - Started process (PID=18845) to work on /home/vscode/.local/lib/python3.10/site-packages/airflow/example_dags/example_branch_day_of_week_operator.py
[2025-02-27T17:58:16.337+0000] {processor.py:826} INFO - Processing file /home/vscode/.local/lib/python3.10/site-packages/airflow/example_dags/example_branch_day_of_week_operator.py for tasks to queue
[2025-02-27T17:58:16.337+0000] {logging_mixin.py:150} INFO - [2025-02-27T17:58:16.337+0000] {dagbag.py:541} INFO - Filling up the DagBag from /home/vscode/.local/lib/python3.10/site-packages/airflow/example_dags/example_branch_day_of_week_operator.py
[2025-02-27T17:58:16.343+0000] {processor.py:836} INFO - DAG(s) dict_keys(['example_weekday_branch_operator']) retrieved from /home/vscode/.local/lib/python3.10/site-packages/airflow/example_dags/example_branch_day_of_week_operator.py
[2025-02-27T17:58:16.355+0000] {logging_mixin.py:150} INFO - [2025-02-27T17:58:16.355+0000] {dag.py:2742} INFO - Sync 1 DAGs
[2025-02-27T17:58:16.370+0000] {logging_mixin.py:150} INFO - [2025-02-27T17:58:16.370+0000] {dag.py:3504} INFO - Setting next_dagrun for example_weekday_branch_operator to 2025-02-26T00:00:00+00:00, run_after=2025-02-27T00:00:00+00:00
[2025-02-27T17:58:16.389+0000] {processor.py:179} INFO - Processing /home/vscode/.local/lib/python3.10/site-packages/airflow/example_dags/example_branch_day_of_week_operator.py took 0.055 seconds
[2025-02-27T17:59:01.579+0000] {processor.py:157} INFO - Started process (PID=19261) to work on /home/vscode/.local/lib/python3.10/site-packages/airflow/example_dags/example_branch_day_of_week_operator.py
[2025-02-27T17:59:01.580+0000] {processor.py:826} INFO - Processing file /home/vscode/.local/lib/python3.10/site-packages/airflow/example_dags/example_branch_day_of_week_operator.py for tasks to queue
[2025-02-27T17:59:01.580+0000] {logging_mixin.py:150} INFO - [2025-02-27T17:59:01.580+0000] {dagbag.py:541} INFO - Filling up the DagBag from /home/vscode/.local/lib/python3.10/site-packages/airflow/example_dags/example_branch_day_of_week_operator.py
[2025-02-27T17:59:01.586+0000] {processor.py:836} INFO - DAG(s) dict_keys(['example_weekday_branch_operator']) retrieved from /home/vscode/.local/lib/python3.10/site-packages/airflow/example_dags/example_branch_day_of_week_operator.py
[2025-02-27T17:59:01.599+0000] {logging_mixin.py:150} INFO - [2025-02-27T17:59:01.599+0000] {dag.py:2742} INFO - Sync 1 DAGs
[2025-02-27T17:59:01.614+0000] {logging_mixin.py:150} INFO - [2025-02-27T17:59:01.614+0000] {dag.py:3504} INFO - Setting next_dagrun for example_weekday_branch_operator to 2025-02-26T00:00:00+00:00, run_after=2025-02-27T00:00:00+00:00
[2025-02-27T17:59:01.630+0000] {processor.py:179} INFO - Processing /home/vscode/.local/lib/python3.10/site-packages/airflow/example_dags/example_branch_day_of_week_operator.py took 0.054 seconds
[2025-02-27T17:59:45.877+0000] {processor.py:157} INFO - Started process (PID=19736) to work on /home/vscode/.local/lib/python3.10/site-packages/airflow/example_dags/example_branch_day_of_week_operator.py
[2025-02-27T17:59:45.878+0000] {processor.py:826} INFO - Processing file /home/vscode/.local/lib/python3.10/site-packages/airflow/example_dags/example_branch_day_of_week_operator.py for tasks to queue
[2025-02-27T17:59:45.879+0000] {logging_mixin.py:150} INFO - [2025-02-27T17:59:45.879+0000] {dagbag.py:541} INFO - Filling up the DagBag from /home/vscode/.local/lib/python3.10/site-packages/airflow/example_dags/example_branch_day_of_week_operator.py
[2025-02-27T17:59:45.886+0000] {processor.py:836} INFO - DAG(s) dict_keys(['example_weekday_branch_operator']) retrieved from /home/vscode/.local/lib/python3.10/site-packages/airflow/example_dags/example_branch_day_of_week_operator.py
[2025-02-27T17:59:45.905+0000] {logging_mixin.py:150} INFO - [2025-02-27T17:59:45.905+0000] {dag.py:2742} INFO - Sync 1 DAGs
[2025-02-27T17:59:45.927+0000] {logging_mixin.py:150} INFO - [2025-02-27T17:59:45.927+0000] {dag.py:3504} INFO - Setting next_dagrun for example_weekday_branch_operator to 2025-02-26T00:00:00+00:00, run_after=2025-02-27T00:00:00+00:00
[2025-02-27T17:59:45.958+0000] {processor.py:179} INFO - Processing /home/vscode/.local/lib/python3.10/site-packages/airflow/example_dags/example_branch_day_of_week_operator.py took 0.082 seconds
[2025-02-27T18:00:45.254+0000] {processor.py:157} INFO - Started process (PID=20376) to work on /home/vscode/.local/lib/python3.10/site-packages/airflow/example_dags/example_branch_day_of_week_operator.py
[2025-02-27T18:00:45.255+0000] {processor.py:826} INFO - Processing file /home/vscode/.local/lib/python3.10/site-packages/airflow/example_dags/example_branch_day_of_week_operator.py for tasks to queue
[2025-02-27T18:00:45.256+0000] {logging_mixin.py:150} INFO - [2025-02-27T18:00:45.256+0000] {dagbag.py:541} INFO - Filling up the DagBag from /home/vscode/.local/lib/python3.10/site-packages/airflow/example_dags/example_branch_day_of_week_operator.py
[2025-02-27T18:00:45.262+0000] {processor.py:836} INFO - DAG(s) dict_keys(['example_weekday_branch_operator']) retrieved from /home/vscode/.local/lib/python3.10/site-packages/airflow/example_dags/example_branch_day_of_week_operator.py
[2025-02-27T18:00:45.273+0000] {logging_mixin.py:150} INFO - [2025-02-27T18:00:45.273+0000] {dag.py:2742} INFO - Sync 1 DAGs
[2025-02-27T18:00:45.288+0000] {logging_mixin.py:150} INFO - [2025-02-27T18:00:45.288+0000] {dag.py:3504} INFO - Setting next_dagrun for example_weekday_branch_operator to 2025-02-26T00:00:00+00:00, run_after=2025-02-27T00:00:00+00:00
[2025-02-27T18:00:45.303+0000] {processor.py:179} INFO - Processing /home/vscode/.local/lib/python3.10/site-packages/airflow/example_dags/example_branch_day_of_week_operator.py took 0.051 seconds
