[2025-02-27T17:49:50.618+0000] {processor.py:157} INFO - Started process (PID=13585) to work on /home/vscode/.local/lib/python3.10/site-packages/airflow/example_dags/example_branch_python_dop_operator_3.py
[2025-02-27T17:49:50.619+0000] {processor.py:826} INFO - Processing file /home/vscode/.local/lib/python3.10/site-packages/airflow/example_dags/example_branch_python_dop_operator_3.py for tasks to queue
[2025-02-27T17:49:50.619+0000] {logging_mixin.py:150} INFO - [2025-02-27T17:49:50.619+0000] {dagbag.py:541} INFO - Filling up the DagBag from /home/vscode/.local/lib/python3.10/site-packages/airflow/example_dags/example_branch_python_dop_operator_3.py
[2025-02-27T17:49:50.626+0000] {processor.py:836} INFO - DAG(s) dict_keys(['example_branch_dop_operator_v3']) retrieved from /home/vscode/.local/lib/python3.10/site-packages/airflow/example_dags/example_branch_python_dop_operator_3.py
[2025-02-27T17:49:50.776+0000] {logging_mixin.py:150} INFO - [2025-02-27T17:49:50.775+0000] {manager.py:504} INFO - Created Permission View: can delete on DAG:example_branch_dop_operator_v3
[2025-02-27T17:49:50.783+0000] {logging_mixin.py:150} INFO - [2025-02-27T17:49:50.783+0000] {manager.py:504} INFO - Created Permission View: can read on DAG:example_branch_dop_operator_v3
[2025-02-27T17:49:50.789+0000] {logging_mixin.py:150} INFO - [2025-02-27T17:49:50.789+0000] {manager.py:504} INFO - Created Permission View: can edit on DAG:example_branch_dop_operator_v3
[2025-02-27T17:49:50.797+0000] {logging_mixin.py:150} INFO - [2025-02-27T17:49:50.797+0000] {dag.py:2742} INFO - Sync 1 DAGs
[2025-02-27T17:49:50.804+0000] {logging_mixin.py:150} INFO - [2025-02-27T17:49:50.804+0000] {dag.py:2763} INFO - Creating ORM DAG for example_branch_dop_operator_v3
[2025-02-27T17:49:50.813+0000] {logging_mixin.py:150} INFO - [2025-02-27T17:49:50.813+0000] {dag.py:3504} INFO - Setting next_dagrun for example_branch_dop_operator_v3 to 2025-02-27T17:48:00+00:00, run_after=2025-02-27T17:49:00+00:00
[2025-02-27T17:49:50.830+0000] {processor.py:179} INFO - Processing /home/vscode/.local/lib/python3.10/site-packages/airflow/example_dags/example_branch_python_dop_operator_3.py took 0.214 seconds
[2025-02-27T17:50:38.785+0000] {processor.py:157} INFO - Started process (PID=13942) to work on /home/vscode/.local/lib/python3.10/site-packages/airflow/example_dags/example_branch_python_dop_operator_3.py
[2025-02-27T17:50:38.786+0000] {processor.py:826} INFO - Processing file /home/vscode/.local/lib/python3.10/site-packages/airflow/example_dags/example_branch_python_dop_operator_3.py for tasks to queue
[2025-02-27T17:50:38.786+0000] {logging_mixin.py:150} INFO - [2025-02-27T17:50:38.786+0000] {dagbag.py:541} INFO - Filling up the DagBag from /home/vscode/.local/lib/python3.10/site-packages/airflow/example_dags/example_branch_python_dop_operator_3.py
[2025-02-27T17:50:38.793+0000] {processor.py:836} INFO - DAG(s) dict_keys(['example_branch_dop_operator_v3']) retrieved from /home/vscode/.local/lib/python3.10/site-packages/airflow/example_dags/example_branch_python_dop_operator_3.py
[2025-02-27T17:50:38.805+0000] {logging_mixin.py:150} INFO - [2025-02-27T17:50:38.805+0000] {dag.py:2742} INFO - Sync 1 DAGs
[2025-02-27T17:50:38.822+0000] {logging_mixin.py:150} INFO - [2025-02-27T17:50:38.822+0000] {dag.py:3504} INFO - Setting next_dagrun for example_branch_dop_operator_v3 to 2025-02-27T17:49:00+00:00, run_after=2025-02-27T17:50:00+00:00
[2025-02-27T17:50:38.838+0000] {processor.py:179} INFO - Processing /home/vscode/.local/lib/python3.10/site-packages/airflow/example_dags/example_branch_python_dop_operator_3.py took 0.055 seconds
[2025-02-27T17:53:14.014+0000] {processor.py:157} INFO - Started process (PID=15264) to work on /home/vscode/.local/lib/python3.10/site-packages/airflow/example_dags/example_branch_python_dop_operator_3.py
[2025-02-27T17:53:14.014+0000] {processor.py:826} INFO - Processing file /home/vscode/.local/lib/python3.10/site-packages/airflow/example_dags/example_branch_python_dop_operator_3.py for tasks to queue
[2025-02-27T17:53:14.015+0000] {logging_mixin.py:150} INFO - [2025-02-27T17:53:14.015+0000] {dagbag.py:541} INFO - Filling up the DagBag from /home/vscode/.local/lib/python3.10/site-packages/airflow/example_dags/example_branch_python_dop_operator_3.py
[2025-02-27T17:53:14.021+0000] {processor.py:836} INFO - DAG(s) dict_keys(['example_branch_dop_operator_v3']) retrieved from /home/vscode/.local/lib/python3.10/site-packages/airflow/example_dags/example_branch_python_dop_operator_3.py
[2025-02-27T17:53:14.033+0000] {logging_mixin.py:150} INFO - [2025-02-27T17:53:14.033+0000] {dag.py:2742} INFO - Sync 1 DAGs
[2025-02-27T17:53:14.129+0000] {logging_mixin.py:150} INFO - [2025-02-27T17:53:14.129+0000] {dag.py:3504} INFO - Setting next_dagrun for example_branch_dop_operator_v3 to 2025-02-27T17:52:00+00:00, run_after=2025-02-27T17:53:00+00:00
[2025-02-27T17:53:14.144+0000] {processor.py:179} INFO - Processing /home/vscode/.local/lib/python3.10/site-packages/airflow/example_dags/example_branch_python_dop_operator_3.py took 0.132 seconds
[2025-02-27T17:57:55.642+0000] {processor.py:157} INFO - Started process (PID=18705) to work on /home/vscode/.local/lib/python3.10/site-packages/airflow/example_dags/example_branch_python_dop_operator_3.py
[2025-02-27T17:57:55.643+0000] {processor.py:826} INFO - Processing file /home/vscode/.local/lib/python3.10/site-packages/airflow/example_dags/example_branch_python_dop_operator_3.py for tasks to queue
[2025-02-27T17:57:55.643+0000] {logging_mixin.py:150} INFO - [2025-02-27T17:57:55.643+0000] {dagbag.py:541} INFO - Filling up the DagBag from /home/vscode/.local/lib/python3.10/site-packages/airflow/example_dags/example_branch_python_dop_operator_3.py
[2025-02-27T17:57:55.650+0000] {processor.py:836} INFO - DAG(s) dict_keys(['example_branch_dop_operator_v3']) retrieved from /home/vscode/.local/lib/python3.10/site-packages/airflow/example_dags/example_branch_python_dop_operator_3.py
[2025-02-27T17:57:55.662+0000] {logging_mixin.py:150} INFO - [2025-02-27T17:57:55.662+0000] {dag.py:2742} INFO - Sync 1 DAGs
[2025-02-27T17:57:55.756+0000] {logging_mixin.py:150} INFO - [2025-02-27T17:57:55.756+0000] {dag.py:3504} INFO - Setting next_dagrun for example_branch_dop_operator_v3 to 2025-02-27T17:56:00+00:00, run_after=2025-02-27T17:57:00+00:00
[2025-02-27T17:57:55.771+0000] {processor.py:179} INFO - Processing /home/vscode/.local/lib/python3.10/site-packages/airflow/example_dags/example_branch_python_dop_operator_3.py took 0.131 seconds
[2025-02-27T17:58:40.901+0000] {processor.py:157} INFO - Started process (PID=19059) to work on /home/vscode/.local/lib/python3.10/site-packages/airflow/example_dags/example_branch_python_dop_operator_3.py
[2025-02-27T17:58:40.902+0000] {processor.py:826} INFO - Processing file /home/vscode/.local/lib/python3.10/site-packages/airflow/example_dags/example_branch_python_dop_operator_3.py for tasks to queue
[2025-02-27T17:58:40.903+0000] {logging_mixin.py:150} INFO - [2025-02-27T17:58:40.903+0000] {dagbag.py:541} INFO - Filling up the DagBag from /home/vscode/.local/lib/python3.10/site-packages/airflow/example_dags/example_branch_python_dop_operator_3.py
[2025-02-27T17:58:40.919+0000] {processor.py:836} INFO - DAG(s) dict_keys(['example_branch_dop_operator_v3']) retrieved from /home/vscode/.local/lib/python3.10/site-packages/airflow/example_dags/example_branch_python_dop_operator_3.py
[2025-02-27T17:58:40.938+0000] {logging_mixin.py:150} INFO - [2025-02-27T17:58:40.937+0000] {dag.py:2742} INFO - Sync 1 DAGs
[2025-02-27T17:58:40.976+0000] {logging_mixin.py:150} INFO - [2025-02-27T17:58:40.976+0000] {dag.py:3504} INFO - Setting next_dagrun for example_branch_dop_operator_v3 to 2025-02-27T17:57:00+00:00, run_after=2025-02-27T17:58:00+00:00
[2025-02-27T17:58:41.003+0000] {processor.py:179} INFO - Processing /home/vscode/.local/lib/python3.10/site-packages/airflow/example_dags/example_branch_python_dop_operator_3.py took 0.105 seconds
[2025-02-27T17:59:26.612+0000] {processor.py:157} INFO - Started process (PID=19506) to work on /home/vscode/.local/lib/python3.10/site-packages/airflow/example_dags/example_branch_python_dop_operator_3.py
[2025-02-27T17:59:26.613+0000] {processor.py:826} INFO - Processing file /home/vscode/.local/lib/python3.10/site-packages/airflow/example_dags/example_branch_python_dop_operator_3.py for tasks to queue
[2025-02-27T17:59:26.613+0000] {logging_mixin.py:150} INFO - [2025-02-27T17:59:26.613+0000] {dagbag.py:541} INFO - Filling up the DagBag from /home/vscode/.local/lib/python3.10/site-packages/airflow/example_dags/example_branch_python_dop_operator_3.py
[2025-02-27T17:59:26.619+0000] {processor.py:836} INFO - DAG(s) dict_keys(['example_branch_dop_operator_v3']) retrieved from /home/vscode/.local/lib/python3.10/site-packages/airflow/example_dags/example_branch_python_dop_operator_3.py
[2025-02-27T17:59:26.631+0000] {logging_mixin.py:150} INFO - [2025-02-27T17:59:26.631+0000] {dag.py:2742} INFO - Sync 1 DAGs
[2025-02-27T17:59:26.649+0000] {logging_mixin.py:150} INFO - [2025-02-27T17:59:26.649+0000] {dag.py:3504} INFO - Setting next_dagrun for example_branch_dop_operator_v3 to 2025-02-27T17:58:00+00:00, run_after=2025-02-27T17:59:00+00:00
[2025-02-27T17:59:26.665+0000] {processor.py:179} INFO - Processing /home/vscode/.local/lib/python3.10/site-packages/airflow/example_dags/example_branch_python_dop_operator_3.py took 0.055 seconds
[2025-02-27T18:00:09.348+0000] {processor.py:157} INFO - Started process (PID=19996) to work on /home/vscode/.local/lib/python3.10/site-packages/airflow/example_dags/example_branch_python_dop_operator_3.py
[2025-02-27T18:00:09.349+0000] {processor.py:826} INFO - Processing file /home/vscode/.local/lib/python3.10/site-packages/airflow/example_dags/example_branch_python_dop_operator_3.py for tasks to queue
[2025-02-27T18:00:09.350+0000] {logging_mixin.py:150} INFO - [2025-02-27T18:00:09.349+0000] {dagbag.py:541} INFO - Filling up the DagBag from /home/vscode/.local/lib/python3.10/site-packages/airflow/example_dags/example_branch_python_dop_operator_3.py
[2025-02-27T18:00:09.356+0000] {processor.py:836} INFO - DAG(s) dict_keys(['example_branch_dop_operator_v3']) retrieved from /home/vscode/.local/lib/python3.10/site-packages/airflow/example_dags/example_branch_python_dop_operator_3.py
[2025-02-27T18:00:09.367+0000] {logging_mixin.py:150} INFO - [2025-02-27T18:00:09.367+0000] {dag.py:2742} INFO - Sync 1 DAGs
[2025-02-27T18:00:09.385+0000] {logging_mixin.py:150} INFO - [2025-02-27T18:00:09.384+0000] {dag.py:3504} INFO - Setting next_dagrun for example_branch_dop_operator_v3 to 2025-02-27T17:59:00+00:00, run_after=2025-02-27T18:00:00+00:00
[2025-02-27T18:00:09.400+0000] {processor.py:179} INFO - Processing /home/vscode/.local/lib/python3.10/site-packages/airflow/example_dags/example_branch_python_dop_operator_3.py took 0.053 seconds
