[2025-02-27T17:49:28.607+0000] {processor.py:157} INFO - Started process (PID=13441) to work on /home/vscode/.local/lib/python3.10/site-packages/airflow/example_dags/tutorial_dag.py
[2025-02-27T17:49:28.608+0000] {processor.py:826} INFO - Processing file /home/vscode/.local/lib/python3.10/site-packages/airflow/example_dags/tutorial_dag.py for tasks to queue
[2025-02-27T17:49:28.609+0000] {logging_mixin.py:150} INFO - [2025-02-27T17:49:28.608+0000] {dagbag.py:541} INFO - Filling up the DagBag from /home/vscode/.local/lib/python3.10/site-packages/airflow/example_dags/tutorial_dag.py
[2025-02-27T17:49:28.614+0000] {processor.py:836} INFO - DAG(s) dict_keys(['tutorial_dag']) retrieved from /home/vscode/.local/lib/python3.10/site-packages/airflow/example_dags/tutorial_dag.py
[2025-02-27T17:49:29.073+0000] {logging_mixin.py:150} INFO - [2025-02-27T17:49:29.073+0000] {manager.py:504} INFO - Created Permission View: can delete on DAG:tutorial_dag
[2025-02-27T17:49:29.159+0000] {logging_mixin.py:150} INFO - [2025-02-27T17:49:29.159+0000] {manager.py:504} INFO - Created Permission View: can read on DAG:tutorial_dag
[2025-02-27T17:49:29.209+0000] {logging_mixin.py:150} INFO - [2025-02-27T17:49:29.208+0000] {manager.py:504} INFO - Created Permission View: can edit on DAG:tutorial_dag
[2025-02-27T17:49:29.260+0000] {logging_mixin.py:150} INFO - [2025-02-27T17:49:29.247+0000] {dag.py:2742} INFO - Sync 1 DAGs
[2025-02-27T17:49:29.278+0000] {logging_mixin.py:150} INFO - [2025-02-27T17:49:29.277+0000] {dag.py:2763} INFO - Creating ORM DAG for tutorial_dag
[2025-02-27T17:49:29.348+0000] {logging_mixin.py:150} INFO - [2025-02-27T17:49:29.348+0000] {dag.py:3504} INFO - Setting next_dagrun for tutorial_dag to None, run_after=None
[2025-02-27T17:49:29.417+0000] {processor.py:179} INFO - Processing /home/vscode/.local/lib/python3.10/site-packages/airflow/example_dags/tutorial_dag.py took 0.814 seconds
[2025-02-27T17:50:21.820+0000] {processor.py:157} INFO - Started process (PID=13827) to work on /home/vscode/.local/lib/python3.10/site-packages/airflow/example_dags/tutorial_dag.py
[2025-02-27T17:50:21.821+0000] {processor.py:826} INFO - Processing file /home/vscode/.local/lib/python3.10/site-packages/airflow/example_dags/tutorial_dag.py for tasks to queue
[2025-02-27T17:50:21.821+0000] {logging_mixin.py:150} INFO - [2025-02-27T17:50:21.821+0000] {dagbag.py:541} INFO - Filling up the DagBag from /home/vscode/.local/lib/python3.10/site-packages/airflow/example_dags/tutorial_dag.py
[2025-02-27T17:50:21.825+0000] {processor.py:836} INFO - DAG(s) dict_keys(['tutorial_dag']) retrieved from /home/vscode/.local/lib/python3.10/site-packages/airflow/example_dags/tutorial_dag.py
[2025-02-27T17:50:21.837+0000] {logging_mixin.py:150} INFO - [2025-02-27T17:50:21.837+0000] {dag.py:2742} INFO - Sync 1 DAGs
[2025-02-27T17:50:21.851+0000] {logging_mixin.py:150} INFO - [2025-02-27T17:50:21.851+0000] {dag.py:3504} INFO - Setting next_dagrun for tutorial_dag to None, run_after=None
[2025-02-27T17:50:21.866+0000] {processor.py:179} INFO - Processing /home/vscode/.local/lib/python3.10/site-packages/airflow/example_dags/tutorial_dag.py took 0.048 seconds
[2025-02-27T17:52:54.303+0000] {processor.py:157} INFO - Started process (PID=15140) to work on /home/vscode/.local/lib/python3.10/site-packages/airflow/example_dags/tutorial_dag.py
[2025-02-27T17:52:54.304+0000] {processor.py:826} INFO - Processing file /home/vscode/.local/lib/python3.10/site-packages/airflow/example_dags/tutorial_dag.py for tasks to queue
[2025-02-27T17:52:54.304+0000] {logging_mixin.py:150} INFO - [2025-02-27T17:52:54.304+0000] {dagbag.py:541} INFO - Filling up the DagBag from /home/vscode/.local/lib/python3.10/site-packages/airflow/example_dags/tutorial_dag.py
[2025-02-27T17:52:54.309+0000] {processor.py:836} INFO - DAG(s) dict_keys(['tutorial_dag']) retrieved from /home/vscode/.local/lib/python3.10/site-packages/airflow/example_dags/tutorial_dag.py
[2025-02-27T17:52:54.327+0000] {logging_mixin.py:150} INFO - [2025-02-27T17:52:54.327+0000] {dag.py:2742} INFO - Sync 1 DAGs
[2025-02-27T17:52:54.345+0000] {logging_mixin.py:150} INFO - [2025-02-27T17:52:54.345+0000] {dag.py:3504} INFO - Setting next_dagrun for tutorial_dag to None, run_after=None
[2025-02-27T17:52:54.446+0000] {processor.py:179} INFO - Processing /home/vscode/.local/lib/python3.10/site-packages/airflow/example_dags/tutorial_dag.py took 0.146 seconds
[2025-02-27T17:57:35.961+0000] {processor.py:157} INFO - Started process (PID=18557) to work on /home/vscode/.local/lib/python3.10/site-packages/airflow/example_dags/tutorial_dag.py
[2025-02-27T17:57:35.963+0000] {processor.py:826} INFO - Processing file /home/vscode/.local/lib/python3.10/site-packages/airflow/example_dags/tutorial_dag.py for tasks to queue
[2025-02-27T17:57:35.964+0000] {logging_mixin.py:150} INFO - [2025-02-27T17:57:35.963+0000] {dagbag.py:541} INFO - Filling up the DagBag from /home/vscode/.local/lib/python3.10/site-packages/airflow/example_dags/tutorial_dag.py
[2025-02-27T17:57:35.967+0000] {processor.py:836} INFO - DAG(s) dict_keys(['tutorial_dag']) retrieved from /home/vscode/.local/lib/python3.10/site-packages/airflow/example_dags/tutorial_dag.py
[2025-02-27T17:57:35.985+0000] {logging_mixin.py:150} INFO - [2025-02-27T17:57:35.985+0000] {dag.py:2742} INFO - Sync 1 DAGs
[2025-02-27T17:57:36.000+0000] {logging_mixin.py:150} INFO - [2025-02-27T17:57:36.000+0000] {dag.py:3504} INFO - Setting next_dagrun for tutorial_dag to None, run_after=None
[2025-02-27T17:57:36.127+0000] {processor.py:179} INFO - Processing /home/vscode/.local/lib/python3.10/site-packages/airflow/example_dags/tutorial_dag.py took 0.169 seconds
[2025-02-27T17:58:22.610+0000] {processor.py:157} INFO - Started process (PID=18912) to work on /home/vscode/.local/lib/python3.10/site-packages/airflow/example_dags/tutorial_dag.py
[2025-02-27T17:58:22.611+0000] {processor.py:826} INFO - Processing file /home/vscode/.local/lib/python3.10/site-packages/airflow/example_dags/tutorial_dag.py for tasks to queue
[2025-02-27T17:58:22.612+0000] {logging_mixin.py:150} INFO - [2025-02-27T17:58:22.611+0000] {dagbag.py:541} INFO - Filling up the DagBag from /home/vscode/.local/lib/python3.10/site-packages/airflow/example_dags/tutorial_dag.py
[2025-02-27T17:58:22.616+0000] {processor.py:836} INFO - DAG(s) dict_keys(['tutorial_dag']) retrieved from /home/vscode/.local/lib/python3.10/site-packages/airflow/example_dags/tutorial_dag.py
[2025-02-27T17:58:22.628+0000] {logging_mixin.py:150} INFO - [2025-02-27T17:58:22.628+0000] {dag.py:2742} INFO - Sync 1 DAGs
[2025-02-27T17:58:22.641+0000] {logging_mixin.py:150} INFO - [2025-02-27T17:58:22.641+0000] {dag.py:3504} INFO - Setting next_dagrun for tutorial_dag to None, run_after=None
[2025-02-27T17:58:22.661+0000] {processor.py:179} INFO - Processing /home/vscode/.local/lib/python3.10/site-packages/airflow/example_dags/tutorial_dag.py took 0.053 seconds
[2025-02-27T17:59:07.858+0000] {processor.py:157} INFO - Started process (PID=19321) to work on /home/vscode/.local/lib/python3.10/site-packages/airflow/example_dags/tutorial_dag.py
[2025-02-27T17:59:07.859+0000] {processor.py:826} INFO - Processing file /home/vscode/.local/lib/python3.10/site-packages/airflow/example_dags/tutorial_dag.py for tasks to queue
[2025-02-27T17:59:07.859+0000] {logging_mixin.py:150} INFO - [2025-02-27T17:59:07.859+0000] {dagbag.py:541} INFO - Filling up the DagBag from /home/vscode/.local/lib/python3.10/site-packages/airflow/example_dags/tutorial_dag.py
[2025-02-27T17:59:07.863+0000] {processor.py:836} INFO - DAG(s) dict_keys(['tutorial_dag']) retrieved from /home/vscode/.local/lib/python3.10/site-packages/airflow/example_dags/tutorial_dag.py
[2025-02-27T17:59:07.875+0000] {logging_mixin.py:150} INFO - [2025-02-27T17:59:07.875+0000] {dag.py:2742} INFO - Sync 1 DAGs
[2025-02-27T17:59:07.888+0000] {logging_mixin.py:150} INFO - [2025-02-27T17:59:07.888+0000] {dag.py:3504} INFO - Setting next_dagrun for tutorial_dag to None, run_after=None
[2025-02-27T17:59:07.903+0000] {processor.py:179} INFO - Processing /home/vscode/.local/lib/python3.10/site-packages/airflow/example_dags/tutorial_dag.py took 0.047 seconds
[2025-02-27T17:59:51.344+0000] {processor.py:157} INFO - Started process (PID=19802) to work on /home/vscode/.local/lib/python3.10/site-packages/airflow/example_dags/tutorial_dag.py
[2025-02-27T17:59:51.345+0000] {processor.py:826} INFO - Processing file /home/vscode/.local/lib/python3.10/site-packages/airflow/example_dags/tutorial_dag.py for tasks to queue
[2025-02-27T17:59:51.345+0000] {logging_mixin.py:150} INFO - [2025-02-27T17:59:51.345+0000] {dagbag.py:541} INFO - Filling up the DagBag from /home/vscode/.local/lib/python3.10/site-packages/airflow/example_dags/tutorial_dag.py
[2025-02-27T17:59:51.349+0000] {processor.py:836} INFO - DAG(s) dict_keys(['tutorial_dag']) retrieved from /home/vscode/.local/lib/python3.10/site-packages/airflow/example_dags/tutorial_dag.py
[2025-02-27T17:59:51.361+0000] {logging_mixin.py:150} INFO - [2025-02-27T17:59:51.361+0000] {dag.py:2742} INFO - Sync 1 DAGs
[2025-02-27T17:59:51.375+0000] {logging_mixin.py:150} INFO - [2025-02-27T17:59:51.375+0000] {dag.py:3504} INFO - Setting next_dagrun for tutorial_dag to None, run_after=None
[2025-02-27T17:59:51.390+0000] {processor.py:179} INFO - Processing /home/vscode/.local/lib/python3.10/site-packages/airflow/example_dags/tutorial_dag.py took 0.048 seconds
[2025-02-27T18:00:34.975+0000] {processor.py:157} INFO - Started process (PID=20272) to work on /home/vscode/.local/lib/python3.10/site-packages/airflow/example_dags/tutorial_dag.py
[2025-02-27T18:00:34.976+0000] {processor.py:826} INFO - Processing file /home/vscode/.local/lib/python3.10/site-packages/airflow/example_dags/tutorial_dag.py for tasks to queue
[2025-02-27T18:00:34.976+0000] {logging_mixin.py:150} INFO - [2025-02-27T18:00:34.976+0000] {dagbag.py:541} INFO - Filling up the DagBag from /home/vscode/.local/lib/python3.10/site-packages/airflow/example_dags/tutorial_dag.py
[2025-02-27T18:00:34.980+0000] {processor.py:836} INFO - DAG(s) dict_keys(['tutorial_dag']) retrieved from /home/vscode/.local/lib/python3.10/site-packages/airflow/example_dags/tutorial_dag.py
[2025-02-27T18:00:34.992+0000] {logging_mixin.py:150} INFO - [2025-02-27T18:00:34.992+0000] {dag.py:2742} INFO - Sync 1 DAGs
[2025-02-27T18:00:35.006+0000] {logging_mixin.py:150} INFO - [2025-02-27T18:00:35.005+0000] {dag.py:3504} INFO - Setting next_dagrun for tutorial_dag to None, run_after=None
[2025-02-27T18:00:35.020+0000] {processor.py:179} INFO - Processing /home/vscode/.local/lib/python3.10/site-packages/airflow/example_dags/tutorial_dag.py took 0.047 seconds
